Component: Arm Compiler for Embedded 6.21 Tool: armlink [5ec1fa00]

==============================================================================

Section Cross References

    startup_stm32f10x_md.o(RESET) refers to startup_stm32f10x_md.o(STACK) for __initial_sp
    startup_stm32f10x_md.o(RESET) refers to startup_stm32f10x_md.o(.text) for Reset_Handler
    startup_stm32f10x_md.o(RESET) refers to stm32f10x_it.o(.text.NMI_Handler) for NMI_Handler
    startup_stm32f10x_md.o(RESET) refers to stm32f10x_it.o(.text.HardFault_Handler) for HardFault_Handler
    startup_stm32f10x_md.o(RESET) refers to stm32f10x_it.o(.text.MemManage_Handler) for MemManage_Handler
    startup_stm32f10x_md.o(RESET) refers to stm32f10x_it.o(.text.BusFault_Handler) for BusFault_Handler
    startup_stm32f10x_md.o(RESET) refers to stm32f10x_it.o(.text.UsageFault_Handler) for UsageFault_Handler
    startup_stm32f10x_md.o(RESET) refers to stm32f10x_it.o(.text.SVC_Handler) for SVC_Handler
    startup_stm32f10x_md.o(RESET) refers to stm32f10x_it.o(.text.DebugMon_Handler) for DebugMon_Handler
    startup_stm32f10x_md.o(RESET) refers to stm32f10x_it.o(.text.PendSV_Handler) for PendSV_Handler
    startup_stm32f10x_md.o(RESET) refers to stm32f10x_it.o(.text.SysTick_Handler) for SysTick_Handler
    startup_stm32f10x_md.o(.text) refers to system_stm32f10x.o(.text.SystemInit) for SystemInit
    startup_stm32f10x_md.o(.text) refers to entry.o(.ARM.Collect$$$$00000000) for __main
    system_stm32f10x.o(.ARM.exidx.text.SystemInit) refers to system_stm32f10x.o(.text.SystemInit) for [Anonymous Symbol]
    system_stm32f10x.o(.text.SystemCoreClockUpdate) refers to system_stm32f10x.o(.data.SystemCoreClock) for SystemCoreClock
    system_stm32f10x.o(.text.SystemCoreClockUpdate) refers to system_stm32f10x.o(.rodata.AHBPrescTable) for AHBPrescTable
    system_stm32f10x.o(.ARM.exidx.text.SystemCoreClockUpdate) refers to system_stm32f10x.o(.text.SystemCoreClockUpdate) for [Anonymous Symbol]
    misc.o(.ARM.exidx.text.NVIC_PriorityGroupConfig) refers to misc.o(.text.NVIC_PriorityGroupConfig) for [Anonymous Symbol]
    misc.o(.ARM.exidx.text.NVIC_Init) refers to misc.o(.text.NVIC_Init) for [Anonymous Symbol]
    misc.o(.ARM.exidx.text.NVIC_SetVectorTable) refers to misc.o(.text.NVIC_SetVectorTable) for [Anonymous Symbol]
    misc.o(.ARM.exidx.text.NVIC_SystemLPConfig) refers to misc.o(.text.NVIC_SystemLPConfig) for [Anonymous Symbol]
    misc.o(.ARM.exidx.text.SysTick_CLKSourceConfig) refers to misc.o(.text.SysTick_CLKSourceConfig) for [Anonymous Symbol]
    stm32f10x_adc.o(.text.ADC_DeInit) refers to stm32f10x_rcc.o(.text.RCC_APB2PeriphResetCmd) for RCC_APB2PeriphResetCmd
    stm32f10x_adc.o(.ARM.exidx.text.ADC_DeInit) refers to stm32f10x_adc.o(.text.ADC_DeInit) for [Anonymous Symbol]
    stm32f10x_adc.o(.ARM.exidx.text.ADC_Init) refers to stm32f10x_adc.o(.text.ADC_Init) for [Anonymous Symbol]
    stm32f10x_adc.o(.ARM.exidx.text.ADC_StructInit) refers to stm32f10x_adc.o(.text.ADC_StructInit) for [Anonymous Symbol]
    stm32f10x_adc.o(.ARM.exidx.text.ADC_Cmd) refers to stm32f10x_adc.o(.text.ADC_Cmd) for [Anonymous Symbol]
    stm32f10x_adc.o(.ARM.exidx.text.ADC_DMACmd) refers to stm32f10x_adc.o(.text.ADC_DMACmd) for [Anonymous Symbol]
    stm32f10x_adc.o(.ARM.exidx.text.ADC_ITConfig) refers to stm32f10x_adc.o(.text.ADC_ITConfig) for [Anonymous Symbol]
    stm32f10x_adc.o(.ARM.exidx.text.ADC_ResetCalibration) refers to stm32f10x_adc.o(.text.ADC_ResetCalibration) for [Anonymous Symbol]
    stm32f10x_adc.o(.ARM.exidx.text.ADC_GetResetCalibrationStatus) refers to stm32f10x_adc.o(.text.ADC_GetResetCalibrationStatus) for [Anonymous Symbol]
    stm32f10x_adc.o(.ARM.exidx.text.ADC_StartCalibration) refers to stm32f10x_adc.o(.text.ADC_StartCalibration) for [Anonymous Symbol]
    stm32f10x_adc.o(.ARM.exidx.text.ADC_GetCalibrationStatus) refers to stm32f10x_adc.o(.text.ADC_GetCalibrationStatus) for [Anonymous Symbol]
    stm32f10x_adc.o(.ARM.exidx.text.ADC_SoftwareStartConvCmd) refers to stm32f10x_adc.o(.text.ADC_SoftwareStartConvCmd) for [Anonymous Symbol]
    stm32f10x_adc.o(.ARM.exidx.text.ADC_GetSoftwareStartConvStatus) refers to stm32f10x_adc.o(.text.ADC_GetSoftwareStartConvStatus) for [Anonymous Symbol]
    stm32f10x_adc.o(.ARM.exidx.text.ADC_DiscModeChannelCountConfig) refers to stm32f10x_adc.o(.text.ADC_DiscModeChannelCountConfig) for [Anonymous Symbol]
    stm32f10x_adc.o(.ARM.exidx.text.ADC_DiscModeCmd) refers to stm32f10x_adc.o(.text.ADC_DiscModeCmd) for [Anonymous Symbol]
    stm32f10x_adc.o(.ARM.exidx.text.ADC_RegularChannelConfig) refers to stm32f10x_adc.o(.text.ADC_RegularChannelConfig) for [Anonymous Symbol]
    stm32f10x_adc.o(.ARM.exidx.text.ADC_ExternalTrigConvCmd) refers to stm32f10x_adc.o(.text.ADC_ExternalTrigConvCmd) for [Anonymous Symbol]
    stm32f10x_adc.o(.ARM.exidx.text.ADC_GetConversionValue) refers to stm32f10x_adc.o(.text.ADC_GetConversionValue) for [Anonymous Symbol]
[...]
    entry.o(.ARM.Collect$$$$00000000) refers (Special) to entry5.o(.ARM.Collect$$$$00000004) for _main_scatterload
    entry.o(.ARM.Collect$$$$00000000) refers (Special) to entry2.o(.ARM.Collect$$$$00000001) for _main_stk
    entry2.o(.ARM.Collect$$$$00000001) refers to entry2.o(.ARM.Collect$$$$00002712) for __lit__00000000
    entry2.o(.ARM.Collect$$$$00002712) refers to startup_stm32f10x_md.o(STACK) for __initial_sp
    entry2.o(__vectab_stack_and_reset_area) refers to startup_stm32f10x_md.o(STACK) for __initial_sp
    entry2.o(__vectab_stack_and_reset_area) refers to entry.o(.ARM.Collect$$$$00000000) for __main
    entry5.o(.ARM.Collect$$$$00000004) refers to init.o(.text) for __scatterload
    entry9a.o(.ARM.Collect$$$$0000000B) refers to main.o(.text.main) for main
    entry9b.o(.ARM.Collect$$$$0000000C) refers to main.o(.text.main) for main
    init.o(.text) refers to entry5.o(.ARM.Collect$$$$00000004) for __main_after_scatterload


==============================================================================

Removing Unused input sections from the image.

    Removing startup_stm32f10x_md.o(HEAP), (512 bytes).
    Removing system_stm32f10x.o(.text), (0 bytes).
    Removing system_stm32f10x.o(.ARM.exidx.text.SystemInit), (8 bytes).
    Removing system_stm32f10x.o(.text.SystemCoreClockUpdate), (94 bytes).
    Removing system_stm32f10x.o(.ARM.exidx.text.SystemCoreClockUpdate), (8 bytes).
    Removing system_stm32f10x.o(.data.SystemCoreClock), (4 bytes).
    Removing system_stm32f10x.o(.rodata.AHBPrescTable), (16 bytes).
    Removing misc.o(.text), (0 bytes).
    Removing misc.o(.text.NVIC_PriorityGroupConfig), (20 bytes).
    Removing misc.o(.ARM.exidx.text.NVIC_PriorityGroupConfig), (8 bytes).
    Removing misc.o(.text.NVIC_Init), (94 bytes).
    Removing misc.o(.ARM.exidx.text.NVIC_Init), (8 bytes).
    Removing misc.o(.text.NVIC_SetVectorTable), (24 bytes).
    Removing misc.o(.ARM.exidx.text.NVIC_SetVectorTable), (8 bytes).
    Removing misc.o(.text.NVIC_SystemLPConfig), (24 bytes).
    Removing misc.o(.ARM.exidx.text.NVIC_SystemLPConfig), (8 bytes).
    Removing misc.o(.text.SysTick_CLKSourceConfig), (24 bytes).
    Removing misc.o(.ARM.exidx.text.SysTick_CLKSourceConfig), (8 bytes).
    Removing stm32f10x_adc.o(.text), (0 bytes).
    Removing stm32f10x_adc.o(.text.ADC_DeInit), (76 bytes).
    Removing stm32f10x_adc.o(.ARM.exidx.text.ADC_DeInit), (8 bytes).
    Removing stm32f10x_adc.o(.text.ADC_Init), (82 bytes).
    Removing stm32f10x_adc.o(.ARM.exidx.text.ADC_Init), (8 bytes).
    Removing stm32f10x_adc.o(.text.ADC_StructInit), (16 bytes).
    Removing stm32f10x_adc.o(.ARM.exidx.text.ADC_StructInit), (8 bytes).
    Removing stm32f10x_adc.o(.text.ADC_Cmd), (16 bytes).
    Removing stm32f10x_adc.o(.ARM.exidx.text.ADC_Cmd), (8 bytes).
    Removing stm32f10x_adc.o(.text.ADC_DMACmd), (18 bytes).
    Removing stm32f10x_adc.o(.ARM.exidx.text.ADC_DMACmd), (8 bytes).
    Removing stm32f10x_adc.o(.text.ADC_ITConfig), (18 bytes).
    Removing stm32f10x_adc.o(.ARM.exidx.text.ADC_ITConfig), (8 bytes).
    Removing stm32f10x_adc.o(.text.ADC_ResetCalibration), (10 bytes).
    Removing stm32f10x_adc.o(.ARM.exidx.text.ADC_ResetCalibration), (8 bytes).
    Removing stm32f10x_adc.o(.text.ADC_GetResetCalibrationStatus), (8 bytes).
    Removing stm32f10x_adc.o(.ARM.exidx.text.ADC_GetResetCalibrationStatus), (8 bytes).
    Removing stm32f10x_adc.o(.text.ADC_StartCalibration), (10 bytes).
    Removing stm32f10x_adc.o(.ARM.exidx.text.ADC_StartCalibration), (8 bytes).
    Removing stm32f10x_adc.o(.text.ADC_GetCalibrationStatus), (8 bytes).
    Removing stm32f10x_adc.o(.ARM.exidx.text.ADC_GetCalibrationStatus), (8 bytes).
    Removing stm32f10x_adc.o(.text.ADC_SoftwareStartConvCmd), (18 bytes).
    Removing stm32f10x_adc.o(.ARM.exidx.text.ADC_SoftwareStartConvCmd), (8 bytes).
    Removing stm32f10x_adc.o(.text.ADC_GetSoftwareStartConvStatus), (8 bytes).
    Removing stm32f10x_adc.o(.ARM.exidx.text.ADC_GetSoftwareStartConvStatus), (8 bytes).
    Removing stm32f10x_adc.o(.text.ADC_DiscModeChannelCountConfig), (24 bytes).
    Removing stm32f10x_adc.o(.ARM.exidx.text.ADC_DiscModeChannelCountConfig), (8 bytes).
    Removing stm32f10x_adc.o(.text.ADC_DiscModeCmd), (18 bytes).
    Removing stm32f10x_adc.o(.ARM.exidx.text.ADC_DiscModeCmd), (8 bytes).
    Removing stm32f10x_adc.o(.text.ADC_RegularChannelConfig), (96 bytes).
    Removing stm32f10x_adc.o(.ARM.exidx.text.ADC_RegularChannelConfig), (8 bytes).
    Removing stm32f10x_adc.o(.text.ADC_ExternalTrigConvCmd), (18 bytes).
    Removing stm32f10x_adc.o(.ARM.exidx.text.ADC_ExternalTrigConvCmd), (8 bytes).
    Removing stm32f10x_adc.o(.text.ADC_GetConversionValue), (6 bytes).
    Removing stm32f10x_adc.o(.ARM.exidx.text.ADC_GetConversionValue), (8 bytes).
    Removing stm32f10x_adc.o(.text.ADC_GetDualModeConversionValue), (12 bytes).
    Removing stm32f10x_adc.o(.ARM.exidx.text.ADC_GetDualModeConversionValue), (8 bytes).
    Removing stm32f10x_adc.o(.text.ADC_AutoInjectedConvCmd), (18 bytes).
    Removing stm32f10x_adc.o(.ARM.exidx.text.ADC_AutoInjectedConvCmd), (8 bytes).
    Removing stm32f10x_adc.o(.text.ADC_InjectedDiscModeCmd), (18 bytes).
    Removing stm32f10x_adc.o(.ARM.exidx.text.ADC_InjectedDiscModeCmd), (8 bytes).
    Removing stm32f10x_adc.o(.text.ADC_ExternalTrigInjectedConvConfig), (12 bytes).
    Removing stm32f10x_adc.o(.ARM.exidx.text.ADC_ExternalTrigInjectedConvConfig), (8 bytes).
    Removing stm32f10x_adc.o(.text.ADC_ExternalTrigInjectedConvCmd), (18 bytes).
    Removing stm32f10x_adc.o(.ARM.exidx.text.ADC_ExternalTrigInjectedConvCmd), (8 bytes).
    Removing stm32f10x_adc.o(.text.ADC_SoftwareStartInjectedConvCmd), (18 bytes).
    Removing stm32f10x_adc.o(.ARM.exidx.text.ADC_SoftwareStartInjectedConvCmd), (8 bytes).
    Removing stm32f10x_adc.o(.text.ADC_GetSoftwareStartInjectedConvCmdStatus), (8 bytes).
    Removing stm32f10x_adc.o(.ARM.exidx.text.ADC_GetSoftwareStartInjectedConvCmdStatus), (8 bytes).
    Removing stm32f10x_adc.o(.text.ADC_InjectedChannelConfig), (78 bytes).
    Removing stm32f10x_adc.o(.ARM.exidx.text.ADC_InjectedChannelConfig), (8 bytes).
    Removing stm32f10x_adc.o(.text.ADC_InjectedSequencerLengthConfig), (22 bytes).
    Removing stm32f10x_adc.o(.ARM.exidx.text.ADC_InjectedSequencerLengthConfig), (8 bytes).
    Removing stm32f10x_adc.o(.text.ADC_SetInjectedOffset), (22 bytes).
    Removing stm32f10x_adc.o(.ARM.exidx.text.ADC_SetInjectedOffset), (8 bytes).
    Removing stm32f10x_adc.o(.text.ADC_GetInjectedConversionValue), (26 bytes).
    Removing stm32f10x_adc.o(.ARM.exidx.text.ADC_GetInjectedConversionValue), (8 bytes).
    Removing stm32f10x_adc.o(.text.ADC_AnalogWatchdogCmd), (18 bytes).
    Removing stm32f10x_adc.o(.ARM.exidx.text.ADC_AnalogWatchdogCmd), (8 bytes).
    Removing stm32f10x_adc.o(.text.ADC_AnalogWatchdogThresholdsConfig), (6 bytes).
    Removing stm32f10x_adc.o(.ARM.exidx.text.ADC_AnalogWatchdogThresholdsConfig), (8 bytes).
    Removing stm32f10x_adc.o(.text.ADC_AnalogWatchdogSingleChannelConfig), (12 bytes).
    Removing stm32f10x_adc.o(.ARM.exidx.text.ADC_AnalogWatchdogSingleChannelConfig), (8 bytes).
    Removing stm32f10x_adc.o(.text.ADC_TempSensorVrefintCmd), (26 bytes).
    Removing stm32f10x_adc.o(.ARM.exidx.text.ADC_TempSensorVrefintCmd), (8 bytes).
    Removing stm32f10x_adc.o(.text.ADC_GetFlagStatus), (10 bytes).
    Removing stm32f10x_adc.o(.ARM.exidx.text.ADC_GetFlagStatus), (8 bytes).
    Removing stm32f10x_adc.o(.text.ADC_ClearFlag), (6 bytes).
    Removing stm32f10x_adc.o(.ARM.exidx.text.ADC_ClearFlag), (8 bytes).
    Removing stm32f10x_adc.o(.text.ADC_GetITStatus), (26 bytes).
    Removing stm32f10x_adc.o(.ARM.exidx.text.ADC_GetITStatus), (8 bytes).
    Removing stm32f10x_adc.o(.text.ADC_ClearITPendingBit), (8 bytes).
    Removing stm32f10x_adc.o(.ARM.exidx.text.ADC_ClearITPendingBit), (8 bytes).
    Removing stm32f10x_bkp.o(.text), (0 bytes).
    Removing stm32f10x_bkp.o(.text.BKP_DeInit), (18 bytes).
    Removing stm32f10x_bkp.o(.ARM.exidx.text.BKP_DeInit), (8 bytes).
    Removing stm32f10x_bkp.o(.text.BKP_TamperPinLevelConfig), (12 bytes).
    Removing stm32f10x_bkp.o(.ARM.exidx.text.BKP_TamperPinLevelConfig), (8 bytes).
    Removing stm32f10x_bkp.o(.text.BKP_TamperPinCmd), (12 bytes).
    Removing stm32f10x_bkp.o(.ARM.exidx.text.BKP_TamperPinCmd), (8 bytes).
    Removing stm32f10x_bkp.o(.text.BKP_ITConfig), (12 bytes).
    Removing stm32f10x_bkp.o(.ARM.exidx.text.BKP_ITConfig), (8 bytes).
    Removing stm32f10x_bkp.o(.text.BKP_RTCOutputConfig), (20 bytes).
    Removing stm32f10x_bkp.o(.ARM.exidx.text.BKP_RTCOutputConfig), (8 bytes).
    Removing stm32f10x_bkp.o(.text.BKP_SetRTCCalibrationValue), (20 bytes).
    Removing stm32f10x_bkp.o(.ARM.exidx.text.BKP_SetRTCCalibrationValue), (8 bytes).
    Removing stm32f10x_bkp.o(.text.BKP_WriteBackupRegister), (30 bytes).
    Removing stm32f10x_bkp.o(.ARM.exidx.text.BKP_WriteBackupRegister), (8 bytes).
    Removing stm32f10x_bkp.o(.text.BKP_ReadBackupRegister), (30 bytes).
    Removing stm32f10x_bkp.o(.ARM.exidx.text.BKP_ReadBackupRegister), (8 bytes).
    Removing stm32f10x_bkp.o(.text.BKP_GetFlagStatus), (14 bytes).
    Removing stm32f10x_bkp.o(.ARM.exidx.text.BKP_GetFlagStatus), (8 bytes).
    Removing stm32f10x_bkp.o(.text.BKP_ClearFlag), (18 bytes).
    Removing stm32f10x_bkp.o(.ARM.exidx.text.BKP_ClearFlag), (8 bytes).
    Removing stm32f10x_bkp.o(.text.BKP_GetITStatus), (14 bytes).
    Removing stm32f10x_bkp.o(.ARM.exidx.text.BKP_GetITStatus), (8 bytes).
    Removing stm32f10x_bkp.o(.text.BKP_ClearITPendingBit), (18 bytes).
    Removing stm32f10x_bkp.o(.ARM.exidx.text.BKP_ClearITPendingBit), (8 bytes).
    Removing stm32f10x_can.o(.text), (0 bytes).
    Removing stm32f10x_can.o(.text.CAN_DeInit), (42 bytes).
    Removing stm32f10x_can.o(.ARM.exidx.text.CAN_DeInit), (8 bytes).
    Removing stm32f10x_can.o(.text.CAN_Init), (228 bytes).
    Removing stm32f10x_can.o(.ARM.exidx.text.CAN_Init), (8 bytes).
    Removing stm32f10x_can.o(.text.CAN_FilterInit), (172 bytes).
    Removing stm32f10x_can.o(.ARM.exidx.text.CAN_FilterInit), (8 bytes).
    Removing stm32f10x_can.o(.text.CAN_StructInit), (20 bytes).
    Removing stm32f10x_can.o(.ARM.exidx.text.CAN_StructInit), (8 bytes).
    Removing stm32f10x_can.o(.text.CAN_SlaveStartBank), (44 bytes).
    Removing stm32f10x_can.o(.ARM.exidx.text.CAN_SlaveStartBank), (8 bytes).
    Removing stm32f10x_can.o(.text.CAN_DBGFreeze), (18 bytes).
    Removing stm32f10x_can.o(.ARM.exidx.text.CAN_DBGFreeze), (8 bytes).
    Removing stm32f10x_can.o(.text.CAN_TTComModeCmd), (92 bytes).
    Removing stm32f10x_can.o(.ARM.exidx.text.CAN_TTComModeCmd), (8 bytes).
    Removing stm32f10x_can.o(.text.CAN_Transmit), (178 bytes).
    Removing stm32f10x_can.o(.ARM.exidx.text.CAN_Transmit), (8 bytes).
    Removing stm32f10x_can.o(.text.CAN_TransmitStatus), (132 bytes).
    Removing stm32f10x_can.o(.ARM.exidx.text.CAN_TransmitStatus), (8 bytes).
    Removing stm32f10x_can.o(.text.CAN_CancelTransmit), (36 bytes).
    Removing stm32f10x_can.o(.ARM.exidx.text.CAN_CancelTransmit), (8 bytes).
    Removing stm32f10x_can.o(.text.CAN_Receive), (160 bytes).
    Removing stm32f10x_can.o(.ARM.exidx.text.CAN_Receive), (8 bytes).
    Removing stm32f10x_can.o(.text.CAN_FIFORelease), (18 bytes).
    Removing stm32f10x_can.o(.ARM.exidx.text.CAN_FIFORelease), (8 bytes).
    Removing stm32f10x_can.o(.text.CAN_MessagePending), (26 bytes).
    Removing stm32f10x_can.o(.ARM.exidx.text.CAN_MessagePending), (8 bytes).
    Removing stm32f10x_can.o(.text.CAN_OperatingModeRequest), (146 bytes).
    Removing stm32f10x_can.o(.ARM.exidx.text.CAN_OperatingModeRequest), (8 bytes).
    Removing stm32f10x_can.o(.text.CAN_Sleep), (26 bytes).
    Removing stm32f10x_can.o(.ARM.exidx.text.CAN_Sleep), (8 bytes).
    Removing stm32f10x_can.o(.text.CAN_WakeUp), (44 bytes).
    Removing stm32f10x_can.o(.ARM.exidx.text.CAN_WakeUp), (8 bytes).
    Removing stm32f10x_can.o(.text.CAN_GetLastErrorCode), (8 bytes).
    Removing stm32f10x_can.o(.ARM.exidx.text.CAN_GetLastErrorCode), (8 bytes).
    Removing stm32f10x_can.o(.text.CAN_GetReceiveErrorCounter), (6 bytes).
    Removing stm32f10x_can.o(.ARM.exidx.text.CAN_GetReceiveErrorCounter), (8 bytes).
    Removing stm32f10x_can.o(.text.CAN_GetLSBTransmitErrorCounter), (8 bytes).
    Removing stm32f10x_can.o(.ARM.exidx.text.CAN_GetLSBTransmitErrorCounter), (8 bytes).
    Removing stm32f10x_can.o(.text.CAN_ITConfig), (16 bytes).
    Removing stm32f10x_can.o(.ARM.exidx.text.CAN_ITConfig), (8 bytes).
    Removing stm32f10x_can.o(.text.CAN_GetFlagStatus), (50 bytes).
    Removing stm32f10x_can.o(.ARM.exidx.text.CAN_GetFlagStatus), (8 bytes).
    Removing stm32f10x_can.o(.text.CAN_ClearFlag), (48 bytes).
    Removing stm32f10x_can.o(.ARM.exidx.text.CAN_ClearFlag), (8 bytes).
    Removing stm32f10x_can.o(.text.CAN_GetITStatus), (280 bytes).
    Removing stm32f10x_can.o(.ARM.exidx.text.CAN_GetITStatus), (8 bytes).
    Removing stm32f10x_can.o(.text.CAN_ClearITPendingBit), (164 bytes).
    Removing stm32f10x_can.o(.ARM.exidx.text.CAN_ClearITPendingBit), (8 bytes).
    Removing stm32f10x_cec.o(.text), (0 bytes).
    Removing stm32f10x_cec.o(.text.CEC_DeInit), (26 bytes).
    Removing stm32f10x_cec.o(.ARM.exidx.text.CEC_DeInit), (8 bytes).
    Removing stm32f10x_cec.o(.text.CEC_Init), (28 bytes).
    Removing stm32f10x_cec.o(.ARM.exidx.text.CEC_Init), (8 bytes).
    Removing stm32f10x_cec.o(.text.CEC_Cmd), (32 bytes).
    Removing stm32f10x_cec.o(.ARM.exidx.text.CEC_Cmd), (8 bytes).
    Removing stm32f10x_cec.o(.text.CEC_ITConfig), (10 bytes).
    Removing stm32f10x_cec.o(.ARM.exidx.text.CEC_ITConfig), (8 bytes).
    Removing stm32f10x_cec.o(.text.CEC_OwnAddressConfig), (12 bytes).
    Removing stm32f10x_cec.o(.ARM.exidx.text.CEC_OwnAddressConfig), (8 bytes).
    Removing stm32f10x_cec.o(.text.CEC_SetPrescaler), (12 bytes).
    Removing stm32f10x_cec.o(.ARM.exidx.text.CEC_SetPrescaler), (8 bytes).
    Removing stm32f10x_cec.o(.text.CEC_SendDataByte), (12 bytes).
    Removing stm32f10x_cec.o(.ARM.exidx.text.CEC_SendDataByte), (8 bytes).
    Removing stm32f10x_cec.o(.text.CEC_ReceiveDataByte), (14 bytes).
    Removing stm32f10x_cec.o(.ARM.exidx.text.CEC_ReceiveDataByte), (8 bytes).
    Removing stm32f10x_cec.o(.text.CEC_StartOfMessage), (14 bytes).
    Removing stm32f10x_cec.o(.ARM.exidx.text.CEC_StartOfMessage), (8 bytes).
    Removing stm32f10x_cec.o(.text.CEC_EndOfMessageCmd), (12 bytes).
    Removing stm32f10x_cec.o(.ARM.exidx.text.CEC_EndOfMessageCmd), (8 bytes).
    Removing stm32f10x_cec.o(.text.CEC_GetFlagStatus), (34 bytes).
    Removing stm32f10x_cec.o(.ARM.exidx.text.CEC_GetFlagStatus), (8 bytes).
    Removing stm32f10x_cec.o(.text.CEC_ClearFlag), (34 bytes).
    Removing stm32f10x_cec.o(.ARM.exidx.text.CEC_ClearFlag), (8 bytes).
    Removing stm32f10x_cec.o(.text.CEC_GetITStatus), (28 bytes).
    Removing stm32f10x_cec.o(.ARM.exidx.text.CEC_GetITStatus), (8 bytes).
    Removing stm32f10x_cec.o(.text.CEC_ClearITPendingBit), (34 bytes).
    Removing stm32f10x_cec.o(.ARM.exidx.text.CEC_ClearITPendingBit), (8 bytes).
    Removing stm32f10x_crc.o(.text), (0 bytes).
    Removing stm32f10x_crc.o(.text.CRC_ResetDR), (14 bytes).
    Removing stm32f10x_crc.o(.ARM.exidx.text.CRC_ResetDR), (8 bytes).
    Removing stm32f10x_crc.o(.text.CRC_CalcCRC), (14 bytes).
    Removing stm32f10x_crc.o(.ARM.exidx.text.CRC_CalcCRC), (8 bytes).
    Removing stm32f10x_crc.o(.text.CRC_CalcBlockCRC), (26 bytes).
    Removing stm32f10x_crc.o(.ARM.exidx.text.CRC_CalcBlockCRC), (8 bytes).
    Removing stm32f10x_crc.o(.text.CRC_GetCRC), (12 bytes).
    Removing stm32f10x_crc.o(.ARM.exidx.text.CRC_GetCRC), (8 bytes).
    Removing stm32f10x_crc.o(.text.CRC_SetIDRegister), (12 bytes).
    Removing stm32f10x_crc.o(.ARM.exidx.text.CRC_SetIDRegister), (8 bytes).
    Removing stm32f10x_crc.o(.text.CRC_GetIDRegister), (12 bytes).
    Removing stm32f10x_crc.o(.ARM.exidx.text.CRC_GetIDRegister), (8 bytes).
    Removing stm32f10x_dac.o(.text), (0 bytes).
    Removing stm32f10x_dac.o(.text.DAC_DeInit), (26 bytes).
    Removing stm32f10x_dac.o(.ARM.exidx.text.DAC_DeInit), (8 bytes).
    Removing stm32f10x_dac.o(.text.DAC_Init), (52 bytes).
    Removing stm32f10x_dac.o(.ARM.exidx.text.DAC_Init), (8 bytes).
    Removing stm32f10x_dac.o(.text.DAC_StructInit), (12 bytes).
    Removing stm32f10x_dac.o(.ARM.exidx.text.DAC_StructInit), (8 bytes).
    Removing stm32f10x_dac.o(.text.DAC_Cmd), (30 bytes).
    Removing stm32f10x_dac.o(.ARM.exidx.text.DAC_Cmd), (8 bytes).
    Removing stm32f10x_dac.o(.text.DAC_DMACmd), (32 bytes).
    Removing stm32f10x_dac.o(.ARM.exidx.text.DAC_DMACmd), (8 bytes).
    Removing stm32f10x_dac.o(.text.DAC_SoftwareTriggerCmd), (32 bytes).
    Removing stm32f10x_dac.o(.ARM.exidx.text.DAC_SoftwareTriggerCmd), (8 bytes).
    Removing stm32f10x_dac.o(.text.DAC_DualSoftwareTriggerCmd), (24 bytes).
    Removing stm32f10x_dac.o(.ARM.exidx.text.DAC_DualSoftwareTriggerCmd), (8 bytes).
    Removing stm32f10x_dac.o(.text.DAC_WaveGenerationCmd), (28 bytes).
    Removing stm32f10x_dac.o(.ARM.exidx.text.DAC_WaveGenerationCmd), (8 bytes).
    Removing stm32f10x_dac.o(.text.DAC_SetChannel1Data), (32 bytes).
    Removing stm32f10x_dac.o(.ARM.exidx.text.DAC_SetChannel1Data), (8 bytes).
    Removing stm32f10x_dac.o(.text.DAC_SetChannel2Data), (32 bytes).
    Removing stm32f10x_dac.o(.ARM.exidx.text.DAC_SetChannel2Data), (8 bytes).
    Removing stm32f10x_dac.o(.text.DAC_SetDualChannelData), (24 bytes).
    Removing stm32f10x_dac.o(.ARM.exidx.text.DAC_SetDualChannelData), (8 bytes).
    Removing stm32f10x_dac.o(.text.DAC_GetDataOutputValue), (36 bytes).
    Removing stm32f10x_dac.o(.ARM.exidx.text.DAC_GetDataOutputValue), (8 bytes).
    Removing stm32f10x_dbgmcu.o(.text), (0 bytes).
    Removing stm32f10x_dbgmcu.o(.text.DBGMCU_GetREVID), (14 bytes).
    Removing stm32f10x_dbgmcu.o(.ARM.exidx.text.DBGMCU_GetREVID), (8 bytes).
    Removing stm32f10x_dbgmcu.o(.text.DBGMCU_GetDEVID), (16 bytes).
    Removing stm32f10x_dbgmcu.o(.ARM.exidx.text.DBGMCU_GetDEVID), (8 bytes).
    Removing stm32f10x_dbgmcu.o(.text.DBGMCU_Config), (24 bytes).
    Removing stm32f10x_dbgmcu.o(.ARM.exidx.text.DBGMCU_Config), (8 bytes).
    Removing stm32f10x_dma.o(.text), (0 bytes).
    Removing stm32f10x_dma.o(.text.DMA_DeInit), (268 bytes).
    Removing stm32f10x_dma.o(.ARM.exidx.text.DMA_DeInit), (8 bytes).
    Removing stm32f10x_dma.o(.text.DMA_Init), (72 bytes).
    Removing stm32f10x_dma.o(.ARM.exidx.text.DMA_Init), (8 bytes).
    Removing stm32f10x_dma.o(.text.DMA_StructInit), (10 bytes).
    Removing stm32f10x_dma.o(.ARM.exidx.text.DMA_StructInit), (8 bytes).
    Removing stm32f10x_dma.o(.text.DMA_Cmd), (22 bytes).
    Removing stm32f10x_dma.o(.ARM.exidx.text.DMA_Cmd), (8 bytes).
    Removing stm32f10x_dma.o(.text.DMA_ITConfig), (16 bytes).
    Removing stm32f10x_dma.o(.ARM.exidx.text.DMA_ITConfig), (8 bytes).
    Removing stm32f10x_dma.o(.text.DMA_SetCurrDataCounter), (4 bytes).
    Removing stm32f10x_dma.o(.ARM.exidx.text.DMA_SetCurrDataCounter), (8 bytes).
    Removing stm32f10x_dma.o(.text.DMA_GetCurrDataCounter), (6 bytes).
    Removing stm32f10x_dma.o(.ARM.exidx.text.DMA_GetCurrDataCounter), (8 bytes).
    Removing stm32f10x_dma.o(.text.DMA_GetFlagStatus), (22 bytes).
    Removing stm32f10x_dma.o(.ARM.exidx.text.DMA_GetFlagStatus), (8 bytes).
    Removing stm32f10x_dma.o(.text.DMA_ClearFlag), (16 bytes).
    Removing stm32f10x_dma.o(.ARM.exidx.text.DMA_ClearFlag), (8 bytes).
    Removing stm32f10x_dma.o(.text.DMA_GetITStatus), (22 bytes).
    Removing stm32f10x_dma.o(.ARM.exidx.text.DMA_GetITStatus), (8 bytes).
    Removing stm32f10x_dma.o(.text.DMA_ClearITPendingBit), (16 bytes).
    Removing stm32f10x_dma.o(.ARM.exidx.text.DMA_ClearITPendingBit), (8 bytes).
    Removing stm32f10x_exti.o(.text), (0 bytes).
    Removing stm32f10x_exti.o(.text.EXTI_DeInit), (30 bytes).
    Removing stm32f10x_exti.o(.ARM.exidx.text.EXTI_DeInit), (8 bytes).
    Removing stm32f10x_exti.o(.text.EXTI_Init), (104 bytes).
    Removing stm32f10x_exti.o(.ARM.exidx.text.EXTI_Init), (8 bytes).
    Removing stm32f10x_exti.o(.text.EXTI_StructInit), (14 bytes).
    Removing stm32f10x_exti.o(.ARM.exidx.text.EXTI_StructInit), (8 bytes).
    Removing stm32f10x_exti.o(.text.EXTI_GenerateSWInterrupt), (16 bytes).
    Removing stm32f10x_exti.o(.ARM.exidx.text.EXTI_GenerateSWInterrupt), (8 bytes).
    Removing stm32f10x_exti.o(.text.EXTI_GetFlagStatus), (18 bytes).
    Removing stm32f10x_exti.o(.ARM.exidx.text.EXTI_GetFlagStatus), (8 bytes).
    Removing stm32f10x_exti.o(.text.EXTI_ClearFlag), (12 bytes).
    Removing stm32f10x_exti.o(.ARM.exidx.text.EXTI_ClearFlag), (8 bytes).
    Removing stm32f10x_exti.o(.text.EXTI_GetITStatus), (30 bytes).
    Removing stm32f10x_exti.o(.ARM.exidx.text.EXTI_GetITStatus), (8 bytes).
    Removing stm32f10x_exti.o(.text.EXTI_ClearITPendingBit), (12 bytes).
    Removing stm32f10x_exti.o(.ARM.exidx.text.EXTI_ClearITPendingBit), (8 bytes).
    Removing stm32f10x_flash.o(.text), (0 bytes).
    Removing stm32f10x_flash.o(.text.FLASH_SetLatency), (20 bytes).
    Removing stm32f10x_flash.o(.ARM.exidx.text.FLASH_SetLatency), (8 bytes).
    Removing stm32f10x_flash.o(.text.FLASH_HalfCycleAccessCmd), (24 bytes).
    Removing stm32f10x_flash.o(.ARM.exidx.text.FLASH_HalfCycleAccessCmd), (8 bytes).
    Removing stm32f10x_flash.o(.text.FLASH_PrefetchBufferCmd), (24 bytes).
    Removing stm32f10x_flash.o(.ARM.exidx.text.FLASH_PrefetchBufferCmd), (8 bytes).
    Removing stm32f10x_flash.o(.text.FLASH_Unlock), (30 bytes).
    Removing stm32f10x_flash.o(.ARM.exidx.text.FLASH_Unlock), (8 bytes).
    Removing stm32f10x_flash.o(.text.FLASH_UnlockBank1), (30 bytes).
    Removing stm32f10x_flash.o(.ARM.exidx.text.FLASH_UnlockBank1), (8 bytes).
    Removing stm32f10x_flash.o(.text.FLASH_Lock), (18 bytes).
    Removing stm32f10x_flash.o(.ARM.exidx.text.FLASH_Lock), (8 bytes).
    Removing stm32f10x_flash.o(.text.FLASH_LockBank1), (18 bytes).
    Removing stm32f10x_flash.o(.ARM.exidx.text.FLASH_LockBank1), (8 bytes).
    Removing stm32f10x_flash.o(.text.FLASH_ErasePage), (254 bytes).
    Removing stm32f10x_flash.o(.ARM.exidx.text.FLASH_ErasePage), (8 bytes).
    Removing stm32f10x_flash.o(.text.FLASH_WaitForLastOperation), (118 bytes).
    Removing stm32f10x_flash.o(.ARM.exidx.text.FLASH_WaitForLastOperation), (8 bytes).
    Removing stm32f10x_flash.o(.text.FLASH_EraseAllPages), (246 bytes).
    Removing stm32f10x_flash.o(.ARM.exidx.text.FLASH_EraseAllPages), (8 bytes).
    Removing stm32f10x_flash.o(.text.FLASH_EraseAllBank1Pages), (246 bytes).
    Removing stm32f10x_flash.o(.ARM.exidx.text.FLASH_EraseAllBank1Pages), (8 bytes).
    Removing stm32f10x_flash.o(.text.FLASH_WaitForLastBank1Operation), (118 bytes).
    Removing stm32f10x_flash.o(.ARM.exidx.text.FLASH_WaitForLastBank1Operation), (8 bytes).
    Removing stm32f10x_flash.o(.text.FLASH_EraseOptionBytes), (436 bytes).
    Removing stm32f10x_flash.o(.ARM.exidx.text.FLASH_EraseOptionBytes), (8 bytes).
    Removing stm32f10x_flash.o(.text.FLASH_GetReadOutProtectionStatus), (16 bytes).
    Removing stm32f10x_flash.o(.ARM.exidx.text.FLASH_GetReadOutProtectionStatus), (8 bytes).
    Removing stm32f10x_flash.o(.text.FLASH_ProgramWord), (492 bytes).
    Removing stm32f10x_flash.o(.ARM.exidx.text.FLASH_ProgramWord), (8 bytes).
    Removing stm32f10x_flash.o(.text.FLASH_ProgramHalfWord), (278 bytes).
    Removing stm32f10x_flash.o(.ARM.exidx.text.FLASH_ProgramHalfWord), (8 bytes).
    Removing stm32f10x_flash.o(.text.FLASH_ProgramOptionByteData), (312 bytes).
    Removing stm32f10x_flash.o(.ARM.exidx.text.FLASH_ProgramOptionByteData), (8 bytes).
    Removing stm32f10x_flash.o(.text.FLASH_EnableWriteProtection), (664 bytes).
    Removing stm32f10x_flash.o(.ARM.exidx.text.FLASH_EnableWriteProtection), (8 bytes).
    Removing stm32f10x_flash.o(.text.FLASH_ReadOutProtection), (440 bytes).
    Removing stm32f10x_flash.o(.ARM.exidx.text.FLASH_ReadOutProtection), (8 bytes).
    Removing stm32f10x_flash.o(.text.FLASH_UserOptionByteConfig), (328 bytes).
    Removing stm32f10x_flash.o(.ARM.exidx.text.FLASH_UserOptionByteConfig), (8 bytes).
    Removing stm32f10x_flash.o(.text.FLASH_GetUserOptionByte), (14 bytes).
    Removing stm32f10x_flash.o(.ARM.exidx.text.FLASH_GetUserOptionByte), (8 bytes).
    Removing stm32f10x_flash.o(.text.FLASH_GetWriteProtectionOptionByte), (12 bytes).
    Removing stm32f10x_flash.o(.ARM.exidx.text.FLASH_GetWriteProtectionOptionByte), (8 bytes).
    Removing stm32f10x_flash.o(.text.FLASH_GetPrefetchBufferStatus), (16 bytes).
    Removing stm32f10x_flash.o(.ARM.exidx.text.FLASH_GetPrefetchBufferStatus), (8 bytes).
    Removing stm32f10x_flash.o(.text.FLASH_ITConfig), (24 bytes).
    Removing stm32f10x_flash.o(.ARM.exidx.text.FLASH_ITConfig), (8 bytes).
    Removing stm32f10x_flash.o(.text.FLASH_GetFlagStatus), (30 bytes).
    Removing stm32f10x_flash.o(.ARM.exidx.text.FLASH_GetFlagStatus), (8 bytes).
    Removing stm32f10x_flash.o(.text.FLASH_ClearFlag), (12 bytes).
    Removing stm32f10x_flash.o(.ARM.exidx.text.FLASH_ClearFlag), (8 bytes).
    Removing stm32f10x_flash.o(.text.FLASH_GetStatus), (42 bytes).
    Removing stm32f10x_flash.o(.ARM.exidx.text.FLASH_GetStatus), (8 bytes).
    Removing stm32f10x_flash.o(.text.FLASH_GetBank1Status), (42 bytes).
    Removing stm32f10x_flash.o(.ARM.exidx.text.FLASH_GetBank1Status), (8 bytes).
    Removing stm32f10x_fsmc.o(.text), (0 bytes).
    Removing stm32f10x_fsmc.o(.text.FSMC_NORSRAMDeInit), (50 bytes).
    Removing stm32f10x_fsmc.o(.ARM.exidx.text.FSMC_NORSRAMDeInit), (8 bytes).
    Removing stm32f10x_fsmc.o(.text.FSMC_NANDDeInit), (56 bytes).
    Removing stm32f10x_fsmc.o(.ARM.exidx.text.FSMC_NANDDeInit), (8 bytes).
    Removing stm32f10x_fsmc.o(.text.FSMC_PCCARDDeInit), (26 bytes).
    Removing stm32f10x_fsmc.o(.ARM.exidx.text.FSMC_PCCARDDeInit), (8 bytes).
    Removing stm32f10x_fsmc.o(.text.FSMC_NORSRAMInit), (192 bytes).
    Removing stm32f10x_fsmc.o(.ARM.exidx.text.FSMC_NORSRAMInit), (8 bytes).
    Removing stm32f10x_fsmc.o(.text.FSMC_NANDInit), (122 bytes).
    Removing stm32f10x_fsmc.o(.ARM.exidx.text.FSMC_NANDInit), (8 bytes).
    Removing stm32f10x_fsmc.o(.text.FSMC_PCCARDInit), (110 bytes).
    Removing stm32f10x_fsmc.o(.ARM.exidx.text.FSMC_PCCARDInit), (8 bytes).
    Removing stm32f10x_fsmc.o(.text.FSMC_NORSRAMStructInit), (80 bytes).
    Removing stm32f10x_fsmc.o(.ARM.exidx.text.FSMC_NORSRAMStructInit), (8 bytes).
    Removing stm32f10x_fsmc.o(.text.FSMC_NANDStructInit), (42 bytes).
    Removing stm32f10x_fsmc.o(.ARM.exidx.text.FSMC_NANDStructInit), (8 bytes).
    Removing stm32f10x_fsmc.o(.text.FSMC_PCCARDStructInit), (42 bytes).
    Removing stm32f10x_fsmc.o(.ARM.exidx.text.FSMC_PCCARDStructInit), (8 bytes).
    Removing stm32f10x_fsmc.o(.text.FSMC_NORSRAMCmd), (36 bytes).
    Removing stm32f10x_fsmc.o(.ARM.exidx.text.FSMC_NORSRAMCmd), (8 bytes).
    Removing stm32f10x_fsmc.o(.text.FSMC_NANDCmd), (68 bytes).
    Removing stm32f10x_fsmc.o(.ARM.exidx.text.FSMC_NANDCmd), (8 bytes).
    Removing stm32f10x_fsmc.o(.text.FSMC_PCCARDCmd), (32 bytes).
    Removing stm32f10x_fsmc.o(.ARM.exidx.text.FSMC_PCCARDCmd), (8 bytes).
    Removing stm32f10x_fsmc.o(.text.FSMC_NANDECCCmd), (68 bytes).
    Removing stm32f10x_fsmc.o(.ARM.exidx.text.FSMC_NANDECCCmd), (8 bytes).
    Removing stm32f10x_fsmc.o(.text.FSMC_GetECC), (22 bytes).
    Removing stm32f10x_fsmc.o(.ARM.exidx.text.FSMC_GetECC), (8 bytes).
    Removing stm32f10x_fsmc.o(.text.FSMC_ITConfig), (112 bytes).
    Removing stm32f10x_fsmc.o(.ARM.exidx.text.FSMC_ITConfig), (8 bytes).
    Removing stm32f10x_fsmc.o(.text.FSMC_GetFlagStatus), (30 bytes).
    Removing stm32f10x_fsmc.o(.ARM.exidx.text.FSMC_GetFlagStatus), (8 bytes).
    Removing stm32f10x_fsmc.o(.text.FSMC_ClearFlag), (28 bytes).
    Removing stm32f10x_fsmc.o(.ARM.exidx.text.FSMC_ClearFlag), (8 bytes).
    Removing stm32f10x_fsmc.o(.text.FSMC_GetITStatus), (44 bytes).
    Removing stm32f10x_fsmc.o(.ARM.exidx.text.FSMC_GetITStatus), (8 bytes).
    Removing stm32f10x_fsmc.o(.text.FSMC_ClearITPendingBit), (30 bytes).
    Removing stm32f10x_fsmc.o(.ARM.exidx.text.FSMC_ClearITPendingBit), (8 bytes).
    Removing stm32f10x_gpio.o(.text), (0 bytes).
    Removing stm32f10x_gpio.o(.text.GPIO_DeInit), (54 bytes).
    Removing stm32f10x_gpio.o(.ARM.exidx.text.GPIO_DeInit), (8 bytes).
    Removing stm32f10x_gpio.o(.text.GPIO_AFIODeInit), (22 bytes).
    Removing stm32f10x_gpio.o(.ARM.exidx.text.GPIO_AFIODeInit), (8 bytes).
    Removing stm32f10x_gpio.o(.text.GPIO_Init), (192 bytes).
    Removing stm32f10x_gpio.o(.ARM.exidx.text.GPIO_Init), (8 bytes).
    Removing stm32f10x_gpio.o(.text.GPIO_StructInit), (12 bytes).
    Removing stm32f10x_gpio.o(.ARM.exidx.text.GPIO_StructInit), (8 bytes).
    Removing stm32f10x_gpio.o(.text.GPIO_ReadInputDataBit), (10 bytes).
    Removing stm32f10x_gpio.o(.ARM.exidx.text.GPIO_ReadInputDataBit), (8 bytes).
    Removing stm32f10x_gpio.o(.text.GPIO_ReadInputData), (6 bytes).
    Removing stm32f10x_gpio.o(.ARM.exidx.text.GPIO_ReadInputData), (8 bytes).
    Removing stm32f10x_gpio.o(.text.GPIO_ReadOutputDataBit), (10 bytes).
    Removing stm32f10x_gpio.o(.ARM.exidx.text.GPIO_ReadOutputDataBit), (8 bytes).
    Removing stm32f10x_gpio.o(.text.GPIO_ReadOutputData), (6 bytes).
    Removing stm32f10x_gpio.o(.ARM.exidx.text.GPIO_ReadOutputData), (8 bytes).
    Removing stm32f10x_gpio.o(.text.GPIO_SetBits), (4 bytes).
    Removing stm32f10x_gpio.o(.ARM.exidx.text.GPIO_SetBits), (8 bytes).
    Removing stm32f10x_gpio.o(.text.GPIO_ResetBits), (4 bytes).
    Removing stm32f10x_gpio.o(.ARM.exidx.text.GPIO_ResetBits), (8 bytes).
    Removing stm32f10x_gpio.o(.text.GPIO_WriteBit), (12 bytes).
    Removing stm32f10x_gpio.o(.ARM.exidx.text.GPIO_WriteBit), (8 bytes).
    Removing stm32f10x_gpio.o(.text.GPIO_Write), (4 bytes).
    Removing stm32f10x_gpio.o(.ARM.exidx.text.GPIO_Write), (8 bytes).
    Removing stm32f10x_gpio.o(.text.GPIO_PinLockConfig), (16 bytes).
    Removing stm32f10x_gpio.o(.ARM.exidx.text.GPIO_PinLockConfig), (8 bytes).
    Removing stm32f10x_gpio.o(.text.GPIO_EventOutputConfig), (30 bytes).
    Removing stm32f10x_gpio.o(.ARM.exidx.text.GPIO_EventOutputConfig), (8 bytes).
    Removing stm32f10x_gpio.o(.text.GPIO_EventOutputCmd), (10 bytes).
    Removing stm32f10x_gpio.o(.ARM.exidx.text.GPIO_EventOutputCmd), (8 bytes).
    Removing stm32f10x_gpio.o(.text.GPIO_PinRemapConfig), (128 bytes).
    Removing stm32f10x_gpio.o(.ARM.exidx.text.GPIO_PinRemapConfig), (8 bytes).
    Removing stm32f10x_gpio.o(.text.GPIO_EXTILineConfig), (46 bytes).
    Removing stm32f10x_gpio.o(.ARM.exidx.text.GPIO_EXTILineConfig), (8 bytes).
    Removing stm32f10x_gpio.o(.text.GPIO_ETH_MediaInterfaceConfig), (10 bytes).
    Removing stm32f10x_gpio.o(.ARM.exidx.text.GPIO_ETH_MediaInterfaceConfig), (8 bytes).
    Removing stm32f10x_gpio.o(.rodata..Lswitch.table.GPIO_DeInit.1), (28 bytes).
    Removing stm32f10x_i2c.o(.text), (0 bytes).
    Removing stm32f10x_i2c.o(.text.I2C_DeInit), (42 bytes).
    Removing stm32f10x_i2c.o(.ARM.exidx.text.I2C_DeInit), (8 bytes).
    Removing stm32f10x_i2c.o(.text.I2C_Init), (202 bytes).
    Removing stm32f10x_i2c.o(.ARM.exidx.text.I2C_Init), (8 bytes).
    Removing stm32f10x_i2c.o(.text.I2C_StructInit), (24 bytes).
    Removing stm32f10x_i2c.o(.ARM.exidx.text.I2C_StructInit), (8 bytes).
    Removing stm32f10x_i2c.o(.text.I2C_Cmd), (18 bytes).
    Removing stm32f10x_i2c.o(.ARM.exidx.text.I2C_Cmd), (8 bytes).
    Removing stm32f10x_i2c.o(.text.I2C_DMACmd), (20 bytes).
    Removing stm32f10x_i2c.o(.ARM.exidx.text.I2C_DMACmd), (8 bytes).
    Removing stm32f10x_i2c.o(.text.I2C_DMALastTransferCmd), (20 bytes).
    Removing stm32f10x_i2c.o(.ARM.exidx.text.I2C_DMALastTransferCmd), (8 bytes).
    Removing stm32f10x_i2c.o(.text.I2C_GenerateSTART), (20 bytes).
    Removing stm32f10x_i2c.o(.ARM.exidx.text.I2C_GenerateSTART), (8 bytes).
    Removing stm32f10x_i2c.o(.text.I2C_GenerateSTOP), (20 bytes).
    Removing stm32f10x_i2c.o(.ARM.exidx.text.I2C_GenerateSTOP), (8 bytes).
    Removing stm32f10x_i2c.o(.text.I2C_AcknowledgeConfig), (20 bytes).
    Removing stm32f10x_i2c.o(.ARM.exidx.text.I2C_AcknowledgeConfig), (8 bytes).
    Removing stm32f10x_i2c.o(.text.I2C_OwnAddress2Config), (12 bytes).
    Removing stm32f10x_i2c.o(.ARM.exidx.text.I2C_OwnAddress2Config), (8 bytes).
    Removing stm32f10x_i2c.o(.text.I2C_DualAddressCmd), (18 bytes).
    Removing stm32f10x_i2c.o(.ARM.exidx.text.I2C_DualAddressCmd), (8 bytes).
    Removing stm32f10x_i2c.o(.text.I2C_GeneralCallCmd), (20 bytes).
    Removing stm32f10x_i2c.o(.ARM.exidx.text.I2C_GeneralCallCmd), (8 bytes).
    Removing stm32f10x_i2c.o(.text.I2C_ITConfig), (16 bytes).
    Removing stm32f10x_i2c.o(.ARM.exidx.text.I2C_ITConfig), (8 bytes).
    Removing stm32f10x_i2c.o(.text.I2C_SendData), (4 bytes).
    Removing stm32f10x_i2c.o(.ARM.exidx.text.I2C_SendData), (8 bytes).
    Removing stm32f10x_i2c.o(.text.I2C_ReceiveData), (6 bytes).
    Removing stm32f10x_i2c.o(.ARM.exidx.text.I2C_ReceiveData), (8 bytes).
    Removing stm32f10x_i2c.o(.text.I2C_Send7bitAddress), (16 bytes).
    Removing stm32f10x_i2c.o(.ARM.exidx.text.I2C_Send7bitAddress), (8 bytes).
    Removing stm32f10x_i2c.o(.text.I2C_ReadRegister), (22 bytes).
    Removing stm32f10x_i2c.o(.ARM.exidx.text.I2C_ReadRegister), (8 bytes).
    Removing stm32f10x_i2c.o(.text.I2C_SoftwareResetCmd), (20 bytes).
    Removing stm32f10x_i2c.o(.ARM.exidx.text.I2C_SoftwareResetCmd), (8 bytes).
    Removing stm32f10x_i2c.o(.text.I2C_NACKPositionConfig), (24 bytes).
    Removing stm32f10x_i2c.o(.ARM.exidx.text.I2C_NACKPositionConfig), (8 bytes).
    Removing stm32f10x_i2c.o(.text.I2C_SMBusAlertConfig), (24 bytes).
    Removing stm32f10x_i2c.o(.ARM.exidx.text.I2C_SMBusAlertConfig), (8 bytes).
    Removing stm32f10x_i2c.o(.text.I2C_TransmitPEC), (20 bytes).
    Removing stm32f10x_i2c.o(.ARM.exidx.text.I2C_TransmitPEC), (8 bytes).
    Removing stm32f10x_i2c.o(.text.I2C_PECPositionConfig), (24 bytes).
    Removing stm32f10x_i2c.o(.ARM.exidx.text.I2C_PECPositionConfig), (8 bytes).
    Removing stm32f10x_i2c.o(.text.I2C_CalculatePEC), (20 bytes).
    Removing stm32f10x_i2c.o(.ARM.exidx.text.I2C_CalculatePEC), (8 bytes).
    Removing stm32f10x_i2c.o(.text.I2C_GetPEC), (6 bytes).
    Removing stm32f10x_i2c.o(.ARM.exidx.text.I2C_GetPEC), (8 bytes).
    Removing stm32f10x_i2c.o(.text.I2C_ARPCmd), (20 bytes).
    Removing stm32f10x_i2c.o(.ARM.exidx.text.I2C_ARPCmd), (8 bytes).
    Removing stm32f10x_i2c.o(.text.I2C_StretchClockCmd), (20 bytes).
    Removing stm32f10x_i2c.o(.ARM.exidx.text.I2C_StretchClockCmd), (8 bytes).
    Removing stm32f10x_i2c.o(.text.I2C_FastModeDutyCycleConfig), (24 bytes).
    Removing stm32f10x_i2c.o(.ARM.exidx.text.I2C_FastModeDutyCycleConfig), (8 bytes).
    Removing stm32f10x_i2c.o(.text.I2C_CheckEvent), (22 bytes).
    Removing stm32f10x_i2c.o(.ARM.exidx.text.I2C_CheckEvent), (8 bytes).
    Removing stm32f10x_i2c.o(.text.I2C_GetLastEvent), (12 bytes).
    Removing stm32f10x_i2c.o(.ARM.exidx.text.I2C_GetLastEvent), (8 bytes).
    Removing stm32f10x_i2c.o(.text.I2C_GetFlagStatus), (48 bytes).
    Removing stm32f10x_i2c.o(.ARM.exidx.text.I2C_GetFlagStatus), (8 bytes).
    Removing stm32f10x_i2c.o(.text.I2C_ClearFlag), (6 bytes).
    Removing stm32f10x_i2c.o(.ARM.exidx.text.I2C_ClearFlag), (8 bytes).
    Removing stm32f10x_i2c.o(.text.I2C_GetITStatus), (28 bytes).
    Removing stm32f10x_i2c.o(.ARM.exidx.text.I2C_GetITStatus), (8 bytes).
    Removing stm32f10x_i2c.o(.text.I2C_ClearITPendingBit), (6 bytes).
    Removing stm32f10x_i2c.o(.ARM.exidx.text.I2C_ClearITPendingBit), (8 bytes).
    Removing stm32f10x_iwdg.o(.text), (0 bytes).
    Removing stm32f10x_iwdg.o(.text.IWDG_WriteAccessCmd), (12 bytes).
    Removing stm32f10x_iwdg.o(.ARM.exidx.text.IWDG_WriteAccessCmd), (8 bytes).
    Removing stm32f10x_iwdg.o(.text.IWDG_SetPrescaler), (12 bytes).
    Removing stm32f10x_iwdg.o(.ARM.exidx.text.IWDG_SetPrescaler), (8 bytes).
    Removing stm32f10x_iwdg.o(.text.IWDG_SetReload), (12 bytes).
    Removing stm32f10x_iwdg.o(.ARM.exidx.text.IWDG_SetReload), (8 bytes).
    Removing stm32f10x_iwdg.o(.text.IWDG_ReloadCounter), (16 bytes).
    Removing stm32f10x_iwdg.o(.ARM.exidx.text.IWDG_ReloadCounter), (8 bytes).
    Removing stm32f10x_iwdg.o(.text.IWDG_Enable), (16 bytes).
    Removing stm32f10x_iwdg.o(.ARM.exidx.text.IWDG_Enable), (8 bytes).
    Removing stm32f10x_iwdg.o(.text.IWDG_GetFlagStatus), (18 bytes).
    Removing stm32f10x_iwdg.o(.ARM.exidx.text.IWDG_GetFlagStatus), (8 bytes).
    Removing stm32f10x_pwr.o(.text), (0 bytes).
    Removing stm32f10x_pwr.o(.text.PWR_DeInit), (26 bytes).
    Removing stm32f10x_pwr.o(.ARM.exidx.text.PWR_DeInit), (8 bytes).
    Removing stm32f10x_pwr.o(.text.PWR_BackupAccessCmd), (10 bytes).
    Removing stm32f10x_pwr.o(.ARM.exidx.text.PWR_BackupAccessCmd), (8 bytes).
    Removing stm32f10x_pwr.o(.text.PWR_PVDCmd), (10 bytes).
    Removing stm32f10x_pwr.o(.ARM.exidx.text.PWR_PVDCmd), (8 bytes).
    Removing stm32f10x_pwr.o(.text.PWR_PVDLevelConfig), (20 bytes).
    Removing stm32f10x_pwr.o(.ARM.exidx.text.PWR_PVDLevelConfig), (8 bytes).
    Removing stm32f10x_pwr.o(.text.PWR_WakeUpPinCmd), (10 bytes).
    Removing stm32f10x_pwr.o(.ARM.exidx.text.PWR_WakeUpPinCmd), (8 bytes).
    Removing stm32f10x_pwr.o(.text.PWR_EnterSTOPMode), (58 bytes).
    Removing stm32f10x_pwr.o(.ARM.exidx.text.PWR_EnterSTOPMode), (8 bytes).
    Removing stm32f10x_pwr.o(.text.PWR_EnterSTANDBYMode), (36 bytes).
    Removing stm32f10x_pwr.o(.ARM.exidx.text.PWR_EnterSTANDBYMode), (8 bytes).
    Removing stm32f10x_pwr.o(.text.PWR_GetFlagStatus), (18 bytes).
    Removing stm32f10x_pwr.o(.ARM.exidx.text.PWR_GetFlagStatus), (8 bytes).
    Removing stm32f10x_pwr.o(.text.PWR_ClearFlag), (18 bytes).
    Removing stm32f10x_pwr.o(.ARM.exidx.text.PWR_ClearFlag), (8 bytes).
    Removing stm32f10x_rcc.o(.text), (0 bytes).
    Removing stm32f10x_rcc.o(.text.RCC_DeInit), (66 bytes).
    Removing stm32f10x_rcc.o(.ARM.exidx.text.RCC_DeInit), (8 bytes).
    Removing stm32f10x_rcc.o(.text.RCC_HSEConfig), (50 bytes).
    Removing stm32f10x_rcc.o(.ARM.exidx.text.RCC_HSEConfig), (8 bytes).
    Removing stm32f10x_rcc.o(.text.RCC_WaitForHSEStartUp), (48 bytes).
    Removing stm32f10x_rcc.o(.ARM.exidx.text.RCC_WaitForHSEStartUp), (8 bytes).
    Removing stm32f10x_rcc.o(.text.RCC_GetFlagStatus), (38 bytes).
    Removing stm32f10x_rcc.o(.ARM.exidx.text.RCC_GetFlagStatus), (8 bytes).
    Removing stm32f10x_rcc.o(.text.RCC_AdjustHSICalibrationValue), (22 bytes).
    Removing stm32f10x_rcc.o(.ARM.exidx.text.RCC_AdjustHSICalibrationValue), (8 bytes).
    Removing stm32f10x_rcc.o(.text.RCC_HSICmd), (10 bytes).
    Removing stm32f10x_rcc.o(.ARM.exidx.text.RCC_HSICmd), (8 bytes).
    Removing stm32f10x_rcc.o(.text.RCC_PLLConfig), (22 bytes).
    Removing stm32f10x_rcc.o(.ARM.exidx.text.RCC_PLLConfig), (8 bytes).
    Removing stm32f10x_rcc.o(.text.RCC_PLLCmd), (10 bytes).
    Removing stm32f10x_rcc.o(.ARM.exidx.text.RCC_PLLCmd), (8 bytes).
    Removing stm32f10x_rcc.o(.text.RCC_SYSCLKConfig), (20 bytes).
    Removing stm32f10x_rcc.o(.ARM.exidx.text.RCC_SYSCLKConfig), (8 bytes).
    Removing stm32f10x_rcc.o(.text.RCC_GetSYSCLKSource), (16 bytes).
    Removing stm32f10x_rcc.o(.ARM.exidx.text.RCC_GetSYSCLKSource), (8 bytes).
    Removing stm32f10x_rcc.o(.text.RCC_HCLKConfig), (20 bytes).
    Removing stm32f10x_rcc.o(.ARM.exidx.text.RCC_HCLKConfig), (8 bytes).
    Removing stm32f10x_rcc.o(.text.RCC_PCLK1Config), (20 bytes).
    Removing stm32f10x_rcc.o(.ARM.exidx.text.RCC_PCLK1Config), (8 bytes).
    Removing stm32f10x_rcc.o(.text.RCC_PCLK2Config), (22 bytes).
    Removing stm32f10x_rcc.o(.ARM.exidx.text.RCC_PCLK2Config), (8 bytes).
    Removing stm32f10x_rcc.o(.text.RCC_ITConfig), (24 bytes).
    Removing stm32f10x_rcc.o(.ARM.exidx.text.RCC_ITConfig), (8 bytes).
    Removing stm32f10x_rcc.o(.text.RCC_USBCLKConfig), (10 bytes).
    Removing stm32f10x_rcc.o(.ARM.exidx.text.RCC_USBCLKConfig), (8 bytes).
    Removing stm32f10x_rcc.o(.text.RCC_ADCCLKConfig), (20 bytes).
    Removing stm32f10x_rcc.o(.ARM.exidx.text.RCC_ADCCLKConfig), (8 bytes).
    Removing stm32f10x_rcc.o(.text.RCC_LSEConfig), (30 bytes).
    Removing stm32f10x_rcc.o(.ARM.exidx.text.RCC_LSEConfig), (8 bytes).
    Removing stm32f10x_rcc.o(.text.RCC_LSICmd), (12 bytes).
    Removing stm32f10x_rcc.o(.ARM.exidx.text.RCC_LSICmd), (8 bytes).
    Removing stm32f10x_rcc.o(.text.RCC_RTCCLKConfig), (16 bytes).
    Removing stm32f10x_rcc.o(.ARM.exidx.text.RCC_RTCCLKConfig), (8 bytes).
    Removing stm32f10x_rcc.o(.text.RCC_RTCCLKCmd), (12 bytes).
    Removing stm32f10x_rcc.o(.ARM.exidx.text.RCC_RTCCLKCmd), (8 bytes).
    Removing stm32f10x_rcc.o(.text.RCC_GetClocksFreq), (140 bytes).
    Removing stm32f10x_rcc.o(.ARM.exidx.text.RCC_GetClocksFreq), (8 bytes).
    Removing stm32f10x_rcc.o(.text.RCC_AHBPeriphClockCmd), (24 bytes).
    Removing stm32f10x_rcc.o(.ARM.exidx.text.RCC_AHBPeriphClockCmd), (8 bytes).
    Removing stm32f10x_rcc.o(.text.RCC_APB2PeriphClockCmd), (24 bytes).
    Removing stm32f10x_rcc.o(.ARM.exidx.text.RCC_APB2PeriphClockCmd), (8 bytes).
    Removing stm32f10x_rcc.o(.text.RCC_APB1PeriphClockCmd), (24 bytes).
    Removing stm32f10x_rcc.o(.ARM.exidx.text.RCC_APB1PeriphClockCmd), (8 bytes).
    Removing stm32f10x_rcc.o(.text.RCC_APB2PeriphResetCmd), (24 bytes).
    Removing stm32f10x_rcc.o(.ARM.exidx.text.RCC_APB2PeriphResetCmd), (8 bytes).
    Removing stm32f10x_rcc.o(.text.RCC_APB1PeriphResetCmd), (24 bytes).
    Removing stm32f10x_rcc.o(.ARM.exidx.text.RCC_APB1PeriphResetCmd), (8 bytes).
    Removing stm32f10x_rcc.o(.text.RCC_BackupResetCmd), (12 bytes).
    Removing stm32f10x_rcc.o(.ARM.exidx.text.RCC_BackupResetCmd), (8 bytes).
    Removing stm32f10x_rcc.o(.text.RCC_ClockSecuritySystemCmd), (10 bytes).
    Removing stm32f10x_rcc.o(.ARM.exidx.text.RCC_ClockSecuritySystemCmd), (8 bytes).
    Removing stm32f10x_rcc.o(.text.RCC_MCOConfig), (12 bytes).
    Removing stm32f10x_rcc.o(.ARM.exidx.text.RCC_MCOConfig), (8 bytes).
    Removing stm32f10x_rcc.o(.text.RCC_ClearFlag), (18 bytes).
    Removing stm32f10x_rcc.o(.ARM.exidx.text.RCC_ClearFlag), (8 bytes).
    Removing stm32f10x_rcc.o(.text.RCC_GetITStatus), (18 bytes).
    Removing stm32f10x_rcc.o(.ARM.exidx.text.RCC_GetITStatus), (8 bytes).
    Removing stm32f10x_rcc.o(.text.RCC_ClearITPendingBit), (12 bytes).
    Removing stm32f10x_rcc.o(.ARM.exidx.text.RCC_ClearITPendingBit), (8 bytes).
    Removing stm32f10x_rcc.o(.rodata.APBAHBPrescTable), (16 bytes).
    Removing stm32f10x_rcc.o(.rodata.ADCPrescTable), (4 bytes).
    Removing stm32f10x_rtc.o(.text), (0 bytes).
    Removing stm32f10x_rtc.o(.text.RTC_ITConfig), (24 bytes).
    Removing stm32f10x_rtc.o(.ARM.exidx.text.RTC_ITConfig), (8 bytes).
    Removing stm32f10x_rtc.o(.text.RTC_EnterConfigMode), (18 bytes).
    Removing stm32f10x_rtc.o(.ARM.exidx.text.RTC_EnterConfigMode), (8 bytes).
    Removing stm32f10x_rtc.o(.text.RTC_ExitConfigMode), (18 bytes).
    Removing stm32f10x_rtc.o(.ARM.exidx.text.RTC_ExitConfigMode), (8 bytes).
    Removing stm32f10x_rtc.o(.text.RTC_GetCounter), (28 bytes).
    Removing stm32f10x_rtc.o(.ARM.exidx.text.RTC_GetCounter), (8 bytes).
    Removing stm32f10x_rtc.o(.text.RTC_SetCounter), (32 bytes).
    Removing stm32f10x_rtc.o(.ARM.exidx.text.RTC_SetCounter), (8 bytes).
    Removing stm32f10x_rtc.o(.text.RTC_SetPrescaler), (34 bytes).
    Removing stm32f10x_rtc.o(.ARM.exidx.text.RTC_SetPrescaler), (8 bytes).
    Removing stm32f10x_rtc.o(.text.RTC_SetAlarm), (32 bytes).
    Removing stm32f10x_rtc.o(.ARM.exidx.text.RTC_SetAlarm), (8 bytes).
    Removing stm32f10x_rtc.o(.text.RTC_GetDivider), (22 bytes).
    Removing stm32f10x_rtc.o(.ARM.exidx.text.RTC_GetDivider), (8 bytes).
    Removing stm32f10x_rtc.o(.text.RTC_WaitForLastTask), (16 bytes).
    Removing stm32f10x_rtc.o(.ARM.exidx.text.RTC_WaitForLastTask), (8 bytes).
    Removing stm32f10x_rtc.o(.text.RTC_WaitForSynchro), (24 bytes).
    Removing stm32f10x_rtc.o(.ARM.exidx.text.RTC_WaitForSynchro), (8 bytes).
    Removing stm32f10x_rtc.o(.text.RTC_GetFlagStatus), (18 bytes).
    Removing stm32f10x_rtc.o(.ARM.exidx.text.RTC_GetFlagStatus), (8 bytes).
    Removing stm32f10x_rtc.o(.text.RTC_ClearFlag), (18 bytes).
    Removing stm32f10x_rtc.o(.ARM.exidx.text.RTC_ClearFlag), (8 bytes).
    Removing stm32f10x_rtc.o(.text.RTC_GetITStatus), (34 bytes).
    Removing stm32f10x_rtc.o(.ARM.exidx.text.RTC_GetITStatus), (8 bytes).
    Removing stm32f10x_rtc.o(.text.RTC_ClearITPendingBit), (18 bytes).
    Removing stm32f10x_rtc.o(.ARM.exidx.text.RTC_ClearITPendingBit), (8 bytes).
    Removing stm32f10x_sdio.o(.text), (0 bytes).
    Removing stm32f10x_sdio.o(.text.SDIO_DeInit), (38 bytes).
    Removing stm32f10x_sdio.o(.ARM.exidx.text.SDIO_DeInit), (8 bytes).
    Removing stm32f10x_sdio.o(.text.SDIO_Init), (52 bytes).
    Removing stm32f10x_sdio.o(.ARM.exidx.text.SDIO_Init), (8 bytes).
    Removing stm32f10x_sdio.o(.text.SDIO_StructInit), (16 bytes).
    Removing stm32f10x_sdio.o(.ARM.exidx.text.SDIO_StructInit), (8 bytes).
    Removing stm32f10x_sdio.o(.text.SDIO_ClockCmd), (10 bytes).
    Removing stm32f10x_sdio.o(.ARM.exidx.text.SDIO_ClockCmd), (8 bytes).
    Removing stm32f10x_sdio.o(.text.SDIO_SetPowerState), (12 bytes).
    Removing stm32f10x_sdio.o(.ARM.exidx.text.SDIO_SetPowerState), (8 bytes).
    Removing stm32f10x_sdio.o(.text.SDIO_GetPowerState), (16 bytes).
    Removing stm32f10x_sdio.o(.ARM.exidx.text.SDIO_GetPowerState), (8 bytes).
    Removing stm32f10x_sdio.o(.text.SDIO_ITConfig), (24 bytes).
    Removing stm32f10x_sdio.o(.ARM.exidx.text.SDIO_ITConfig), (8 bytes).
    Removing stm32f10x_sdio.o(.text.SDIO_DMACmd), (12 bytes).
    Removing stm32f10x_sdio.o(.ARM.exidx.text.SDIO_DMACmd), (8 bytes).
    Removing stm32f10x_sdio.o(.text.SDIO_SendCommand), (46 bytes).
    Removing stm32f10x_sdio.o(.ARM.exidx.text.SDIO_SendCommand), (8 bytes).
    Removing stm32f10x_sdio.o(.text.SDIO_CmdStructInit), (14 bytes).
    Removing stm32f10x_sdio.o(.ARM.exidx.text.SDIO_CmdStructInit), (8 bytes).
    Removing stm32f10x_sdio.o(.text.SDIO_GetCommandResponse), (14 bytes).
    Removing stm32f10x_sdio.o(.ARM.exidx.text.SDIO_GetCommandResponse), (8 bytes).
    Removing stm32f10x_sdio.o(.text.SDIO_GetResponse), (26 bytes).
    Removing stm32f10x_sdio.o(.ARM.exidx.text.SDIO_GetResponse), (8 bytes).
    Removing stm32f10x_sdio.o(.text.SDIO_DataConfig), (52 bytes).
    Removing stm32f10x_sdio.o(.ARM.exidx.text.SDIO_DataConfig), (8 bytes).
    Removing stm32f10x_sdio.o(.text.SDIO_DataStructInit), (20 bytes).
    Removing stm32f10x_sdio.o(.ARM.exidx.text.SDIO_DataStructInit), (8 bytes).
    Removing stm32f10x_sdio.o(.text.SDIO_GetDataCounter), (12 bytes).
    Removing stm32f10x_sdio.o(.ARM.exidx.text.SDIO_GetDataCounter), (8 bytes).
    Removing stm32f10x_sdio.o(.text.SDIO_ReadData), (12 bytes).
    Removing stm32f10x_sdio.o(.ARM.exidx.text.SDIO_ReadData), (8 bytes).
    Removing stm32f10x_sdio.o(.text.SDIO_WriteData), (12 bytes).
    Removing stm32f10x_sdio.o(.ARM.exidx.text.SDIO_WriteData), (8 bytes).
    Removing stm32f10x_sdio.o(.text.SDIO_GetFIFOCount), (12 bytes).
    Removing stm32f10x_sdio.o(.ARM.exidx.text.SDIO_GetFIFOCount), (8 bytes).
    Removing stm32f10x_sdio.o(.text.SDIO_StartSDIOReadWait), (12 bytes).
    Removing stm32f10x_sdio.o(.ARM.exidx.text.SDIO_StartSDIOReadWait), (8 bytes).
    Removing stm32f10x_sdio.o(.text.SDIO_StopSDIOReadWait), (12 bytes).
    Removing stm32f10x_sdio.o(.ARM.exidx.text.SDIO_StopSDIOReadWait), (8 bytes).
    Removing stm32f10x_sdio.o(.text.SDIO_SetSDIOReadWaitMode), (12 bytes).
    Removing stm32f10x_sdio.o(.ARM.exidx.text.SDIO_SetSDIOReadWaitMode), (8 bytes).
    Removing stm32f10x_sdio.o(.text.SDIO_SetSDIOOperation), (12 bytes).
    Removing stm32f10x_sdio.o(.ARM.exidx.text.SDIO_SetSDIOOperation), (8 bytes).
    Removing stm32f10x_sdio.o(.text.SDIO_SendSDIOSuspendCmd), (12 bytes).
    Removing stm32f10x_sdio.o(.ARM.exidx.text.SDIO_SendSDIOSuspendCmd), (8 bytes).
    Removing stm32f10x_sdio.o(.text.SDIO_CommandCompletionCmd), (12 bytes).
    Removing stm32f10x_sdio.o(.ARM.exidx.text.SDIO_CommandCompletionCmd), (8 bytes).
    Removing stm32f10x_sdio.o(.text.SDIO_CEATAITCmd), (18 bytes).
    Removing stm32f10x_sdio.o(.ARM.exidx.text.SDIO_CEATAITCmd), (8 bytes).
    Removing stm32f10x_sdio.o(.text.SDIO_SendCEATACmd), (12 bytes).
    Removing stm32f10x_sdio.o(.ARM.exidx.text.SDIO_SendCEATACmd), (8 bytes).
    Removing stm32f10x_sdio.o(.text.SDIO_GetFlagStatus), (18 bytes).
    Removing stm32f10x_sdio.o(.ARM.exidx.text.SDIO_GetFlagStatus), (8 bytes).
    Removing stm32f10x_sdio.o(.text.SDIO_ClearFlag), (12 bytes).
    Removing stm32f10x_sdio.o(.ARM.exidx.text.SDIO_ClearFlag), (8 bytes).
    Removing stm32f10x_sdio.o(.text.SDIO_GetITStatus), (18 bytes).
    Removing stm32f10x_sdio.o(.ARM.exidx.text.SDIO_GetITStatus), (8 bytes).
    Removing stm32f10x_sdio.o(.text.SDIO_ClearITPendingBit), (12 bytes).
    Removing stm32f10x_sdio.o(.ARM.exidx.text.SDIO_ClearITPendingBit), (8 bytes).
    Removing stm32f10x_spi.o(.text), (0 bytes).
    Removing stm32f10x_spi.o(.text.SPI_I2S_DeInit), (104 bytes).
    Removing stm32f10x_spi.o(.ARM.exidx.text.SPI_I2S_DeInit), (8 bytes).
    Removing stm32f10x_spi.o(.text.SPI_Init), (70 bytes).
    Removing stm32f10x_spi.o(.ARM.exidx.text.SPI_Init), (8 bytes).
    Removing stm32f10x_spi.o(.text.I2S_Init), (162 bytes).
    Removing stm32f10x_spi.o(.ARM.exidx.text.I2S_Init), (8 bytes).
    Removing stm32f10x_spi.o(.text.SPI_StructInit), (16 bytes).
    Removing stm32f10x_spi.o(.ARM.exidx.text.SPI_StructInit), (8 bytes).
    Removing stm32f10x_spi.o(.text.I2S_StructInit), (14 bytes).
    Removing stm32f10x_spi.o(.ARM.exidx.text.I2S_StructInit), (8 bytes).
    Removing stm32f10x_spi.o(.text.SPI_Cmd), (20 bytes).
    Removing stm32f10x_spi.o(.ARM.exidx.text.SPI_Cmd), (8 bytes).
    Removing stm32f10x_spi.o(.text.I2S_Cmd), (20 bytes).
    Removing stm32f10x_spi.o(.ARM.exidx.text.I2S_Cmd), (8 bytes).
    Removing stm32f10x_spi.o(.text.SPI_I2S_ITConfig), (24 bytes).
    Removing stm32f10x_spi.o(.ARM.exidx.text.SPI_I2S_ITConfig), (8 bytes).
    Removing stm32f10x_spi.o(.text.SPI_I2S_DMACmd), (16 bytes).
    Removing stm32f10x_spi.o(.ARM.exidx.text.SPI_I2S_DMACmd), (8 bytes).
    Removing stm32f10x_spi.o(.text.SPI_I2S_SendData), (4 bytes).
    Removing stm32f10x_spi.o(.ARM.exidx.text.SPI_I2S_SendData), (8 bytes).
    Removing stm32f10x_spi.o(.text.SPI_I2S_ReceiveData), (4 bytes).
    Removing stm32f10x_spi.o(.ARM.exidx.text.SPI_I2S_ReceiveData), (8 bytes).
    Removing stm32f10x_spi.o(.text.SPI_NSSInternalSoftwareConfig), (24 bytes).
    Removing stm32f10x_spi.o(.ARM.exidx.text.SPI_NSSInternalSoftwareConfig), (8 bytes).
    Removing stm32f10x_spi.o(.text.SPI_SSOutputCmd), (20 bytes).
    Removing stm32f10x_spi.o(.ARM.exidx.text.SPI_SSOutputCmd), (8 bytes).
    Removing stm32f10x_spi.o(.text.SPI_DataSizeConfig), (16 bytes).
    Removing stm32f10x_spi.o(.ARM.exidx.text.SPI_DataSizeConfig), (8 bytes).
    Removing stm32f10x_spi.o(.text.SPI_TransmitCRC), (10 bytes).
    Removing stm32f10x_spi.o(.ARM.exidx.text.SPI_TransmitCRC), (8 bytes).
    Removing stm32f10x_spi.o(.text.SPI_CalculateCRC), (20 bytes).
    Removing stm32f10x_spi.o(.ARM.exidx.text.SPI_CalculateCRC), (8 bytes).
    Removing stm32f10x_spi.o(.text.SPI_GetCRC), (12 bytes).
    Removing stm32f10x_spi.o(.ARM.exidx.text.SPI_GetCRC), (8 bytes).
    Removing stm32f10x_spi.o(.text.SPI_GetCRCPolynomial), (4 bytes).
    Removing stm32f10x_spi.o(.ARM.exidx.text.SPI_GetCRCPolynomial), (8 bytes).
    Removing stm32f10x_spi.o(.text.SPI_BiDirectionalLineConfig), (24 bytes).
    Removing stm32f10x_spi.o(.ARM.exidx.text.SPI_BiDirectionalLineConfig), (8 bytes).
    Removing stm32f10x_spi.o(.text.SPI_I2S_GetFlagStatus), (10 bytes).
    Removing stm32f10x_spi.o(.ARM.exidx.text.SPI_I2S_GetFlagStatus), (8 bytes).
    Removing stm32f10x_spi.o(.text.SPI_I2S_ClearFlag), (6 bytes).
    Removing stm32f10x_spi.o(.ARM.exidx.text.SPI_I2S_ClearFlag), (8 bytes).
    Removing stm32f10x_spi.o(.text.SPI_I2S_GetITStatus), (24 bytes).
    Removing stm32f10x_spi.o(.ARM.exidx.text.SPI_I2S_GetITStatus), (8 bytes).
    Removing stm32f10x_spi.o(.text.SPI_I2S_ClearITPendingBit), (16 bytes).
    Removing stm32f10x_spi.o(.ARM.exidx.text.SPI_I2S_ClearITPendingBit), (8 bytes).
    Removing stm32f10x_tim.o(.text), (0 bytes).
    Removing stm32f10x_tim.o(.text.TIM_DeInit), (560 bytes).
    Removing stm32f10x_tim.o(.ARM.exidx.text.TIM_DeInit), (8 bytes).
    Removing stm32f10x_tim.o(.text.TIM_TimeBaseInit), (172 bytes).
    Removing stm32f10x_tim.o(.ARM.exidx.text.TIM_TimeBaseInit), (8 bytes).
    Removing stm32f10x_tim.o(.text.TIM_OC1Init), (114 bytes).
    Removing stm32f10x_tim.o(.ARM.exidx.text.TIM_OC1Init), (8 bytes).
    Removing stm32f10x_tim.o(.text.TIM_OC2Init), (116 bytes).
    Removing stm32f10x_tim.o(.ARM.exidx.text.TIM_OC2Init), (8 bytes).
    Removing stm32f10x_tim.o(.text.TIM_OC3Init), (116 bytes).
    Removing stm32f10x_tim.o(.ARM.exidx.text.TIM_OC3Init), (8 bytes).
    Removing stm32f10x_tim.o(.text.TIM_OC4Init), (92 bytes).
    Removing stm32f10x_tim.o(.ARM.exidx.text.TIM_OC4Init), (8 bytes).
    Removing stm32f10x_tim.o(.text.TIM_ICInit), (670 bytes).
    Removing stm32f10x_tim.o(.ARM.exidx.text.TIM_ICInit), (8 bytes).
    Removing stm32f10x_tim.o(.text.TIM_SetIC1Prescaler), (16 bytes).
    Removing stm32f10x_tim.o(.ARM.exidx.text.TIM_SetIC1Prescaler), (8 bytes).
    Removing stm32f10x_tim.o(.text.TIM_SetIC2Prescaler), (18 bytes).
    Removing stm32f10x_tim.o(.ARM.exidx.text.TIM_SetIC2Prescaler), (8 bytes).
    Removing stm32f10x_tim.o(.text.TIM_SetIC3Prescaler), (16 bytes).
    Removing stm32f10x_tim.o(.ARM.exidx.text.TIM_SetIC3Prescaler), (8 bytes).
    Removing stm32f10x_tim.o(.text.TIM_SetIC4Prescaler), (18 bytes).
    Removing stm32f10x_tim.o(.ARM.exidx.text.TIM_SetIC4Prescaler), (8 bytes).
    Removing stm32f10x_tim.o(.text.TIM_PWMIConfig), (594 bytes).
    Removing stm32f10x_tim.o(.ARM.exidx.text.TIM_PWMIConfig), (8 bytes).
    Removing stm32f10x_tim.o(.text.TIM_BDTRConfig), (40 bytes).
    Removing stm32f10x_tim.o(.ARM.exidx.text.TIM_BDTRConfig), (8 bytes).
    Removing stm32f10x_tim.o(.text.TIM_TimeBaseStructInit), (20 bytes).
    Removing stm32f10x_tim.o(.ARM.exidx.text.TIM_TimeBaseStructInit), (8 bytes).
    Removing stm32f10x_tim.o(.text.TIM_OCStructInit), (12 bytes).
    Removing stm32f10x_tim.o(.ARM.exidx.text.TIM_OCStructInit), (8 bytes).
    Removing stm32f10x_tim.o(.text.TIM_ICStructInit), (12 bytes).
    Removing stm32f10x_tim.o(.ARM.exidx.text.TIM_ICStructInit), (8 bytes).
    Removing stm32f10x_tim.o(.text.TIM_BDTRStructInit), (12 bytes).
    Removing stm32f10x_tim.o(.ARM.exidx.text.TIM_BDTRStructInit), (8 bytes).
    Removing stm32f10x_tim.o(.text.TIM_Cmd), (18 bytes).
    Removing stm32f10x_tim.o(.ARM.exidx.text.TIM_Cmd), (8 bytes).
    Removing stm32f10x_tim.o(.text.TIM_CtrlPWMOutputs), (24 bytes).
    Removing stm32f10x_tim.o(.ARM.exidx.text.TIM_CtrlPWMOutputs), (8 bytes).
    Removing stm32f10x_tim.o(.text.TIM_ITConfig), (16 bytes).
    Removing stm32f10x_tim.o(.ARM.exidx.text.TIM_ITConfig), (8 bytes).
    Removing stm32f10x_tim.o(.text.TIM_GenerateEvent), (4 bytes).
    Removing stm32f10x_tim.o(.ARM.exidx.text.TIM_GenerateEvent), (8 bytes).
    Removing stm32f10x_tim.o(.text.TIM_DMAConfig), (8 bytes).
    Removing stm32f10x_tim.o(.ARM.exidx.text.TIM_DMAConfig), (8 bytes).
    Removing stm32f10x_tim.o(.text.TIM_DMACmd), (16 bytes).
    Removing stm32f10x_tim.o(.ARM.exidx.text.TIM_DMACmd), (8 bytes).
    Removing stm32f10x_tim.o(.text.TIM_InternalClockConfig), (10 bytes).
    Removing stm32f10x_tim.o(.ARM.exidx.text.TIM_InternalClockConfig), (8 bytes).
    Removing stm32f10x_tim.o(.text.TIM_ITRxExternalClockConfig), (20 bytes).
    Removing stm32f10x_tim.o(.ARM.exidx.text.TIM_ITRxExternalClockConfig), (8 bytes).
    Removing stm32f10x_tim.o(.text.TIM_SelectInputTrigger), (12 bytes).
    Removing stm32f10x_tim.o(.ARM.exidx.text.TIM_SelectInputTrigger), (8 bytes).
    Removing stm32f10x_tim.o(.text.TIM_TIxExternalClockConfig), (280 bytes).
    Removing stm32f10x_tim.o(.ARM.exidx.text.TIM_TIxExternalClockConfig), (8 bytes).
    Removing stm32f10x_tim.o(.text.TIM_ETRClockMode1Config), (30 bytes).
    Removing stm32f10x_tim.o(.ARM.exidx.text.TIM_ETRClockMode1Config), (8 bytes).
    Removing stm32f10x_tim.o(.text.TIM_ETRConfig), (22 bytes).
    Removing stm32f10x_tim.o(.ARM.exidx.text.TIM_ETRConfig), (8 bytes).
    Removing stm32f10x_tim.o(.text.TIM_ETRClockMode2Config), (30 bytes).
    Removing stm32f10x_tim.o(.ARM.exidx.text.TIM_ETRClockMode2Config), (8 bytes).
    Removing stm32f10x_tim.o(.text.TIM_PrescalerConfig), (6 bytes).
    Removing stm32f10x_tim.o(.ARM.exidx.text.TIM_PrescalerConfig), (8 bytes).
    Removing stm32f10x_tim.o(.text.TIM_CounterModeConfig), (12 bytes).
    Removing stm32f10x_tim.o(.ARM.exidx.text.TIM_CounterModeConfig), (8 bytes).
    Removing stm32f10x_tim.o(.text.TIM_EncoderInterfaceConfig), (48 bytes).
    Removing stm32f10x_tim.o(.ARM.exidx.text.TIM_EncoderInterfaceConfig), (8 bytes).
    Removing stm32f10x_tim.o(.text.TIM_ForcedOC1Config), (12 bytes).
    Removing stm32f10x_tim.o(.ARM.exidx.text.TIM_ForcedOC1Config), (8 bytes).
    Removing stm32f10x_tim.o(.text.TIM_ForcedOC2Config), (14 bytes).
    Removing stm32f10x_tim.o(.ARM.exidx.text.TIM_ForcedOC2Config), (8 bytes).
    Removing stm32f10x_tim.o(.text.TIM_ForcedOC3Config), (12 bytes).
    Removing stm32f10x_tim.o(.ARM.exidx.text.TIM_ForcedOC3Config), (8 bytes).
    Removing stm32f10x_tim.o(.text.TIM_ForcedOC4Config), (14 bytes).
    Removing stm32f10x_tim.o(.ARM.exidx.text.TIM_ForcedOC4Config), (8 bytes).
    Removing stm32f10x_tim.o(.text.TIM_ARRPreloadConfig), (20 bytes).
    Removing stm32f10x_tim.o(.ARM.exidx.text.TIM_ARRPreloadConfig), (8 bytes).
    Removing stm32f10x_tim.o(.text.TIM_SelectCOM), (20 bytes).
    Removing stm32f10x_tim.o(.ARM.exidx.text.TIM_SelectCOM), (8 bytes).
    Removing stm32f10x_tim.o(.text.TIM_SelectCCDMA), (20 bytes).
    Removing stm32f10x_tim.o(.ARM.exidx.text.TIM_SelectCCDMA), (8 bytes).
    Removing stm32f10x_tim.o(.text.TIM_CCPreloadControl), (18 bytes).
    Removing stm32f10x_tim.o(.ARM.exidx.text.TIM_CCPreloadControl), (8 bytes).
    Removing stm32f10x_tim.o(.text.TIM_OC1PreloadConfig), (12 bytes).
    Removing stm32f10x_tim.o(.ARM.exidx.text.TIM_OC1PreloadConfig), (8 bytes).
    Removing stm32f10x_tim.o(.text.TIM_OC2PreloadConfig), (14 bytes).
    Removing stm32f10x_tim.o(.ARM.exidx.text.TIM_OC2PreloadConfig), (8 bytes).
    Removing stm32f10x_tim.o(.text.TIM_OC3PreloadConfig), (12 bytes).
    Removing stm32f10x_tim.o(.ARM.exidx.text.TIM_OC3PreloadConfig), (8 bytes).
    Removing stm32f10x_tim.o(.text.TIM_OC4PreloadConfig), (14 bytes).
    Removing stm32f10x_tim.o(.ARM.exidx.text.TIM_OC4PreloadConfig), (8 bytes).
    Removing stm32f10x_tim.o(.text.TIM_OC1FastConfig), (12 bytes).
    Removing stm32f10x_tim.o(.ARM.exidx.text.TIM_OC1FastConfig), (8 bytes).
    Removing stm32f10x_tim.o(.text.TIM_OC2FastConfig), (14 bytes).
    Removing stm32f10x_tim.o(.ARM.exidx.text.TIM_OC2FastConfig), (8 bytes).
    Removing stm32f10x_tim.o(.text.TIM_OC3FastConfig), (12 bytes).
    Removing stm32f10x_tim.o(.ARM.exidx.text.TIM_OC3FastConfig), (8 bytes).
    Removing stm32f10x_tim.o(.text.TIM_OC4FastConfig), (14 bytes).
    Removing stm32f10x_tim.o(.ARM.exidx.text.TIM_OC4FastConfig), (8 bytes).
    Removing stm32f10x_tim.o(.text.TIM_ClearOC1Ref), (12 bytes).
    Removing stm32f10x_tim.o(.ARM.exidx.text.TIM_ClearOC1Ref), (8 bytes).
    Removing stm32f10x_tim.o(.text.TIM_ClearOC2Ref), (14 bytes).
    Removing stm32f10x_tim.o(.ARM.exidx.text.TIM_ClearOC2Ref), (8 bytes).
    Removing stm32f10x_tim.o(.text.TIM_ClearOC3Ref), (12 bytes).
    Removing stm32f10x_tim.o(.ARM.exidx.text.TIM_ClearOC3Ref), (8 bytes).
    Removing stm32f10x_tim.o(.text.TIM_ClearOC4Ref), (14 bytes).
    Removing stm32f10x_tim.o(.ARM.exidx.text.TIM_ClearOC4Ref), (8 bytes).
    Removing stm32f10x_tim.o(.text.TIM_OC1PolarityConfig), (12 bytes).
    Removing stm32f10x_tim.o(.ARM.exidx.text.TIM_OC1PolarityConfig), (8 bytes).
    Removing stm32f10x_tim.o(.text.TIM_OC1NPolarityConfig), (12 bytes).
    Removing stm32f10x_tim.o(.ARM.exidx.text.TIM_OC1NPolarityConfig), (8 bytes).
    Removing stm32f10x_tim.o(.text.TIM_OC2PolarityConfig), (14 bytes).
    Removing stm32f10x_tim.o(.ARM.exidx.text.TIM_OC2PolarityConfig), (8 bytes).
    Removing stm32f10x_tim.o(.text.TIM_OC2NPolarityConfig), (14 bytes).
    Removing stm32f10x_tim.o(.ARM.exidx.text.TIM_OC2NPolarityConfig), (8 bytes).
    Removing stm32f10x_tim.o(.text.TIM_OC3PolarityConfig), (14 bytes).
    Removing stm32f10x_tim.o(.ARM.exidx.text.TIM_OC3PolarityConfig), (8 bytes).
    Removing stm32f10x_tim.o(.text.TIM_OC3NPolarityConfig), (14 bytes).
    Removing stm32f10x_tim.o(.ARM.exidx.text.TIM_OC3NPolarityConfig), (8 bytes).
    Removing stm32f10x_tim.o(.text.TIM_OC4PolarityConfig), (14 bytes).
    Removing stm32f10x_tim.o(.ARM.exidx.text.TIM_OC4PolarityConfig), (8 bytes).
    Removing stm32f10x_tim.o(.text.TIM_CCxCmd), (32 bytes).
    Removing stm32f10x_tim.o(.ARM.exidx.text.TIM_CCxCmd), (8 bytes).
    Removing stm32f10x_tim.o(.text.TIM_CCxNCmd), (32 bytes).
    Removing stm32f10x_tim.o(.ARM.exidx.text.TIM_CCxNCmd), (8 bytes).
    Removing stm32f10x_tim.o(.text.TIM_SelectOCxM), (82 bytes).
    Removing stm32f10x_tim.o(.ARM.exidx.text.TIM_SelectOCxM), (8 bytes).
    Removing stm32f10x_tim.o(.text.TIM_UpdateDisableConfig), (20 bytes).
    Removing stm32f10x_tim.o(.ARM.exidx.text.TIM_UpdateDisableConfig), (8 bytes).
    Removing stm32f10x_tim.o(.text.TIM_UpdateRequestConfig), (20 bytes).
    Removing stm32f10x_tim.o(.ARM.exidx.text.TIM_UpdateRequestConfig), (8 bytes).
    Removing stm32f10x_tim.o(.text.TIM_SelectHallSensor), (20 bytes).
    Removing stm32f10x_tim.o(.ARM.exidx.text.TIM_SelectHallSensor), (8 bytes).
    Removing stm32f10x_tim.o(.text.TIM_SelectOnePulseMode), (16 bytes).
    Removing stm32f10x_tim.o(.ARM.exidx.text.TIM_SelectOnePulseMode), (8 bytes).
    Removing stm32f10x_tim.o(.text.TIM_SelectOutputTrigger), (16 bytes).
    Removing stm32f10x_tim.o(.ARM.exidx.text.TIM_SelectOutputTrigger), (8 bytes).
    Removing stm32f10x_tim.o(.text.TIM_SelectSlaveMode), (16 bytes).
    Removing stm32f10x_tim.o(.ARM.exidx.text.TIM_SelectSlaveMode), (8 bytes).
    Removing stm32f10x_tim.o(.text.TIM_SelectMasterSlaveMode), (16 bytes).
    Removing stm32f10x_tim.o(.ARM.exidx.text.TIM_SelectMasterSlaveMode), (8 bytes).
    Removing stm32f10x_tim.o(.text.TIM_SetCounter), (4 bytes).
    Removing stm32f10x_tim.o(.ARM.exidx.text.TIM_SetCounter), (8 bytes).
    Removing stm32f10x_tim.o(.text.TIM_SetAutoreload), (4 bytes).
    Removing stm32f10x_tim.o(.ARM.exidx.text.TIM_SetAutoreload), (8 bytes).
    Removing stm32f10x_tim.o(.text.TIM_SetCompare1), (4 bytes).
    Removing stm32f10x_tim.o(.ARM.exidx.text.TIM_SetCompare1), (8 bytes).
    Removing stm32f10x_tim.o(.text.TIM_SetCompare2), (4 bytes).
    Removing stm32f10x_tim.o(.ARM.exidx.text.TIM_SetCompare2), (8 bytes).
    Removing stm32f10x_tim.o(.text.TIM_SetCompare3), (4 bytes).
    Removing stm32f10x_tim.o(.ARM.exidx.text.TIM_SetCompare3), (8 bytes).
    Removing stm32f10x_tim.o(.text.TIM_SetCompare4), (6 bytes).
    Removing stm32f10x_tim.o(.ARM.exidx.text.TIM_SetCompare4), (8 bytes).
    Removing stm32f10x_tim.o(.text.TIM_SetClockDivision), (16 bytes).
    Removing stm32f10x_tim.o(.ARM.exidx.text.TIM_SetClockDivision), (8 bytes).
    Removing stm32f10x_tim.o(.text.TIM_GetCapture1), (4 bytes).
    Removing stm32f10x_tim.o(.ARM.exidx.text.TIM_GetCapture1), (8 bytes).
    Removing stm32f10x_tim.o(.text.TIM_GetCapture2), (4 bytes).
    Removing stm32f10x_tim.o(.ARM.exidx.text.TIM_GetCapture2), (8 bytes).
    Removing stm32f10x_tim.o(.text.TIM_GetCapture3), (4 bytes).
    Removing stm32f10x_tim.o(.ARM.exidx.text.TIM_GetCapture3), (8 bytes).
    Removing stm32f10x_tim.o(.text.TIM_GetCapture4), (6 bytes).
    Removing stm32f10x_tim.o(.ARM.exidx.text.TIM_GetCapture4), (8 bytes).
    Removing stm32f10x_tim.o(.text.TIM_GetCounter), (4 bytes).
    Removing stm32f10x_tim.o(.ARM.exidx.text.TIM_GetCounter), (8 bytes).
    Removing stm32f10x_tim.o(.text.TIM_GetPrescaler), (4 bytes).
    Removing stm32f10x_tim.o(.ARM.exidx.text.TIM_GetPrescaler), (8 bytes).
    Removing stm32f10x_tim.o(.text.TIM_GetFlagStatus), (10 bytes).
    Removing stm32f10x_tim.o(.ARM.exidx.text.TIM_GetFlagStatus), (8 bytes).
    Removing stm32f10x_tim.o(.text.TIM_ClearFlag), (6 bytes).
    Removing stm32f10x_tim.o(.ARM.exidx.text.TIM_ClearFlag), (8 bytes).
    Removing stm32f10x_tim.o(.text.TIM_GetITStatus), (24 bytes).
    Removing stm32f10x_tim.o(.ARM.exidx.text.TIM_GetITStatus), (8 bytes).
    Removing stm32f10x_tim.o(.text.TIM_ClearITPendingBit), (6 bytes).
    Removing stm32f10x_tim.o(.ARM.exidx.text.TIM_ClearITPendingBit), (8 bytes).
    Removing stm32f10x_usart.o(.text), (0 bytes).
    Removing stm32f10x_usart.o(.text.USART_DeInit), (174 bytes).
    Removing stm32f10x_usart.o(.ARM.exidx.text.USART_DeInit), (8 bytes).
    Removing stm32f10x_usart.o(.text.USART_Init), (182 bytes).
    Removing stm32f10x_usart.o(.ARM.exidx.text.USART_Init), (8 bytes).
    Removing stm32f10x_usart.o(.text.USART_StructInit), (18 bytes).
    Removing stm32f10x_usart.o(.ARM.exidx.text.USART_StructInit), (8 bytes).
    Removing stm32f10x_usart.o(.text.USART_ClockInit), (34 bytes).
    Removing stm32f10x_usart.o(.ARM.exidx.text.USART_ClockInit), (8 bytes).
    Removing stm32f10x_usart.o(.text.USART_ClockStructInit), (8 bytes).
    Removing stm32f10x_usart.o(.ARM.exidx.text.USART_ClockStructInit), (8 bytes).
    Removing stm32f10x_usart.o(.text.USART_Cmd), (20 bytes).
    Removing stm32f10x_usart.o(.ARM.exidx.text.USART_Cmd), (8 bytes).
    Removing stm32f10x_usart.o(.text.USART_ITConfig), (46 bytes).
    Removing stm32f10x_usart.o(.ARM.exidx.text.USART_ITConfig), (8 bytes).
    Removing stm32f10x_usart.o(.text.USART_DMACmd), (16 bytes).
    Removing stm32f10x_usart.o(.ARM.exidx.text.USART_DMACmd), (8 bytes).
    Removing stm32f10x_usart.o(.text.USART_SetAddress), (16 bytes).
    Removing stm32f10x_usart.o(.ARM.exidx.text.USART_SetAddress), (8 bytes).
    Removing stm32f10x_usart.o(.text.USART_WakeUpConfig), (16 bytes).
    Removing stm32f10x_usart.o(.ARM.exidx.text.USART_WakeUpConfig), (8 bytes).
    Removing stm32f10x_usart.o(.text.USART_ReceiverWakeUpCmd), (20 bytes).
    Removing stm32f10x_usart.o(.ARM.exidx.text.USART_ReceiverWakeUpCmd), (8 bytes).
    Removing stm32f10x_usart.o(.text.USART_LINBreakDetectLengthConfig), (16 bytes).
    Removing stm32f10x_usart.o(.ARM.exidx.text.USART_LINBreakDetectLengthConfig), (8 bytes).
    Removing stm32f10x_usart.o(.text.USART_LINCmd), (20 bytes).
    Removing stm32f10x_usart.o(.ARM.exidx.text.USART_LINCmd), (8 bytes).
    Removing stm32f10x_usart.o(.text.USART_SendData), (8 bytes).
    Removing stm32f10x_usart.o(.ARM.exidx.text.USART_SendData), (8 bytes).
    Removing stm32f10x_usart.o(.text.USART_ReceiveData), (8 bytes).
    Removing stm32f10x_usart.o(.ARM.exidx.text.USART_ReceiveData), (8 bytes).
    Removing stm32f10x_usart.o(.text.USART_SendBreak), (10 bytes).
    Removing stm32f10x_usart.o(.ARM.exidx.text.USART_SendBreak), (8 bytes).
    Removing stm32f10x_usart.o(.text.USART_SetGuardTime), (16 bytes).
    Removing stm32f10x_usart.o(.ARM.exidx.text.USART_SetGuardTime), (8 bytes).
    Removing stm32f10x_usart.o(.text.USART_SetPrescaler), (16 bytes).
    Removing stm32f10x_usart.o(.ARM.exidx.text.USART_SetPrescaler), (8 bytes).
    Removing stm32f10x_usart.o(.text.USART_SmartCardCmd), (20 bytes).
    Removing stm32f10x_usart.o(.ARM.exidx.text.USART_SmartCardCmd), (8 bytes).
    Removing stm32f10x_usart.o(.text.USART_SmartCardNACKCmd), (20 bytes).
    Removing stm32f10x_usart.o(.ARM.exidx.text.USART_SmartCardNACKCmd), (8 bytes).
    Removing stm32f10x_usart.o(.text.USART_HalfDuplexCmd), (20 bytes).
    Removing stm32f10x_usart.o(.ARM.exidx.text.USART_HalfDuplexCmd), (8 bytes).
    Removing stm32f10x_usart.o(.text.USART_OverSampling8Cmd), (20 bytes).
    Removing stm32f10x_usart.o(.ARM.exidx.text.USART_OverSampling8Cmd), (8 bytes).
    Removing stm32f10x_usart.o(.text.USART_OneBitMethodCmd), (20 bytes).
    Removing stm32f10x_usart.o(.ARM.exidx.text.USART_OneBitMethodCmd), (8 bytes).
    Removing stm32f10x_usart.o(.text.USART_IrDAConfig), (16 bytes).
    Removing stm32f10x_usart.o(.ARM.exidx.text.USART_IrDAConfig), (8 bytes).
    Removing stm32f10x_usart.o(.text.USART_IrDACmd), (20 bytes).
    Removing stm32f10x_usart.o(.ARM.exidx.text.USART_IrDACmd), (8 bytes).
    Removing stm32f10x_usart.o(.text.USART_GetFlagStatus), (10 bytes).
    Removing stm32f10x_usart.o(.ARM.exidx.text.USART_GetFlagStatus), (8 bytes).
    Removing stm32f10x_usart.o(.text.USART_ClearFlag), (6 bytes).
    Removing stm32f10x_usart.o(.ARM.exidx.text.USART_ClearFlag), (8 bytes).
    Removing stm32f10x_usart.o(.text.USART_GetITStatus), (48 bytes).
    Removing stm32f10x_usart.o(.ARM.exidx.text.USART_GetITStatus), (8 bytes).
    Removing stm32f10x_usart.o(.text.USART_ClearITPendingBit), (14 bytes).
    Removing stm32f10x_usart.o(.ARM.exidx.text.USART_ClearITPendingBit), (8 bytes).
    Removing stm32f10x_wwdg.o(.text), (0 bytes).
    Removing stm32f10x_wwdg.o(.text.WWDG_DeInit), (26 bytes).
    Removing stm32f10x_wwdg.o(.ARM.exidx.text.WWDG_DeInit), (8 bytes).
    Removing stm32f10x_wwdg.o(.text.WWDG_SetPrescaler), (20 bytes).
    Removing stm32f10x_wwdg.o(.ARM.exidx.text.WWDG_SetPrescaler), (8 bytes).
    Removing stm32f10x_wwdg.o(.text.WWDG_SetWindowValue), (40 bytes).
    Removing stm32f10x_wwdg.o(.ARM.exidx.text.WWDG_SetWindowValue), (8 bytes).
    Removing stm32f10x_wwdg.o(.text.WWDG_EnableIT), (14 bytes).
    Removing stm32f10x_wwdg.o(.ARM.exidx.text.WWDG_EnableIT), (8 bytes).
    Removing stm32f10x_wwdg.o(.text.WWDG_SetCounter), (16 bytes).
    Removing stm32f10x_wwdg.o(.ARM.exidx.text.WWDG_SetCounter), (8 bytes).
    Removing stm32f10x_wwdg.o(.text.WWDG_Enable), (16 bytes).
    Removing stm32f10x_wwdg.o(.ARM.exidx.text.WWDG_Enable), (8 bytes).
    Removing stm32f10x_wwdg.o(.text.WWDG_GetFlagStatus), (14 bytes).
    Removing stm32f10x_wwdg.o(.ARM.exidx.text.WWDG_GetFlagStatus), (8 bytes).
    Removing stm32f10x_wwdg.o(.text.WWDG_ClearFlag), (14 bytes).
    Removing stm32f10x_wwdg.o(.ARM.exidx.text.WWDG_ClearFlag), (8 bytes).
    Removing main.o(.text), (0 bytes).
    Removing main.o(.ARM.exidx.text.main), (8 bytes).
    Removing main.o(.ARM.use_no_argv), (4 bytes).
    Removing stm32f10x_it.o(.text), (0 bytes).
    Removing stm32f10x_it.o(.ARM.exidx.text.NMI_Handler), (8 bytes).
    Removing stm32f10x_it.o(.ARM.exidx.text.HardFault_Handler), (8 bytes).
    Removing stm32f10x_it.o(.ARM.exidx.text.MemManage_Handler), (8 bytes).
    Removing stm32f10x_it.o(.ARM.exidx.text.BusFault_Handler), (8 bytes).
    Removing stm32f10x_it.o(.ARM.exidx.text.UsageFault_Handler), (8 bytes).
    Removing stm32f10x_it.o(.ARM.exidx.text.SVC_Handler), (8 bytes).
    Removing stm32f10x_it.o(.ARM.exidx.text.DebugMon_Handler), (8 bytes).
    Removing stm32f10x_it.o(.ARM.exidx.text.PendSV_Handler), (8 bytes).
    Removing stm32f10x_it.o(.ARM.exidx.text.SysTick_Handler), (8 bytes).

980 unused section(s) (total 23696 bytes) removed from the image.

==============================================================================

Image Symbol Table

    Local Symbols

    Symbol Name                              Value     Ov Type        Size  Object(Section)

    ../../Libraries/CMSIS/startup_stm32f10x_md.s 0x00000000   Number         0  startup_stm32f10x_md.o ABSOLUTE
    ../clib/microlib/init/entry.s            0x00000000   Number         0  entry.o ABSOLUTE
    ../clib/microlib/init/entry.s            0x00000000   Number         0  entry2.o ABSOLUTE
    ../clib/microlib/init/entry.s            0x00000000   Number         0  entry5.o ABSOLUTE
    ../clib/microlib/init/entry.s            0x00000000   Number         0  entry7a.o ABSOLUTE
    ../clib/microlib/init/entry.s            0x00000000   Number         0  entry7b.o ABSOLUTE
    ../clib/microlib/init/entry.s            0x00000000   Number         0  entry8a.o ABSOLUTE
    ../clib/microlib/init/entry.s            0x00000000   Number         0  entry8b.o ABSOLUTE
    ../clib/microlib/init/entry.s            0x00000000   Number         0  entry9a.o ABSOLUTE
    ../clib/microlib/init/entry.s            0x00000000   Number         0  entry9b.o ABSOLUTE
    ../clib/microlib/init/entry.s            0x00000000   Number         0  entry10a.o ABSOLUTE
    ../clib/microlib/init/entry.s            0x00000000   Number         0  entry10b.o ABSOLUTE
    ../clib/microlib/init/entry.s            0x00000000   Number         0  entry11a.o ABSOLUTE
    ../clib/microlib/init/entry.s            0x00000000   Number         0  entry11b.o ABSOLUTE
    ../clib/microlib/string/memset.c         0x00000000   Number         0  memseta.o ABSOLUTE
    dc.s                                     0x00000000   Number         0  dc.o ABSOLUTE
    handlers.s                               0x00000000   Number         0  handlers.o ABSOLUTE
    init.s                                   0x00000000   Number         0  init.o ABSOLUTE
    main.c                                   0x00000000   Number         0  main.o ABSOLUTE
    misc.c                                   0x00000000   Number         0  misc.o ABSOLUTE
    stm32f10x_adc.c                          0x00000000   Number         0  stm32f10x_adc.o ABSOLUTE
    stm32f10x_bkp.c                          0x00000000   Number         0  stm32f10x_bkp.o ABSOLUTE
    stm32f10x_can.c                          0x00000000   Number         0  stm32f10x_can.o ABSOLUTE
    stm32f10x_cec.c                          0x00000000   Number         0  stm32f10x_cec.o ABSOLUTE
    stm32f10x_crc.c                          0x00000000   Number         0  stm32f10x_crc.o ABSOLUTE
    stm32f10x_dac.c                          0x00000000   Number         0  stm32f10x_dac.o ABSOLUTE
    stm32f10x_dbgmcu.c                       0x00000000   Number         0  stm32f10x_dbgmcu.o ABSOLUTE
    stm32f10x_dma.c                          0x00000000   Number         0  stm32f10x_dma.o ABSOLUTE
    stm32f10x_exti.c                         0x00000000   Number         0  stm32f10x_exti.o ABSOLUTE
    stm32f10x_flash.c                        0x00000000   Number         0  stm32f10x_flash.o ABSOLUTE
    stm32f10x_fsmc.c                         0x00000000   Number         0  stm32f10x_fsmc.o ABSOLUTE
    stm32f10x_gpio.c                         0x00000000   Number         0  stm32f10x_gpio.o ABSOLUTE
    stm32f10x_i2c.c                          0x00000000   Number         0  stm32f10x_i2c.o ABSOLUTE
    stm32f10x_it.c                           0x00000000   Number         0  stm32f10x_it.o ABSOLUTE
    stm32f10x_iwdg.c                         0x00000000   Number         0  stm32f10x_iwdg.o ABSOLUTE
    stm32f10x_pwr.c                          0x00000000   Number         0  stm32f10x_pwr.o ABSOLUTE
    stm32f10x_rcc.c                          0x00000000   Number         0  stm32f10x_rcc.o ABSOLUTE
    stm32f10x_rtc.c                          0x00000000   Number         0  stm32f10x_rtc.o ABSOLUTE
    stm32f10x_sdio.c                         0x00000000   Number         0  stm32f10x_sdio.o ABSOLUTE
    stm32f10x_spi.c                          0x00000000   Number         0  stm32f10x_spi.o ABSOLUTE
    stm32f10x_tim.c                          0x00000000   Number         0  stm32f10x_tim.o ABSOLUTE
    stm32f10x_usart.c                        0x00000000   Number         0  stm32f10x_usart.o ABSOLUTE
    stm32f10x_wwdg.c                         0x00000000   Number         0  stm32f10x_wwdg.o ABSOLUTE
    system_stm32f10x.c                       0x00000000   Number         0  system_stm32f10x.o ABSOLUTE
    RESET                                    0x08000000   Section      236  startup_stm32f10x_md.o(RESET)
    .ARM.Collect$$$$00000000                 0x080000ec   Section        0  entry.o(.ARM.Collect$$$$00000000)
    .ARM.Collect$$$$00000001                 0x080000ec   Section        4  entry2.o(.ARM.Collect$$$$00000001)
    .ARM.Collect$$$$00000004                 0x080000f0   Section        4  entry5.o(.ARM.Collect$$$$00000004)
    .ARM.Collect$$$$00000008                 0x080000f4   Section        0  entry7b.o(.ARM.Collect$$$$00000008)
    .ARM.Collect$$$$0000000A                 0x080000f4   Section        0  entry8b.o(.ARM.Collect$$$$0000000A)
    .ARM.Collect$$$$0000000B                 0x080000f4   Section        8  entry9a.o(.ARM.Collect$$$$0000000B)
    __lit__00000000                          0x080000fc   Data           4  entry2.o(.ARM.Collect$$$$00002712)
    .ARM.Collect$$$$0000000D                 0x080000fc   Section        0  entry10a.o(.ARM.Collect$$$$0000000D)
    .ARM.Collect$$$$0000000F                 0x080000fc   Section        0  entry11a.o(.ARM.Collect$$$$0000000F)
    .ARM.Collect$$$$00002712                 0x080000fc   Section        4  entry2.o(.ARM.Collect$$$$00002712)
    .text                                    0x08000100   Section       36  startup_stm32f10x_md.o(.text)
    .text                                    0x08000124   Section       48  init.o(.text)
    [Anonymous Symbol]                       0x08000154   Section        0  stm32f10x_it.o(.text.BusFault_Handler)
    [Anonymous Symbol]                       0x08000158   Section        0  stm32f10x_it.o(.text.DebugMon_Handler)
    [Anonymous Symbol]                       0x0800015c   Section        0  stm32f10x_it.o(.text.HardFault_Handler)
    [Anonymous Symbol]                       0x08000160   Section        0  stm32f10x_it.o(.text.MemManage_Handler)
    [Anonymous Symbol]                       0x08000164   Section        0  stm32f10x_it.o(.text.NMI_Handler)
    [Anonymous Symbol]                       0x08000168   Section        0  stm32f10x_it.o(.text.PendSV_Handler)
    [Anonymous Symbol]                       0x0800016c   Section        0  stm32f10x_it.o(.text.SVC_Handler)
    [Anonymous Symbol]                       0x08000170   Section        0  stm32f10x_it.o(.text.SysTick_Handler)
    [Anonymous Symbol]                       0x08000174   Section        0  system_stm32f10x.o(.text.SystemInit)
    [Anonymous Symbol]                       0x08000284   Section        0  stm32f10x_it.o(.text.UsageFault_Handler)
    [Anonymous Symbol]                       0x08000288   Section        0  main.o(.text.main)
    i.__scatterload_copy                     0x0800028a   Section       14  handlers.o(i.__scatterload_copy)
    i.__scatterload_null                     0x08000298   Section        2  handlers.o(i.__scatterload_null)
    i.__scatterload_zeroinit                 0x0800029a   Section       14  handlers.o(i.__scatterload_zeroinit)
    STACK                                    0x20000000   Section     1024  startup_stm32f10x_md.o(STACK)

    Global Symbols

    Symbol Name                              Value     Ov Type        Size  Object(Section)

    BuildAttributes$$THM_ISAv4$P$D$K$B$S$PE$A:L22UL41UL21$X:L11$S22US41US21$IEEE1$IW$~IW$USESV6$~STKCKD$USESV7$~SHL$OTIME$EBA8$MICROLIB$REQ8$PRES8$EABIv2 0x00000000   Number         0  anon$$obj.o ABSOLUTE
    __cpp_initialize__aeabi_                  - Undefined Weak Reference
    __cxa_finalize                            - Undefined Weak Reference
    __decompress                              - Undefined Weak Reference
    _clock_init                               - Undefined Weak Reference
    _microlib_exit                            - Undefined Weak Reference
    __Vectors_Size                           0x000000ec   Number         0  startup_stm32f10x_md.o ABSOLUTE
    __Vectors                                0x08000000   Data           4  startup_stm32f10x_md.o(RESET)
    __Vectors_End                            0x080000ec   Data           0  startup_stm32f10x_md.o(RESET)
    __main                                   0x080000ed   Thumb Code     0  entry.o(.ARM.Collect$$$$00000000)
    _main_stk                                0x080000ed   Thumb Code     0  entry2.o(.ARM.Collect$$$$00000001)
    _main_scatterload                        0x080000f1   Thumb Code     0  entry5.o(.ARM.Collect$$$$00000004)
    __main_after_scatterload                 0x080000f5   Thumb Code     0  entry5.o(.ARM.Collect$$$$00000004)
    _main_clock                              0x080000f5   Thumb Code     0  entry7b.o(.ARM.Collect$$$$00000008)
    _main_cpp_init                           0x080000f5   Thumb Code     0  entry8b.o(.ARM.Collect$$$$0000000A)
    _main_init                               0x080000f5   Thumb Code     0  entry9a.o(.ARM.Collect$$$$0000000B)
    __rt_final_cpp                           0x080000fd   Thumb Code     0  entry10a.o(.ARM.Collect$$$$0000000D)
    __rt_final_exit                          0x080000fd   Thumb Code     0  entry11a.o(.ARM.Collect$$$$0000000F)
    Reset_Handler                            0x08000101   Thumb Code     8  startup_stm32f10x_md.o(.text)
    ADC1_2_IRQHandler                        0x0800011b   Thumb Code     0  startup_stm32f10x_md.o(.text)
    CAN1_RX1_IRQHandler                      0x0800011b   Thumb Code     0  startup_stm32f10x_md.o(.text)
    CAN1_SCE_IRQHandler                      0x0800011b   Thumb Code     0  startup_stm32f10x_md.o(.text)
    DMA1_Channel1_IRQHandler                 0x0800011b   Thumb Code     0  startup_stm32f10x_md.o(.text)
    DMA1_Channel2_IRQHandler                 0x0800011b   Thumb Code     0  startup_stm32f10x_md.o(.text)
    DMA1_Channel3_IRQHandler                 0x0800011b   Thumb Code     0  startup_stm32f10x_md.o(.text)
    DMA1_Channel4_IRQHandler                 0x0800011b   Thumb Code     0  startup_stm32f10x_md.o(.text)
    DMA1_Channel5_IRQHandler                 0x0800011b   Thumb Code     0  startup_stm32f10x_md.o(.text)
    DMA1_Channel6_IRQHandler                 0x0800011b   Thumb Code     0  startup_stm32f10x_md.o(.text)
    DMA1_Channel7_IRQHandler                 0x0800011b   Thumb Code     0  startup_stm32f10x_md.o(.text)
    EXTI0_IRQHandler                         0x0800011b   Thumb Code     0  startup_stm32f10x_md.o(.text)
    EXTI15_10_IRQHandler                     0x0800011b   Thumb Code     0  startup_stm32f10x_md.o(.text)
    EXTI1_IRQHandler                         0x0800011b   Thumb Code     0  startup_stm32f10x_md.o(.text)
    EXTI2_IRQHandler                         0x0800011b   Thumb Code     0  startup_stm32f10x_md.o(.text)
    EXTI3_IRQHandler                         0x0800011b   Thumb Code     0  startup_stm32f10x_md.o(.text)
    EXTI4_IRQHandler                         0x0800011b   Thumb Code     0  startup_stm32f10x_md.o(.text)
    EXTI9_5_IRQHandler                       0x0800011b   Thumb Code     0  startup_stm32f10x_md.o(.text)
    FLASH_IRQHandler                         0x0800011b   Thumb Code     0  startup_stm32f10x_md.o(.text)
    I2C1_ER_IRQHandler                       0x0800011b   Thumb Code     0  startup_stm32f10x_md.o(.text)
    I2C1_EV_IRQHandler                       0x0800011b   Thumb Code     0  startup_stm32f10x_md.o(.text)
    I2C2_ER_IRQHandler                       0x0800011b   Thumb Code     0  startup_stm32f10x_md.o(.text)
    I2C2_EV_IRQHandler                       0x0800011b   Thumb Code     0  startup_stm32f10x_md.o(.text)
    PVD_IRQHandler                           0x0800011b   Thumb Code     0  startup_stm32f10x_md.o(.text)
    RCC_IRQHandler                           0x0800011b   Thumb Code     0  startup_stm32f10x_md.o(.text)
    RTCAlarm_IRQHandler                      0x0800011b   Thumb Code     0  startup_stm32f10x_md.o(.text)
    RTC_IRQHandler                           0x0800011b   Thumb Code     0  startup_stm32f10x_md.o(.text)
    SPI1_IRQHandler                          0x0800011b   Thumb Code     0  startup_stm32f10x_md.o(.text)
    SPI2_IRQHandler                          0x0800011b   Thumb Code     0  startup_stm32f10x_md.o(.text)
    TAMPER_IRQHandler                        0x0800011b   Thumb Code     0  startup_stm32f10x_md.o(.text)
    TIM1_BRK_IRQHandler                      0x0800011b   Thumb Code     0  startup_stm32f10x_md.o(.text)
    TIM1_CC_IRQHandler                       0x0800011b   Thumb Code     0  startup_stm32f10x_md.o(.text)
    TIM1_TRG_COM_IRQHandler                  0x0800011b   Thumb Code     0  startup_stm32f10x_md.o(.text)
    TIM1_UP_IRQHandler                       0x0800011b   Thumb Code     0  startup_stm32f10x_md.o(.text)
    TIM2_IRQHandler                          0x0800011b   Thumb Code     0  startup_stm32f10x_md.o(.text)
    TIM3_IRQHandler                          0x0800011b   Thumb Code     0  startup_stm32f10x_md.o(.text)
    TIM4_IRQHandler                          0x0800011b   Thumb Code     0  startup_stm32f10x_md.o(.text)
    USART1_IRQHandler                        0x0800011b   Thumb Code     0  startup_stm32f10x_md.o(.text)
    USART2_IRQHandler                        0x0800011b   Thumb Code     0  startup_stm32f10x_md.o(.text)
    USART3_IRQHandler                        0x0800011b   Thumb Code     0  startup_stm32f10x_md.o(.text)
    USBWakeUp_IRQHandler                     0x0800011b   Thumb Code     0  startup_stm32f10x_md.o(.text)
    USB_HP_CAN1_TX_IRQHandler                0x0800011b   Thumb Code     0  startup_stm32f10x_md.o(.text)
    USB_LP_CAN1_RX0_IRQHandler               0x0800011b   Thumb Code     0  startup_stm32f10x_md.o(.text)
    WWDG_IRQHandler                          0x0800011b   Thumb Code     0  startup_stm32f10x_md.o(.text)
    __scatterload                            0x08000125   Thumb Code    38  init.o(.text)
    __scatterload_rt2                        0x08000125   Thumb Code     0  init.o(.text)
    BusFault_Handler                         0x08000155   Thumb Code     2  stm32f10x_it.o(.text.BusFault_Handler)
    DebugMon_Handler                         0x08000159   Thumb Code     2  stm32f10x_it.o(.text.DebugMon_Handler)
    HardFault_Handler                        0x0800015d   Thumb Code     2  stm32f10x_it.o(.text.HardFault_Handler)
    MemManage_Handler                        0x08000161   Thumb Code     2  stm32f10x_it.o(.text.MemManage_Handler)
    NMI_Handler                              0x08000165   Thumb Code     2  stm32f10x_it.o(.text.NMI_Handler)
    PendSV_Handler                           0x08000169   Thumb Code     2  stm32f10x_it.o(.text.PendSV_Handler)
    SVC_Handler                              0x0800016d   Thumb Code     2  stm32f10x_it.o(.text.SVC_Handler)
    SysTick_Handler                          0x08000171   Thumb Code     2  stm32f10x_it.o(.text.SysTick_Handler)
    SystemInit                               0x08000175   Thumb Code   272  system_stm32f10x.o(.text.SystemInit)
    UsageFault_Handler                       0x08000285   Thumb Code     2  stm32f10x_it.o(.text.UsageFault_Handler)
    main                                     0x08000289   Thumb Code     2  main.o(.text.main)
    __scatterload_copy                       0x0800028b   Thumb Code    14  handlers.o(i.__scatterload_copy)
    __scatterload_null                       0x08000299   Thumb Code     2  handlers.o(i.__scatterload_null)
    __scatterload_zeroinit                   0x0800029b   Thumb Code    14  handlers.o(i.__scatterload_zeroinit)
    Region$$Table$$Base                      0x080002a8   Number         0  anon$$obj.o(Region$$Table)
    Region$$Table$$Limit                     0x080002b8   Number         0  anon$$obj.o(Region$$Table)
    __initial_sp                             0x20000400   Data           0  startup_stm32f10x_md.o(STACK)



==============================================================================

Memory Map of the image

  Image Entry point : 0x080000ed

  Load Region LR_IROM1 (Base: 0x08000000, Size: 0x000002b8, Max: 0x00010000, ABSOLUTE)

    Execution Region ER_IROM1 (Exec base: 0x08000000, Load base: 0x08000000, Size: 0x000002b8, Max: 0x00010000, ABSOLUTE)

    Exec Addr    Load Addr    Size         Type   Attr      Idx    E Section Name        Object

    0x08000000   0x08000000   0x000000ec   Data   RO            3    RESET               startup_stm32f10x_md.o
    0x080000ec   0x080000ec   0x00000000   Code   RO         1179  * .ARM.Collect$$$$00000000  mc_w.l(entry.o)
    0x080000ec   0x080000ec   0x00000004   Code   RO         1184    .ARM.Collect$$$$00000001  mc_w.l(entry2.o)
    0x080000f0   0x080000f0   0x00000004   Code   RO         1187    .ARM.Collect$$$$00000004  mc_w.l(entry5.o)
    0x080000f4   0x080000f4   0x00000000   Code   RO         1189    .ARM.Collect$$$$00000008  mc_w.l(entry7b.o)
    0x080000f4   0x080000f4   0x00000000   Code   RO         1191    .ARM.Collect$$$$0000000A  mc_w.l(entry8b.o)
    0x080000f4   0x080000f4   0x00000008   Code   RO         1192    .ARM.Collect$$$$0000000B  mc_w.l(entry9a.o)
    0x080000fc   0x080000fc   0x00000000   Code   RO         1194    .ARM.Collect$$$$0000000D  mc_w.l(entry10a.o)
    0x080000fc   0x080000fc   0x00000000   Code   RO         1196    .ARM.Collect$$$$0000000F  mc_w.l(entry11a.o)
    0x080000fc   0x080000fc   0x00000004   Code   RO         1185    .ARM.Collect$$$$00002712  mc_w.l(entry2.o)
    0x08000100   0x08000100   0x00000024   Code   RO            4    .text               startup_stm32f10x_md.o
    0x08000124   0x08000124   0x00000030   Code   RO         1198    .text               mc_w.l(init.o)
    0x08000154   0x08000154   0x00000002   Code   RO         1161    .text.BusFault_Handler  stm32f10x_it.o
    0x08000156   0x08000156   0x00000002   PAD
    0x08000158   0x08000158   0x00000002   Code   RO         1167    .text.DebugMon_Handler  stm32f10x_it.o
    0x0800015a   0x0800015a   0x00000002   PAD
    0x0800015c   0x0800015c   0x00000002   Code   RO         1157    .text.HardFault_Handler  stm32f10x_it.o
    0x0800015e   0x0800015e   0x00000002   PAD
    0x08000160   0x08000160   0x00000002   Code   RO         1159    .text.MemManage_Handler  stm32f10x_it.o
    0x08000162   0x08000162   0x00000002   PAD
    0x08000164   0x08000164   0x00000002   Code   RO         1155    .text.NMI_Handler   stm32f10x_it.o
    0x08000166   0x08000166   0x00000002   PAD
    0x08000168   0x08000168   0x00000002   Code   RO         1169    .text.PendSV_Handler  stm32f10x_it.o
    0x0800016a   0x0800016a   0x00000002   PAD
    0x0800016c   0x0800016c   0x00000002   Code   RO         1165    .text.SVC_Handler   stm32f10x_it.o
    0x0800016e   0x0800016e   0x00000002   PAD
    0x08000170   0x08000170   0x00000002   Code   RO         1171    .text.SysTick_Handler  stm32f10x_it.o
    0x08000172   0x08000172   0x00000002   PAD
    0x08000174   0x08000174   0x00000110   Code   RO           11    .text.SystemInit    system_stm32f10x.o
    0x08000284   0x08000284   0x00000002   Code   RO         1163    .text.UsageFault_Handler  stm32f10x_it.o
    0x08000286   0x08000286   0x00000002   PAD
    0x08000288   0x08000288   0x00000002   Code   RO         1146    .text.main          main.o
    0x0800028a   0x0800028a   0x0000000e   Code   RO         1202    i.__scatterload_copy  mc_w.l(handlers.o)
    0x08000298   0x08000298   0x00000002   Code   RO         1203    i.__scatterload_null  mc_w.l(handlers.o)
    0x0800029a   0x0800029a   0x0000000e   Code   RO         1204    i.__scatterload_zeroinit  mc_w.l(handlers.o)
    0x080002a8   0x080002a8   0x00000010   Data   RO         1201    Region$$Table       anon$$obj.o


    Execution Region RW_IRAM1 (Exec base: 0x20000000, Load base: 0x080002b8, Size: 0x00000400, Max: 0x00005000, ABSOLUTE)

    Exec Addr    Load Addr    Size         Type   Attr      Idx    E Section Name        Object

    0x20000000        -       0x00000400   Zero   RW            1    STACK               startup_stm32f10x_md.o


==============================================================================

Image component sizes


      Code (inc. data)   RO Data    RW Data    ZI Data      Debug   Object Name

         2          0          0          0          0        410   main.o
        36          8        236          0       1024        868   startup_stm32f10x_md.o
        18          0          0          0          0       1032   stm32f10x_it.o
       272          0          0          0          0       2608   system_stm32f10x.o

    ----------------------------------------------------------------------
       346          8        252          0       1024       4918   Object Totals
         0          0         16          0          0          0   (incl. Generated)
        18          0          0          0          0          0   (incl. Padding)

    ----------------------------------------------------------------------

      Code (inc. data)   RO Data    RW Data    ZI Data      Debug   Library Member Name

         0          0          0          0          0          0   entry.o
         0          0          0          0          0          0   entry10a.o
         0          0          0          0          0          0   entry11a.o
         8          4          0          0          0          0   entry2.o
         4          0          0          0          0          0   entry5.o
         0          0          0          0          0          0   entry7b.o
         0          0          0          0          0          0   entry8b.o
         8          4          0          0          0          0   entry9a.o
        30          0          0          0          0          0   handlers.o
        48         10          0          0          0         68   init.o

    ----------------------------------------------------------------------
        98         18          0          0          0         68   Library Totals
         0          0          0          0          0          0   (incl. Padding)

    ----------------------------------------------------------------------

      Code (inc. data)   RO Data    RW Data    ZI Data      Debug   Library Name

        98         18          0          0          0         68   mc_w.l

    ----------------------------------------------------------------------
        98         18          0          0          0         68   Library Totals

    ----------------------------------------------------------------------

==============================================================================


      Code (inc. data)   RO Data    RW Data    ZI Data      Debug   

       444         26        252          0       1024       5098   Grand Totals
       444         26        252          0       1024       5098   ELF Image Totals
       444         26        252          0          0          0   ROM Totals

==============================================================================

    Total RO  Size (Code + RO Data)                  696 (   0.68kB)
    Total RW  Size (RW Data + ZI Data)              1024 (   1.00kB)
    Total ROM Size (Code + RO Data + RW Data)        696 (   0.68kB)

==============================================================================

