<html>
<body>
<pre>
<h1>µVision Build Log</h1>
<h2>Tool Versions:</h2>
IDE-Version: ¦ÌVision V5.39.0.0
Copyright (C) 2023 ARM Ltd and ARM Germany GmbH. All rights reserved.
License Information: 1 1, 1, LIC=PE7DL-0JDX4-SBDEJ-UY999-FV8YI-7715M
 
Tool Versions:
Toolchain:       MDK-ARM Plus  Version: 5.39.0.0
Toolchain Path:  D:\Program_Files\Keil_ARM\ARM\ARMCLANG\Bin
C Compiler:      ArmClang.exe V6.21
Assembler:       Armasm.exe V6.21
Linker/Locator:  ArmLink.exe V6.21
Library Manager: ArmAr.exe V6.21
Hex Converter:   FromElf.exe V6.21
CPU DLL:         SARMCM3.DLL V5.39.0.0
Dialog DLL:      DCM.DLL V1.17.5.0
Target DLL:      STLink\ST-LINKIII-KEIL_SWO.dll V3.2.0.0
Dialog DLL:      TCM.DLL V1.56.4.0
 
<h2>Project:</h2>
D:\Zhe\Study\STM32\STM32_learn\Demos\F103C8T6_std-lib_demo\08_GPIO_RCC_EXTI_SysTick_USART_DMA_Hardware_SPI_OLED\Project\MDK-ARM\Peoject_SPI_OLED.uvprojx
Project File Date:  04/18/2024

<h2>Output:</h2>
*** Using Compiler 'V6.21', folder: 'D:\Program_Files\Keil_ARM\ARM\ARMCLANG\Bin'
Rebuild target 'Target 1'
compiling misc.c...
compiling stm32f10x_cec.c...
compiling stm32f10x_bkp.c...
assembling startup_stm32f10x_md.s...
compiling stm32f10x_adc.c...
compiling system_stm32f10x.c...
compiling stm32f10x_can.c...
compiling stm32f10x_dac.c...
compiling stm32f10x_crc.c...
compiling stm32f10x_dbgmcu.c...
compiling stm32f10x_dma.c...
compiling stm32f10x_exti.c...
compiling stm32f10x_fsmc.c...
compiling stm32f10x_gpio.c...
compiling stm32f10x_iwdg.c...
compiling stm32f10x_flash.c...
compiling stm32f10x_pwr.c...
compiling stm32f10x_i2c.c...
compiling stm32f10x_rcc.c...
compiling stm32f10x_rtc.c...
compiling stm32f10x_wwdg.c...
compiling stm32f10x_spi.c...
compiling stm32f10x_sdio.c...
compiling stm32f10x_usart.c...
compiling main.c...
compiling stm32f10x_it.c...
compiling stm32f10x_tim.c...
compiling bsp_rcc_mco.c...
compiling bsp_led.c...
compiling bsp_key.c...
compiling bsp_exti.c...
compiling bsp_usart.c...
compiling bsp_systick.c...
compiling bsp_dma.c...
compiling bsp_spi.c...
compiling bsp_oled.c...
linking...
Program Size: Code=8408 RO-data=1192 RW-data=2056 ZI-data=3344  
FromELF: creating hex file...
"..\..\Output\Peoject_Template.axf" - 0 Error(s), 0 Warning(s).

<h2>Software Packages used:</h2>

Package Vendor: Keil
                https://www.keil.com/pack/Keil.STM32F1xx_DFP.2.4.1.pack
                Keil::STM32F1xx_DFP@2.4.1
                STMicroelectronics STM32F1 Series Device Support, Drivers and Examples

<h2>Collection of Component include folders:</h2>
  D:/Program_Files/Keil_ARM/Packs/Keil/STM32F1xx_DFP/2.4.1/Device/Include

<h2>Collection of Component Files used:</h2>
Build Time Elapsed:  00:00:03
</pre>
</body>
</html>
