<html>
<body>
<pre>
<h1>µVision Build Log</h1>
<h2>Tool Versions:</h2>
IDE-Version: ¦ÌVision V5.39.0.0
Copyright (C) 2023 ARM Ltd and ARM Germany GmbH. All rights reserved.
License Information: 1 1, 1, LIC=PE7DL-0JDX4-SBDEJ-UY999-FV8YI-7715M
 
Tool Versions:
Toolchain:       MDK-ARM Plus  Version: 5.39.0.0
Toolchain Path:  D:\Program_Files\Keil_ARM\ARM\ARMCLANG\Bin
C Compiler:      ArmClang.exe V6.21
Assembler:       Armasm.exe V6.21
Linker/Locator:  ArmLink.exe V6.21
Library Manager: ArmAr.exe V6.21
Hex Converter:   FromElf.exe V6.21
CPU DLL:         SARMCM3.DLL V5.39.0.0
Dialog DLL:      DCM.DLL V1.17.5.0
Target DLL:      STLink\ST-LINKIII-KEIL_SWO.dll V3.2.0.0
Dialog DLL:      TCM.DLL V1.56.4.0
 
<h2>Project:</h2>
D:\Zhe\Study\STM32\STM32_learn\Demos\F103C8T6_hal-lib_demo\03_HAL_GPIO_EXTI_USART\MDK-ARM\03_HAL_GPIO_EXTI_USART.uvprojx
Project File Date:  06/24/2024

<h2>Output:</h2>
*** Using Compiler 'V6.21', folder: 'D:\Program_Files\Keil_ARM\ARM\ARMCLANG\Bin'
Build target '03_HAL_GPIO_EXTI_USART'
compiling main.c...
compiling usart.c...
linking...
Program Size: Code=11970 RO-data=766 RW-data=160 ZI-data=2208  
"03_HAL_GPIO_EXTI_USART\03_HAL_GPIO_EXTI_USART.axf" - 0 Error(s), 0 Warning(s).

<h2>Software Packages used:</h2>

Package Vendor: ARM
                http://www.keil.com/pack/ARM.CMSIS.5.9.0.pack
                ARM::CMSIS@5.9.0
                CMSIS (Common Microcontroller Software Interface Standard)
   * Component: CORE Version: 5.6.0

Package Vendor: Keil
                https://www.keil.com/pack/Keil.STM32F1xx_DFP.2.4.1.pack
                Keil::STM32F1xx_DFP@2.4.1
                STMicroelectronics STM32F1 Series Device Support, Drivers and Examples

<h2>Collection of Component include folders:</h2>
  ./RTE/_03_HAL_GPIO_EXTI_USART
  D:/Program_Files/Keil_ARM/Packs/ARM/CMSIS/5.9.0/CMSIS/Core/Include
  D:/Program_Files/Keil_ARM/Packs/Keil/STM32F1xx_DFP/2.4.1/Device/Include

<h2>Collection of Component Files used:</h2>

   * Component: ARM::CMSIS:CORE@5.6.0
Build Time Elapsed:  00:00:01
</pre>
</body>
</html>
