Component: Arm Compiler for Embedded 6.21 Tool: armlink [5ec1fa00]

==============================================================================

Section Cross References

    startup_stm32f10x_md.o(RESET) refers to startup_stm32f10x_md.o(STACK) for __initial_sp
    startup_stm32f10x_md.o(RESET) refers to startup_stm32f10x_md.o(.text) for Reset_Handler
    startup_stm32f10x_md.o(RESET) refers to stm32f10x_it.o(.text.NMI_Handler) for NMI_Handler
    startup_stm32f10x_md.o(RESET) refers to stm32f10x_it.o(.text.HardFault_Handler) for HardFault_Handler
    startup_stm32f10x_md.o(RESET) refers to stm32f10x_it.o(.text.MemManage_Handler) for MemManage_Handler
    startup_stm32f10x_md.o(RESET) refers to stm32f10x_it.o(.text.BusFault_Handler) for BusFault_Handler
    startup_stm32f10x_md.o(RESET) refers to stm32f10x_it.o(.text.UsageFault_Handler) for UsageFault_Handler
    startup_stm32f10x_md.o(RESET) refers to stm32f10x_it.o(.text.SVC_Handler) for SVC_Handler
    startup_stm32f10x_md.o(RESET) refers to stm32f10x_it.o(.text.DebugMon_Handler) for DebugMon_Handler
    startup_stm32f10x_md.o(RESET) refers to stm32f10x_it.o(.text.PendSV_Handler) for PendSV_Handler
    startup_stm32f10x_md.o(RESET) refers to stm32f10x_it.o(.text.SysTick_Handler) for SysTick_Handler
    startup_stm32f10x_md.o(RESET) refers to stm32f10x_it.o(.text.EXTI0_IRQHandler) for EXTI0_IRQHandler
    startup_stm32f10x_md.o(RESET) refers to stm32f10x_it.o(.text.EXTI1_IRQHandler) for EXTI1_IRQHandler
    startup_stm32f10x_md.o(RESET) refers to stm32f10x_it.o(.text.DMA1_Channel5_IRQHandler) for DMA1_Channel5_IRQHandler
    startup_stm32f10x_md.o(RESET) refers to stm32f10x_it.o(.text.USART1_IRQHandler) for USART1_IRQHandler
    startup_stm32f10x_md.o(.text) refers to system_stm32f10x.o(.text.SystemInit) for SystemInit
    startup_stm32f10x_md.o(.text) refers to entry.o(.ARM.Collect$$$$00000000) for __main
    system_stm32f10x.o(.ARM.exidx.text.SystemInit) refers to system_stm32f10x.o(.text.SystemInit) for [Anonymous Symbol]
    system_stm32f10x.o(.text.SystemCoreClockUpdate) refers to system_stm32f10x.o(.data.SystemCoreClock) for SystemCoreClock
    system_stm32f10x.o(.text.SystemCoreClockUpdate) refers to system_stm32f10x.o(.rodata.AHBPrescTable) for AHBPrescTable
    system_stm32f10x.o(.ARM.exidx.text.SystemCoreClockUpdate) refers to system_stm32f10x.o(.text.SystemCoreClockUpdate) for [Anonymous Symbol]
    misc.o(.ARM.exidx.text.NVIC_PriorityGroupConfig) refers to misc.o(.text.NVIC_PriorityGroupConfig) for [Anonymous Symbol]
    misc.o(.ARM.exidx.text.NVIC_Init) refers to misc.o(.text.NVIC_Init) for [Anonymous Symbol]
    misc.o(.ARM.exidx.text.NVIC_SetVectorTable) refers to misc.o(.text.NVIC_SetVectorTable) for [Anonymous Symbol]
    misc.o(.ARM.exidx.text.NVIC_SystemLPConfig) refers to misc.o(.text.NVIC_SystemLPConfig) for [Anonymous Symbol]
    misc.o(.ARM.exidx.text.SysTick_CLKSourceConfig) refers to misc.o(.text.SysTick_CLKSourceConfig) for [Anonymous Symbol]
    stm32f10x_adc.o(.text.ADC_DeInit) refers to stm32f10x_rcc.o(.text.RCC_APB2PeriphResetCmd) for RCC_APB2PeriphResetCmd
    stm32f10x_adc.o(.ARM.exidx.text.ADC_DeInit) refers to stm32f10x_adc.o(.text.ADC_DeInit) for [Anonymous Symbol]
    stm32f10x_adc.o(.ARM.exidx.text.ADC_Init) refers to stm32f10x_adc.o(.text.ADC_Init) for [Anonymous Symbol]
    stm32f10x_adc.o(.ARM.exidx.text.ADC_StructInit) refers to stm32f10x_adc.o(.text.ADC_StructInit) for [Anonymous Symbol]
    stm32f10x_adc.o(.ARM.exidx.text.ADC_Cmd) refers to stm32f10x_adc.o(.text.ADC_Cmd) for [Anonymous Symbol]
    stm32f10x_adc.o(.ARM.exidx.text.ADC_DMACmd) refers to stm32f10x_adc.o(.text.ADC_DMACmd) for [Anonymous Symbol]
    stm32f10x_adc.o(.ARM.exidx.text.ADC_ITConfig) refers to stm32f10x_adc.o(.text.ADC_ITConfig) for [Anonymous Symbol]
    stm32f10x_adc.o(.ARM.exidx.text.ADC_ResetCalibration) refers to stm32f10x_adc.o(.text.ADC_ResetCalibration) for [Anonymous Symbol]
    stm32f10x_adc.o(.ARM.exidx.text.ADC_GetResetCalibrationStatus) refers to stm32f10x_adc.o(.text.ADC_GetResetCalibrationStatus) for [Anonymous Symbol]
    stm32f10x_adc.o(.ARM.exidx.text.ADC_StartCalibration) refers to stm32f10x_adc.o(.text.ADC_StartCalibration) for [Anonymous Symbol]
    stm32f10x_adc.o(.ARM.exidx.text.ADC_GetCalibrationStatus) refers to stm32f10x_adc.o(.text.ADC_GetCalibrationStatus) for [Anonymous Symbol]
    stm32f10x_adc.o(.ARM.exidx.text.ADC_SoftwareStartConvCmd) refers to stm32f10x_adc.o(.text.ADC_SoftwareStartConvCmd) for [Anonymous Symbol]
    stm32f10x_adc.o(.ARM.exidx.text.ADC_GetSoftwareStartConvStatus) refers to stm32f10x_adc.o(.text.ADC_GetSoftwareStartConvStatus) for [Anonymous Symbol]
    stm32f10x_adc.o(.ARM.exidx.text.ADC_DiscModeChannelCountConfig) refers to stm32f10x_adc.o(.text.ADC_DiscModeChannelCountConfig) for [Anonymous Symbol]
    stm32f10x_adc.o(.ARM.exidx.text.ADC_DiscModeCmd) refers to stm32f10x_adc.o(.text.ADC_DiscModeCmd) for [Anonymous Symbol]
[...]
    Removing stm32f10x_sdio.o(.ARM.exidx.text.SDIO_DataConfig), (8 bytes).
    Removing stm32f10x_sdio.o(.text.SDIO_DataStructInit), (20 bytes).
    Removing stm32f10x_sdio.o(.ARM.exidx.text.SDIO_DataStructInit), (8 bytes).
    Removing stm32f10x_sdio.o(.text.SDIO_GetDataCounter), (12 bytes).
    Removing stm32f10x_sdio.o(.ARM.exidx.text.SDIO_GetDataCounter), (8 bytes).
    Removing stm32f10x_sdio.o(.text.SDIO_ReadData), (12 bytes).
    Removing stm32f10x_sdio.o(.ARM.exidx.text.SDIO_ReadData), (8 bytes).
    Removing stm32f10x_sdio.o(.text.SDIO_WriteData), (12 bytes).
    Removing stm32f10x_sdio.o(.ARM.exidx.text.SDIO_WriteData), (8 bytes).
    Removing stm32f10x_sdio.o(.text.SDIO_GetFIFOCount), (12 bytes).
    Removing stm32f10x_sdio.o(.ARM.exidx.text.SDIO_GetFIFOCount), (8 bytes).
    Removing stm32f10x_sdio.o(.text.SDIO_StartSDIOReadWait), (12 bytes).
    Removing stm32f10x_sdio.o(.ARM.exidx.text.SDIO_StartSDIOReadWait), (8 bytes).
    Removing stm32f10x_sdio.o(.text.SDIO_StopSDIOReadWait), (12 bytes).
    Removing stm32f10x_sdio.o(.ARM.exidx.text.SDIO_StopSDIOReadWait), (8 bytes).
    Removing stm32f10x_sdio.o(.text.SDIO_SetSDIOReadWaitMode), (12 bytes).
    Removing stm32f10x_sdio.o(.ARM.exidx.text.SDIO_SetSDIOReadWaitMode), (8 bytes).
    Removing stm32f10x_sdio.o(.text.SDIO_SetSDIOOperation), (12 bytes).
    Removing stm32f10x_sdio.o(.ARM.exidx.text.SDIO_SetSDIOOperation), (8 bytes).
    Removing stm32f10x_sdio.o(.text.SDIO_SendSDIOSuspendCmd), (12 bytes).
    Removing stm32f10x_sdio.o(.ARM.exidx.text.SDIO_SendSDIOSuspendCmd), (8 bytes).
    Removing stm32f10x_sdio.o(.text.SDIO_CommandCompletionCmd), (12 bytes).
    Removing stm32f10x_sdio.o(.ARM.exidx.text.SDIO_CommandCompletionCmd), (8 bytes).
    Removing stm32f10x_sdio.o(.text.SDIO_CEATAITCmd), (18 bytes).
    Removing stm32f10x_sdio.o(.ARM.exidx.text.SDIO_CEATAITCmd), (8 bytes).
    Removing stm32f10x_sdio.o(.text.SDIO_SendCEATACmd), (12 bytes).
    Removing stm32f10x_sdio.o(.ARM.exidx.text.SDIO_SendCEATACmd), (8 bytes).
    Removing stm32f10x_sdio.o(.text.SDIO_GetFlagStatus), (18 bytes).
    Removing stm32f10x_sdio.o(.ARM.exidx.text.SDIO_GetFlagStatus), (8 bytes).
    Removing stm32f10x_sdio.o(.text.SDIO_ClearFlag), (12 bytes).
    Removing stm32f10x_sdio.o(.ARM.exidx.text.SDIO_ClearFlag), (8 bytes).
    Removing stm32f10x_sdio.o(.text.SDIO_GetITStatus), (18 bytes).
    Removing stm32f10x_sdio.o(.ARM.exidx.text.SDIO_GetITStatus), (8 bytes).
    Removing stm32f10x_sdio.o(.text.SDIO_ClearITPendingBit), (12 bytes).
    Removing stm32f10x_sdio.o(.ARM.exidx.text.SDIO_ClearITPendingBit), (8 bytes).
    Removing stm32f10x_spi.o(.text), (0 bytes).
    Removing stm32f10x_spi.o(.text.SPI_I2S_DeInit), (104 bytes).
    Removing stm32f10x_spi.o(.ARM.exidx.text.SPI_I2S_DeInit), (8 bytes).
    Removing stm32f10x_spi.o(.text.SPI_Init), (70 bytes).
    Removing stm32f10x_spi.o(.ARM.exidx.text.SPI_Init), (8 bytes).
    Removing stm32f10x_spi.o(.text.I2S_Init), (162 bytes).
    Removing stm32f10x_spi.o(.ARM.exidx.text.I2S_Init), (8 bytes).
    Removing stm32f10x_spi.o(.text.SPI_StructInit), (16 bytes).
    Removing stm32f10x_spi.o(.ARM.exidx.text.SPI_StructInit), (8 bytes).
    Removing stm32f10x_spi.o(.text.I2S_StructInit), (14 bytes).
    Removing stm32f10x_spi.o(.ARM.exidx.text.I2S_StructInit), (8 bytes).
    Removing stm32f10x_spi.o(.text.SPI_Cmd), (20 bytes).
    Removing stm32f10x_spi.o(.ARM.exidx.text.SPI_Cmd), (8 bytes).
    Removing stm32f10x_spi.o(.text.I2S_Cmd), (20 bytes).
    Removing stm32f10x_spi.o(.ARM.exidx.text.I2S_Cmd), (8 bytes).
    Removing stm32f10x_spi.o(.text.SPI_I2S_ITConfig), (24 bytes).
    Removing stm32f10x_spi.o(.ARM.exidx.text.SPI_I2S_ITConfig), (8 bytes).
    Removing stm32f10x_spi.o(.text.SPI_I2S_DMACmd), (16 bytes).
    Removing stm32f10x_spi.o(.ARM.exidx.text.SPI_I2S_DMACmd), (8 bytes).
    Removing stm32f10x_spi.o(.text.SPI_I2S_SendData), (4 bytes).
    Removing stm32f10x_spi.o(.ARM.exidx.text.SPI_I2S_SendData), (8 bytes).
    Removing stm32f10x_spi.o(.text.SPI_I2S_ReceiveData), (4 bytes).
    Removing stm32f10x_spi.o(.ARM.exidx.text.SPI_I2S_ReceiveData), (8 bytes).
    Removing stm32f10x_spi.o(.text.SPI_NSSInternalSoftwareConfig), (24 bytes).
    Removing stm32f10x_spi.o(.ARM.exidx.text.SPI_NSSInternalSoftwareConfig), (8 bytes).
    Removing stm32f10x_spi.o(.text.SPI_SSOutputCmd), (20 bytes).
    Removing stm32f10x_spi.o(.ARM.exidx.text.SPI_SSOutputCmd), (8 bytes).
    Removing stm32f10x_spi.o(.text.SPI_DataSizeConfig), (16 bytes).
    Removing stm32f10x_spi.o(.ARM.exidx.text.SPI_DataSizeConfig), (8 bytes).
    Removing stm32f10x_spi.o(.text.SPI_TransmitCRC), (10 bytes).
    Removing stm32f10x_spi.o(.ARM.exidx.text.SPI_TransmitCRC), (8 bytes).
    Removing stm32f10x_spi.o(.text.SPI_CalculateCRC), (20 bytes).
    Removing stm32f10x_spi.o(.ARM.exidx.text.SPI_CalculateCRC), (8 bytes).
    Removing stm32f10x_spi.o(.text.SPI_GetCRC), (12 bytes).
    Removing stm32f10x_spi.o(.ARM.exidx.text.SPI_GetCRC), (8 bytes).
    Removing stm32f10x_spi.o(.text.SPI_GetCRCPolynomial), (4 bytes).
    Removing stm32f10x_spi.o(.ARM.exidx.text.SPI_GetCRCPolynomial), (8 bytes).
    Removing stm32f10x_spi.o(.text.SPI_BiDirectionalLineConfig), (24 bytes).
    Removing stm32f10x_spi.o(.ARM.exidx.text.SPI_BiDirectionalLineConfig), (8 bytes).
    Removing stm32f10x_spi.o(.text.SPI_I2S_GetFlagStatus), (10 bytes).
    Removing stm32f10x_spi.o(.ARM.exidx.text.SPI_I2S_GetFlagStatus), (8 bytes).
    Removing stm32f10x_spi.o(.text.SPI_I2S_ClearFlag), (6 bytes).
    Removing stm32f10x_spi.o(.ARM.exidx.text.SPI_I2S_ClearFlag), (8 bytes).
    Removing stm32f10x_spi.o(.text.SPI_I2S_GetITStatus), (24 bytes).
    Removing stm32f10x_spi.o(.ARM.exidx.text.SPI_I2S_GetITStatus), (8 bytes).
    Removing stm32f10x_spi.o(.text.SPI_I2S_ClearITPendingBit), (16 bytes).
    Removing stm32f10x_spi.o(.ARM.exidx.text.SPI_I2S_ClearITPendingBit), (8 bytes).
    Removing stm32f10x_tim.o(.text), (0 bytes).
    Removing stm32f10x_tim.o(.text.TIM_DeInit), (560 bytes).
    Removing stm32f10x_tim.o(.ARM.exidx.text.TIM_DeInit), (8 bytes).
    Removing stm32f10x_tim.o(.text.TIM_TimeBaseInit), (172 bytes).
    Removing stm32f10x_tim.o(.ARM.exidx.text.TIM_TimeBaseInit), (8 bytes).
    Removing stm32f10x_tim.o(.text.TIM_OC1Init), (114 bytes).
    Removing stm32f10x_tim.o(.ARM.exidx.text.TIM_OC1Init), (8 bytes).
    Removing stm32f10x_tim.o(.text.TIM_OC2Init), (116 bytes).
    Removing stm32f10x_tim.o(.ARM.exidx.text.TIM_OC2Init), (8 bytes).
    Removing stm32f10x_tim.o(.text.TIM_OC3Init), (116 bytes).
    Removing stm32f10x_tim.o(.ARM.exidx.text.TIM_OC3Init), (8 bytes).
    Removing stm32f10x_tim.o(.text.TIM_OC4Init), (92 bytes).
    Removing stm32f10x_tim.o(.ARM.exidx.text.TIM_OC4Init), (8 bytes).
    Removing stm32f10x_tim.o(.text.TIM_ICInit), (670 bytes).
    Removing stm32f10x_tim.o(.ARM.exidx.text.TIM_ICInit), (8 bytes).
    Removing stm32f10x_tim.o(.text.TIM_SetIC1Prescaler), (16 bytes).
    Removing stm32f10x_tim.o(.ARM.exidx.text.TIM_SetIC1Prescaler), (8 bytes).
    Removing stm32f10x_tim.o(.text.TIM_SetIC2Prescaler), (18 bytes).
    Removing stm32f10x_tim.o(.ARM.exidx.text.TIM_SetIC2Prescaler), (8 bytes).
    Removing stm32f10x_tim.o(.text.TIM_SetIC3Prescaler), (16 bytes).
    Removing stm32f10x_tim.o(.ARM.exidx.text.TIM_SetIC3Prescaler), (8 bytes).
    Removing stm32f10x_tim.o(.text.TIM_SetIC4Prescaler), (18 bytes).
    Removing stm32f10x_tim.o(.ARM.exidx.text.TIM_SetIC4Prescaler), (8 bytes).
    Removing stm32f10x_tim.o(.text.TIM_PWMIConfig), (594 bytes).
    Removing stm32f10x_tim.o(.ARM.exidx.text.TIM_PWMIConfig), (8 bytes).
    Removing stm32f10x_tim.o(.text.TIM_BDTRConfig), (40 bytes).
    Removing stm32f10x_tim.o(.ARM.exidx.text.TIM_BDTRConfig), (8 bytes).
    Removing stm32f10x_tim.o(.text.TIM_TimeBaseStructInit), (20 bytes).
    Removing stm32f10x_tim.o(.ARM.exidx.text.TIM_TimeBaseStructInit), (8 bytes).
    Removing stm32f10x_tim.o(.text.TIM_OCStructInit), (12 bytes).
    Removing stm32f10x_tim.o(.ARM.exidx.text.TIM_OCStructInit), (8 bytes).
    Removing stm32f10x_tim.o(.text.TIM_ICStructInit), (12 bytes).
    Removing stm32f10x_tim.o(.ARM.exidx.text.TIM_ICStructInit), (8 bytes).
    Removing stm32f10x_tim.o(.text.TIM_BDTRStructInit), (12 bytes).
    Removing stm32f10x_tim.o(.ARM.exidx.text.TIM_BDTRStructInit), (8 bytes).
    Removing stm32f10x_tim.o(.text.TIM_Cmd), (18 bytes).
    Removing stm32f10x_tim.o(.ARM.exidx.text.TIM_Cmd), (8 bytes).
    Removing stm32f10x_tim.o(.text.TIM_CtrlPWMOutputs), (24 bytes).
    Removing stm32f10x_tim.o(.ARM.exidx.text.TIM_CtrlPWMOutputs), (8 bytes).
    Removing stm32f10x_tim.o(.text.TIM_ITConfig), (16 bytes).
    Removing stm32f10x_tim.o(.ARM.exidx.text.TIM_ITConfig), (8 bytes).
    Removing stm32f10x_tim.o(.text.TIM_GenerateEvent), (4 bytes).
    Removing stm32f10x_tim.o(.ARM.exidx.text.TIM_GenerateEvent), (8 bytes).
    Removing stm32f10x_tim.o(.text.TIM_DMAConfig), (8 bytes).
    Removing stm32f10x_tim.o(.ARM.exidx.text.TIM_DMAConfig), (8 bytes).
    Removing stm32f10x_tim.o(.text.TIM_DMACmd), (16 bytes).
    Removing stm32f10x_tim.o(.ARM.exidx.text.TIM_DMACmd), (8 bytes).
    Removing stm32f10x_tim.o(.text.TIM_InternalClockConfig), (10 bytes).
    Removing stm32f10x_tim.o(.ARM.exidx.text.TIM_InternalClockConfig), (8 bytes).
    Removing stm32f10x_tim.o(.text.TIM_ITRxExternalClockConfig), (20 bytes).
    Removing stm32f10x_tim.o(.ARM.exidx.text.TIM_ITRxExternalClockConfig), (8 bytes).
    Removing stm32f10x_tim.o(.text.TIM_SelectInputTrigger), (12 bytes).
    Removing stm32f10x_tim.o(.ARM.exidx.text.TIM_SelectInputTrigger), (8 bytes).
    Removing stm32f10x_tim.o(.text.TIM_TIxExternalClockConfig), (280 bytes).
    Removing stm32f10x_tim.o(.ARM.exidx.text.TIM_TIxExternalClockConfig), (8 bytes).
    Removing stm32f10x_tim.o(.text.TIM_ETRClockMode1Config), (30 bytes).
    Removing stm32f10x_tim.o(.ARM.exidx.text.TIM_ETRClockMode1Config), (8 bytes).
    Removing stm32f10x_tim.o(.text.TIM_ETRConfig), (22 bytes).
    Removing stm32f10x_tim.o(.ARM.exidx.text.TIM_ETRConfig), (8 bytes).
    Removing stm32f10x_tim.o(.text.TIM_ETRClockMode2Config), (30 bytes).
    Removing stm32f10x_tim.o(.ARM.exidx.text.TIM_ETRClockMode2Config), (8 bytes).
    Removing stm32f10x_tim.o(.text.TIM_PrescalerConfig), (6 bytes).
    Removing stm32f10x_tim.o(.ARM.exidx.text.TIM_PrescalerConfig), (8 bytes).
    Removing stm32f10x_tim.o(.text.TIM_CounterModeConfig), (12 bytes).
    Removing stm32f10x_tim.o(.ARM.exidx.text.TIM_CounterModeConfig), (8 bytes).
    Removing stm32f10x_tim.o(.text.TIM_EncoderInterfaceConfig), (48 bytes).
    Removing stm32f10x_tim.o(.ARM.exidx.text.TIM_EncoderInterfaceConfig), (8 bytes).
    Removing stm32f10x_tim.o(.text.TIM_ForcedOC1Config), (12 bytes).
    Removing stm32f10x_tim.o(.ARM.exidx.text.TIM_ForcedOC1Config), (8 bytes).
    Removing stm32f10x_tim.o(.text.TIM_ForcedOC2Config), (14 bytes).
    Removing stm32f10x_tim.o(.ARM.exidx.text.TIM_ForcedOC2Config), (8 bytes).
    Removing stm32f10x_tim.o(.text.TIM_ForcedOC3Config), (12 bytes).
    Removing stm32f10x_tim.o(.ARM.exidx.text.TIM_ForcedOC3Config), (8 bytes).
    Removing stm32f10x_tim.o(.text.TIM_ForcedOC4Config), (14 bytes).
    Removing stm32f10x_tim.o(.ARM.exidx.text.TIM_ForcedOC4Config), (8 bytes).
    Removing stm32f10x_tim.o(.text.TIM_ARRPreloadConfig), (20 bytes).
    Removing stm32f10x_tim.o(.ARM.exidx.text.TIM_ARRPreloadConfig), (8 bytes).
    Removing stm32f10x_tim.o(.text.TIM_SelectCOM), (20 bytes).
    Removing stm32f10x_tim.o(.ARM.exidx.text.TIM_SelectCOM), (8 bytes).
    Removing stm32f10x_tim.o(.text.TIM_SelectCCDMA), (20 bytes).
    Removing stm32f10x_tim.o(.ARM.exidx.text.TIM_SelectCCDMA), (8 bytes).
    Removing stm32f10x_tim.o(.text.TIM_CCPreloadControl), (18 bytes).
    Removing stm32f10x_tim.o(.ARM.exidx.text.TIM_CCPreloadControl), (8 bytes).
    Removing stm32f10x_tim.o(.text.TIM_OC1PreloadConfig), (12 bytes).
    Removing stm32f10x_tim.o(.ARM.exidx.text.TIM_OC1PreloadConfig), (8 bytes).
    Removing stm32f10x_tim.o(.text.TIM_OC2PreloadConfig), (14 bytes).
    Removing stm32f10x_tim.o(.ARM.exidx.text.TIM_OC2PreloadConfig), (8 bytes).
    Removing stm32f10x_tim.o(.text.TIM_OC3PreloadConfig), (12 bytes).
    Removing stm32f10x_tim.o(.ARM.exidx.text.TIM_OC3PreloadConfig), (8 bytes).
    Removing stm32f10x_tim.o(.text.TIM_OC4PreloadConfig), (14 bytes).
    Removing stm32f10x_tim.o(.ARM.exidx.text.TIM_OC4PreloadConfig), (8 bytes).
    Removing stm32f10x_tim.o(.text.TIM_OC1FastConfig), (12 bytes).
    Removing stm32f10x_tim.o(.ARM.exidx.text.TIM_OC1FastConfig), (8 bytes).
    Removing stm32f10x_tim.o(.text.TIM_OC2FastConfig), (14 bytes).
    Removing stm32f10x_tim.o(.ARM.exidx.text.TIM_OC2FastConfig), (8 bytes).
    Removing stm32f10x_tim.o(.text.TIM_OC3FastConfig), (12 bytes).
    Removing stm32f10x_tim.o(.ARM.exidx.text.TIM_OC3FastConfig), (8 bytes).
    Removing stm32f10x_tim.o(.text.TIM_OC4FastConfig), (14 bytes).
    Removing stm32f10x_tim.o(.ARM.exidx.text.TIM_OC4FastConfig), (8 bytes).
    Removing stm32f10x_tim.o(.text.TIM_ClearOC1Ref), (12 bytes).
    Removing stm32f10x_tim.o(.ARM.exidx.text.TIM_ClearOC1Ref), (8 bytes).
    Removing stm32f10x_tim.o(.text.TIM_ClearOC2Ref), (14 bytes).
    Removing stm32f10x_tim.o(.ARM.exidx.text.TIM_ClearOC2Ref), (8 bytes).
    Removing stm32f10x_tim.o(.text.TIM_ClearOC3Ref), (12 bytes).
    Removing stm32f10x_tim.o(.ARM.exidx.text.TIM_ClearOC3Ref), (8 bytes).
    Removing stm32f10x_tim.o(.text.TIM_ClearOC4Ref), (14 bytes).
    Removing stm32f10x_tim.o(.ARM.exidx.text.TIM_ClearOC4Ref), (8 bytes).
    Removing stm32f10x_tim.o(.text.TIM_OC1PolarityConfig), (12 bytes).
    Removing stm32f10x_tim.o(.ARM.exidx.text.TIM_OC1PolarityConfig), (8 bytes).
    Removing stm32f10x_tim.o(.text.TIM_OC1NPolarityConfig), (12 bytes).
    Removing stm32f10x_tim.o(.ARM.exidx.text.TIM_OC1NPolarityConfig), (8 bytes).
    Removing stm32f10x_tim.o(.text.TIM_OC2PolarityConfig), (14 bytes).
    Removing stm32f10x_tim.o(.ARM.exidx.text.TIM_OC2PolarityConfig), (8 bytes).
    Removing stm32f10x_tim.o(.text.TIM_OC2NPolarityConfig), (14 bytes).
    Removing stm32f10x_tim.o(.ARM.exidx.text.TIM_OC2NPolarityConfig), (8 bytes).
    Removing stm32f10x_tim.o(.text.TIM_OC3PolarityConfig), (14 bytes).
    Removing stm32f10x_tim.o(.ARM.exidx.text.TIM_OC3PolarityConfig), (8 bytes).
    Removing stm32f10x_tim.o(.text.TIM_OC3NPolarityConfig), (14 bytes).
    Removing stm32f10x_tim.o(.ARM.exidx.text.TIM_OC3NPolarityConfig), (8 bytes).
    Removing stm32f10x_tim.o(.text.TIM_OC4PolarityConfig), (14 bytes).
    Removing stm32f10x_tim.o(.ARM.exidx.text.TIM_OC4PolarityConfig), (8 bytes).
    Removing stm32f10x_tim.o(.text.TIM_CCxCmd), (32 bytes).
    Removing stm32f10x_tim.o(.ARM.exidx.text.TIM_CCxCmd), (8 bytes).
    Removing stm32f10x_tim.o(.text.TIM_CCxNCmd), (32 bytes).
    Removing stm32f10x_tim.o(.ARM.exidx.text.TIM_CCxNCmd), (8 bytes).
    Removing stm32f10x_tim.o(.text.TIM_SelectOCxM), (82 bytes).
    Removing stm32f10x_tim.o(.ARM.exidx.text.TIM_SelectOCxM), (8 bytes).
    Removing stm32f10x_tim.o(.text.TIM_UpdateDisableConfig), (20 bytes).
    Removing stm32f10x_tim.o(.ARM.exidx.text.TIM_UpdateDisableConfig), (8 bytes).
    Removing stm32f10x_tim.o(.text.TIM_UpdateRequestConfig), (20 bytes).
    Removing stm32f10x_tim.o(.ARM.exidx.text.TIM_UpdateRequestConfig), (8 bytes).
    Removing stm32f10x_tim.o(.text.TIM_SelectHallSensor), (20 bytes).
    Removing stm32f10x_tim.o(.ARM.exidx.text.TIM_SelectHallSensor), (8 bytes).
    Removing stm32f10x_tim.o(.text.TIM_SelectOnePulseMode), (16 bytes).
    Removing stm32f10x_tim.o(.ARM.exidx.text.TIM_SelectOnePulseMode), (8 bytes).
    Removing stm32f10x_tim.o(.text.TIM_SelectOutputTrigger), (16 bytes).
    Removing stm32f10x_tim.o(.ARM.exidx.text.TIM_SelectOutputTrigger), (8 bytes).
    Removing stm32f10x_tim.o(.text.TIM_SelectSlaveMode), (16 bytes).
    Removing stm32f10x_tim.o(.ARM.exidx.text.TIM_SelectSlaveMode), (8 bytes).
    Removing stm32f10x_tim.o(.text.TIM_SelectMasterSlaveMode), (16 bytes).
    Removing stm32f10x_tim.o(.ARM.exidx.text.TIM_SelectMasterSlaveMode), (8 bytes).
    Removing stm32f10x_tim.o(.text.TIM_SetCounter), (4 bytes).
    Removing stm32f10x_tim.o(.ARM.exidx.text.TIM_SetCounter), (8 bytes).
    Removing stm32f10x_tim.o(.text.TIM_SetAutoreload), (4 bytes).
    Removing stm32f10x_tim.o(.ARM.exidx.text.TIM_SetAutoreload), (8 bytes).
    Removing stm32f10x_tim.o(.text.TIM_SetCompare1), (4 bytes).
    Removing stm32f10x_tim.o(.ARM.exidx.text.TIM_SetCompare1), (8 bytes).
    Removing stm32f10x_tim.o(.text.TIM_SetCompare2), (4 bytes).
    Removing stm32f10x_tim.o(.ARM.exidx.text.TIM_SetCompare2), (8 bytes).
    Removing stm32f10x_tim.o(.text.TIM_SetCompare3), (4 bytes).
    Removing stm32f10x_tim.o(.ARM.exidx.text.TIM_SetCompare3), (8 bytes).
    Removing stm32f10x_tim.o(.text.TIM_SetCompare4), (6 bytes).
    Removing stm32f10x_tim.o(.ARM.exidx.text.TIM_SetCompare4), (8 bytes).
    Removing stm32f10x_tim.o(.text.TIM_SetClockDivision), (16 bytes).
    Removing stm32f10x_tim.o(.ARM.exidx.text.TIM_SetClockDivision), (8 bytes).
    Removing stm32f10x_tim.o(.text.TIM_GetCapture1), (4 bytes).
    Removing stm32f10x_tim.o(.ARM.exidx.text.TIM_GetCapture1), (8 bytes).
    Removing stm32f10x_tim.o(.text.TIM_GetCapture2), (4 bytes).
    Removing stm32f10x_tim.o(.ARM.exidx.text.TIM_GetCapture2), (8 bytes).
    Removing stm32f10x_tim.o(.text.TIM_GetCapture3), (4 bytes).
    Removing stm32f10x_tim.o(.ARM.exidx.text.TIM_GetCapture3), (8 bytes).
    Removing stm32f10x_tim.o(.text.TIM_GetCapture4), (6 bytes).
    Removing stm32f10x_tim.o(.ARM.exidx.text.TIM_GetCapture4), (8 bytes).
    Removing stm32f10x_tim.o(.text.TIM_GetCounter), (4 bytes).
    Removing stm32f10x_tim.o(.ARM.exidx.text.TIM_GetCounter), (8 bytes).
    Removing stm32f10x_tim.o(.text.TIM_GetPrescaler), (4 bytes).
    Removing stm32f10x_tim.o(.ARM.exidx.text.TIM_GetPrescaler), (8 bytes).
    Removing stm32f10x_tim.o(.text.TIM_GetFlagStatus), (10 bytes).
    Removing stm32f10x_tim.o(.ARM.exidx.text.TIM_GetFlagStatus), (8 bytes).
    Removing stm32f10x_tim.o(.text.TIM_ClearFlag), (6 bytes).
    Removing stm32f10x_tim.o(.ARM.exidx.text.TIM_ClearFlag), (8 bytes).
    Removing stm32f10x_tim.o(.text.TIM_GetITStatus), (24 bytes).
    Removing stm32f10x_tim.o(.ARM.exidx.text.TIM_GetITStatus), (8 bytes).
    Removing stm32f10x_tim.o(.text.TIM_ClearITPendingBit), (6 bytes).
    Removing stm32f10x_tim.o(.ARM.exidx.text.TIM_ClearITPendingBit), (8 bytes).
    Removing stm32f10x_usart.o(.text), (0 bytes).
    Removing stm32f10x_usart.o(.text.USART_DeInit), (174 bytes).
    Removing stm32f10x_usart.o(.ARM.exidx.text.USART_DeInit), (8 bytes).
    Removing stm32f10x_usart.o(.ARM.exidx.text.USART_Init), (8 bytes).
    Removing stm32f10x_usart.o(.text.USART_StructInit), (18 bytes).
    Removing stm32f10x_usart.o(.ARM.exidx.text.USART_StructInit), (8 bytes).
    Removing stm32f10x_usart.o(.text.USART_ClockInit), (34 bytes).
    Removing stm32f10x_usart.o(.ARM.exidx.text.USART_ClockInit), (8 bytes).
    Removing stm32f10x_usart.o(.text.USART_ClockStructInit), (8 bytes).
    Removing stm32f10x_usart.o(.ARM.exidx.text.USART_ClockStructInit), (8 bytes).
    Removing stm32f10x_usart.o(.ARM.exidx.text.USART_Cmd), (8 bytes).
    Removing stm32f10x_usart.o(.ARM.exidx.text.USART_ITConfig), (8 bytes).
    Removing stm32f10x_usart.o(.ARM.exidx.text.USART_DMACmd), (8 bytes).
    Removing stm32f10x_usart.o(.text.USART_SetAddress), (16 bytes).
    Removing stm32f10x_usart.o(.ARM.exidx.text.USART_SetAddress), (8 bytes).
    Removing stm32f10x_usart.o(.text.USART_WakeUpConfig), (16 bytes).
    Removing stm32f10x_usart.o(.ARM.exidx.text.USART_WakeUpConfig), (8 bytes).
    Removing stm32f10x_usart.o(.text.USART_ReceiverWakeUpCmd), (20 bytes).
    Removing stm32f10x_usart.o(.ARM.exidx.text.USART_ReceiverWakeUpCmd), (8 bytes).
    Removing stm32f10x_usart.o(.text.USART_LINBreakDetectLengthConfig), (16 bytes).
    Removing stm32f10x_usart.o(.ARM.exidx.text.USART_LINBreakDetectLengthConfig), (8 bytes).
    Removing stm32f10x_usart.o(.text.USART_LINCmd), (20 bytes).
    Removing stm32f10x_usart.o(.ARM.exidx.text.USART_LINCmd), (8 bytes).
    Removing stm32f10x_usart.o(.ARM.exidx.text.USART_SendData), (8 bytes).
    Removing stm32f10x_usart.o(.ARM.exidx.text.USART_ReceiveData), (8 bytes).
    Removing stm32f10x_usart.o(.text.USART_SendBreak), (10 bytes).
    Removing stm32f10x_usart.o(.ARM.exidx.text.USART_SendBreak), (8 bytes).
    Removing stm32f10x_usart.o(.text.USART_SetGuardTime), (16 bytes).
    Removing stm32f10x_usart.o(.ARM.exidx.text.USART_SetGuardTime), (8 bytes).
    Removing stm32f10x_usart.o(.text.USART_SetPrescaler), (16 bytes).
    Removing stm32f10x_usart.o(.ARM.exidx.text.USART_SetPrescaler), (8 bytes).
    Removing stm32f10x_usart.o(.text.USART_SmartCardCmd), (20 bytes).
    Removing stm32f10x_usart.o(.ARM.exidx.text.USART_SmartCardCmd), (8 bytes).
    Removing stm32f10x_usart.o(.text.USART_SmartCardNACKCmd), (20 bytes).
    Removing stm32f10x_usart.o(.ARM.exidx.text.USART_SmartCardNACKCmd), (8 bytes).
    Removing stm32f10x_usart.o(.text.USART_HalfDuplexCmd), (20 bytes).
    Removing stm32f10x_usart.o(.ARM.exidx.text.USART_HalfDuplexCmd), (8 bytes).
    Removing stm32f10x_usart.o(.text.USART_OverSampling8Cmd), (20 bytes).
    Removing stm32f10x_usart.o(.ARM.exidx.text.USART_OverSampling8Cmd), (8 bytes).
    Removing stm32f10x_usart.o(.text.USART_OneBitMethodCmd), (20 bytes).
    Removing stm32f10x_usart.o(.ARM.exidx.text.USART_OneBitMethodCmd), (8 bytes).
    Removing stm32f10x_usart.o(.text.USART_IrDAConfig), (16 bytes).
    Removing stm32f10x_usart.o(.ARM.exidx.text.USART_IrDAConfig), (8 bytes).
    Removing stm32f10x_usart.o(.text.USART_IrDACmd), (20 bytes).
    Removing stm32f10x_usart.o(.ARM.exidx.text.USART_IrDACmd), (8 bytes).
    Removing stm32f10x_usart.o(.ARM.exidx.text.USART_GetFlagStatus), (8 bytes).
    Removing stm32f10x_usart.o(.ARM.exidx.text.USART_ClearFlag), (8 bytes).
    Removing stm32f10x_usart.o(.ARM.exidx.text.USART_GetITStatus), (8 bytes).
    Removing stm32f10x_usart.o(.text.USART_ClearITPendingBit), (14 bytes).
    Removing stm32f10x_usart.o(.ARM.exidx.text.USART_ClearITPendingBit), (8 bytes).
    Removing stm32f10x_wwdg.o(.text), (0 bytes).
    Removing stm32f10x_wwdg.o(.text.WWDG_DeInit), (26 bytes).
    Removing stm32f10x_wwdg.o(.ARM.exidx.text.WWDG_DeInit), (8 bytes).
    Removing stm32f10x_wwdg.o(.text.WWDG_SetPrescaler), (20 bytes).
    Removing stm32f10x_wwdg.o(.ARM.exidx.text.WWDG_SetPrescaler), (8 bytes).
    Removing stm32f10x_wwdg.o(.text.WWDG_SetWindowValue), (40 bytes).
    Removing stm32f10x_wwdg.o(.ARM.exidx.text.WWDG_SetWindowValue), (8 bytes).
    Removing stm32f10x_wwdg.o(.text.WWDG_EnableIT), (14 bytes).
    Removing stm32f10x_wwdg.o(.ARM.exidx.text.WWDG_EnableIT), (8 bytes).
    Removing stm32f10x_wwdg.o(.text.WWDG_SetCounter), (16 bytes).
    Removing stm32f10x_wwdg.o(.ARM.exidx.text.WWDG_SetCounter), (8 bytes).
    Removing stm32f10x_wwdg.o(.text.WWDG_Enable), (16 bytes).
    Removing stm32f10x_wwdg.o(.ARM.exidx.text.WWDG_Enable), (8 bytes).
    Removing stm32f10x_wwdg.o(.text.WWDG_GetFlagStatus), (14 bytes).
    Removing stm32f10x_wwdg.o(.ARM.exidx.text.WWDG_GetFlagStatus), (8 bytes).
    Removing stm32f10x_wwdg.o(.text.WWDG_ClearFlag), (14 bytes).
    Removing stm32f10x_wwdg.o(.ARM.exidx.text.WWDG_ClearFlag), (8 bytes).
    Removing main.o(.text), (0 bytes).
    Removing main.o(.ARM.exidx.text.main), (8 bytes).
    Removing main.o(.ARM.use_no_argv), (4 bytes).
    Removing stm32f10x_it.o(.text), (0 bytes).
    Removing stm32f10x_it.o(.ARM.exidx.text.NMI_Handler), (8 bytes).
    Removing stm32f10x_it.o(.ARM.exidx.text.HardFault_Handler), (8 bytes).
    Removing stm32f10x_it.o(.ARM.exidx.text.MemManage_Handler), (8 bytes).
    Removing stm32f10x_it.o(.ARM.exidx.text.BusFault_Handler), (8 bytes).
    Removing stm32f10x_it.o(.ARM.exidx.text.UsageFault_Handler), (8 bytes).
    Removing stm32f10x_it.o(.ARM.exidx.text.SVC_Handler), (8 bytes).
    Removing stm32f10x_it.o(.ARM.exidx.text.DebugMon_Handler), (8 bytes).
    Removing stm32f10x_it.o(.ARM.exidx.text.PendSV_Handler), (8 bytes).
    Removing stm32f10x_it.o(.ARM.exidx.text.SysTick_Handler), (8 bytes).
    Removing stm32f10x_it.o(.ARM.exidx.text.EXTI0_IRQHandler), (8 bytes).
    Removing stm32f10x_it.o(.ARM.exidx.text.EXTI1_IRQHandler), (8 bytes).
    Removing stm32f10x_it.o(.ARM.exidx.text.USART1_IRQHandler), (8 bytes).
    Removing stm32f10x_it.o(.ARM.exidx.text.DMA1_Channel5_IRQHandler), (8 bytes).
    Removing bsp_led.o(.text), (0 bytes).
    Removing bsp_led.o(.ARM.exidx.text.LED_GPIO_Config), (8 bytes).
    Removing bsp_led.o(.ARM.exidx.text.Block_Delay_ms), (8 bytes).
    Removing bsp_led.o(.text.LED_Blink_Block), (106 bytes).
    Removing bsp_led.o(.ARM.exidx.text.LED_Blink_Block), (8 bytes).
    Removing bsp_key.o(.text), (0 bytes).
    Removing bsp_key.o(.ARM.exidx.text.Key_GPIO_Config), (8 bytes).
    Removing bsp_key.o(.text.Key_Scan), (36 bytes).
    Removing bsp_key.o(.ARM.exidx.text.Key_Scan), (8 bytes).
    Removing bsp_key.o(.ARM.exidx.text.Key_Scan_Hold), (8 bytes).
    Removing bsp_key.o(.text.Key_Scan_Down), (74 bytes).
    Removing bsp_key.o(.ARM.exidx.text.Key_Scan_Down), (8 bytes).
    Removing bsp_key.o(.text.Key_Scan_Up), (78 bytes).
    Removing bsp_key.o(.ARM.exidx.text.Key_Scan_Up), (8 bytes).
    Removing bsp_key.o(.ARM.exidx.text.Key_Process_Loop), (8 bytes).
    Removing bsp_key.o(.rodata.str1.1), (18 bytes).
    Removing bsp_rcc_mco.o(.text), (0 bytes).
    Removing bsp_rcc_mco.o(.text.HSE_SetSysClock), (114 bytes).
    Removing bsp_rcc_mco.o(.ARM.exidx.text.HSE_SetSysClock), (8 bytes).
    Removing bsp_rcc_mco.o(.text.HSI_SetSysClock), (130 bytes).
    Removing bsp_rcc_mco.o(.ARM.exidx.text.HSI_SetSysClock), (8 bytes).
    Removing bsp_rcc_mco.o(.text.MCO_GPIO_Config), (40 bytes).
    Removing bsp_rcc_mco.o(.ARM.exidx.text.MCO_GPIO_Config), (8 bytes).
    Removing bsp_rcc_mco.o(.text.RCC_MCO_Init), (20 bytes).
    Removing bsp_rcc_mco.o(.ARM.exidx.text.RCC_MCO_Init), (8 bytes).
    Removing bsp_exti.o(.text), (0 bytes).
    Removing bsp_exti.o(.ARM.exidx.text.EXTI_Key_Config), (8 bytes).
    Removing bsp_systick.o(.text), (0 bytes).
    Removing bsp_systick.o(.ARM.exidx.text.SysTick_Timer_Start), (8 bytes).
    Removing bsp_systick.o(.ARM.exidx.text.SysTick_Timer_Stop), (8 bytes).
    Removing bsp_systick.o(.text.SysTick_Timer_Init), (92 bytes).
    Removing bsp_systick.o(.ARM.exidx.text.SysTick_Timer_Init), (8 bytes).
    Removing bsp_systick.o(.ARM.exidx.text.SysTick_Timer_Demo), (8 bytes).
    Removing bsp_systick.o(.ARM.exidx.text.SysTick_Timer_Main_Loop), (8 bytes).
    Removing bsp_systick.o(.text.SysTick_Timer_Loop_Callback), (82 bytes).
    Removing bsp_systick.o(.ARM.exidx.text.SysTick_Timer_Loop_Callback), (8 bytes).
    Removing bsp_systick.o(.ARM.exidx.text.SysTick_Timer_IRQHandler), (8 bytes).
    Removing bsp_usart.o(.text), (0 bytes).
    Removing bsp_usart.o(.ARM.exidx.text.USART_Config), (8 bytes).
    Removing bsp_usart.o(.text.Usart_SendByte), (22 bytes).
    Removing bsp_usart.o(.ARM.exidx.text.Usart_SendByte), (8 bytes).
    Removing bsp_usart.o(.text.Usart_SendArray), (64 bytes).
    Removing bsp_usart.o(.ARM.exidx.text.Usart_SendArray), (8 bytes).
    Removing bsp_usart.o(.ARM.exidx.text.Usart_SendString), (8 bytes).
    Removing bsp_usart.o(.text.Usart_SendHalfWord), (46 bytes).
    Removing bsp_usart.o(.ARM.exidx.text.Usart_SendHalfWord), (8 bytes).
    Removing bsp_usart.o(.ARM.exidx.text.fputc), (8 bytes).
    Removing bsp_usart.o(.text.fgetc), (32 bytes).
    Removing bsp_usart.o(.ARM.exidx.text.fgetc), (8 bytes).
    Removing bsp_usart.o(.ARM.exidx.text.USART_Process_Loop), (8 bytes).
    Removing bsp_dma.o(.text), (0 bytes).
    Removing bsp_dma.o(.ARM.exidx.text.DMA_Demo_FLASH_2_SRAM), (8 bytes).
    Removing bsp_dma.o(.text.DMA_Config_FLASH_2_SRAM), (108 bytes).
    Removing bsp_dma.o(.ARM.exidx.text.DMA_Config_FLASH_2_SRAM), (8 bytes).
    Removing bsp_dma.o(.text.Buffer_Compare), (34 bytes).
    Removing bsp_dma.o(.ARM.exidx.text.Buffer_Compare), (8 bytes).
    Removing bsp_dma.o(.text.DMA_Config_SRAM_2_USART), (90 bytes).
    Removing bsp_dma.o(.ARM.exidx.text.DMA_Config_SRAM_2_USART), (8 bytes).
    Removing bsp_dma.o(.text.DMA_Demo_SRAM_2_USART), (132 bytes).
    Removing bsp_dma.o(.ARM.exidx.text.DMA_Demo_SRAM_2_USART), (8 bytes).
    Removing bsp_dma.o(.text.DMA_Config_USART_2_SRAM), (124 bytes).
    Removing bsp_dma.o(.ARM.exidx.text.DMA_Config_USART_2_SRAM), (8 bytes).
    Removing bsp_dma.o(.ARM.exidx.text.DMA_Demo_USART_2_SRAM), (8 bytes).
    Removing bsp_dma.o(.ARM.exidx.text.DMA_Demo), (8 bytes).
    Removing bsp_dma.o(.ARM.exidx.text.DMA_Process_loop), (8 bytes).
    Removing dadd.o(.text), (334 bytes).
    Removing dmul.o(.text), (228 bytes).
    Removing ddiv.o(.text), (222 bytes).
    Removing dfixul.o(.text), (48 bytes).
    Removing cdrcmple.o(.text), (48 bytes).
    Removing depilogue.o(.text), (186 bytes).

1022 unused section(s) (total 25276 bytes) removed from the image.

==============================================================================

Image Symbol Table

    Local Symbols

    Symbol Name                              Value     Ov Type        Size  Object(Section)

    ../../Libraries/CMSIS/startup_stm32f10x_md.s 0x00000000   Number         0  startup_stm32f10x_md.o ABSOLUTE
    ../clib/division.s                       0x00000000   Number         0  aeabi_sdiv.o ABSOLUTE
    ../clib/microlib/ctype/ctype.c           0x00000000   Number         0  isspace_c.o ABSOLUTE
    ../clib/microlib/ctype/ctype.c           0x00000000   Number         0  ctype_c.o ABSOLUTE
    ../clib/microlib/division.c              0x00000000   Number         0  uidiv.o ABSOLUTE
    ../clib/microlib/division.c              0x00000000   Number         0  uldiv.o ABSOLUTE
    ../clib/microlib/init/entry.s            0x00000000   Number         0  entry.o ABSOLUTE
    ../clib/microlib/init/entry.s            0x00000000   Number         0  entry2.o ABSOLUTE
    ../clib/microlib/init/entry.s            0x00000000   Number         0  entry5.o ABSOLUTE
    ../clib/microlib/init/entry.s            0x00000000   Number         0  entry7a.o ABSOLUTE
    ../clib/microlib/init/entry.s            0x00000000   Number         0  entry7b.o ABSOLUTE
    ../clib/microlib/init/entry.s            0x00000000   Number         0  entry8a.o ABSOLUTE
    ../clib/microlib/init/entry.s            0x00000000   Number         0  entry8b.o ABSOLUTE
    ../clib/microlib/init/entry.s            0x00000000   Number         0  entry9a.o ABSOLUTE
    ../clib/microlib/init/entry.s            0x00000000   Number         0  entry9b.o ABSOLUTE
    ../clib/microlib/init/entry.s            0x00000000   Number         0  entry10a.o ABSOLUTE
    ../clib/microlib/init/entry.s            0x00000000   Number         0  entry10b.o ABSOLUTE
    ../clib/microlib/init/entry.s            0x00000000   Number         0  entry11a.o ABSOLUTE
    ../clib/microlib/init/entry.s            0x00000000   Number         0  entry11b.o ABSOLUTE
    ../clib/microlib/longlong.c              0x00000000   Number         0  llshl.o ABSOLUTE
    ../clib/microlib/longlong.c              0x00000000   Number         0  llushr.o ABSOLUTE
    ../clib/microlib/longlong.c              0x00000000   Number         0  llsshr.o ABSOLUTE
    ../clib/microlib/printf/printf.c         0x00000000   Number         0  printfb.o ABSOLUTE
    ../clib/microlib/printf/printf.c         0x00000000   Number         0  printf0.o ABSOLUTE
    ../clib/microlib/printf/printf.c         0x00000000   Number         0  printf1.o ABSOLUTE
    ../clib/microlib/printf/printf.c         0x00000000   Number         0  printf2.o ABSOLUTE
    ../clib/microlib/printf/printf.c         0x00000000   Number         0  printf3.o ABSOLUTE
    ../clib/microlib/printf/printf.c         0x00000000   Number         0  printf4.o ABSOLUTE
    ../clib/microlib/printf/printf.c         0x00000000   Number         0  printf5.o ABSOLUTE
    ../clib/microlib/printf/printf.c         0x00000000   Number         0  printf6.o ABSOLUTE
    ../clib/microlib/printf/printf.c         0x00000000   Number         0  printf7.o ABSOLUTE
    ../clib/microlib/printf/printf.c         0x00000000   Number         0  printf8.o ABSOLUTE
    ../clib/microlib/printf/printf.c         0x00000000   Number         0  printfa.o ABSOLUTE
    ../clib/microlib/printf/stubs.s          0x00000000   Number         0  printfstubs.o ABSOLUTE
    ../clib/microlib/stdio/putchar.c         0x00000000   Number         0  putchar.o ABSOLUTE
    ../clib/microlib/stdio/puts.c            0x00000000   Number         0  puts.o ABSOLUTE
    ../clib/microlib/stdio/puts.c            0x00000000   Number         0  puts_e.o ABSOLUTE
    ../clib/microlib/stdio/streams.c         0x00000000   Number         0  stdout.o ABSOLUTE
    ../clib/microlib/string/memcmp.c         0x00000000   Number         0  memcmp.o ABSOLUTE
    ../clib/microlib/string/memset.c         0x00000000   Number         0  memseta.o ABSOLUTE
    ../clib/microlib/stubs.s                 0x00000000   Number         0  iusefp.o ABSOLUTE
    ../clib/scanf.c                          0x00000000   Number         0  __0sscanf.o ABSOLUTE
    ../clib/scanf.c                          0x00000000   Number         0  _scanf_int.o ABSOLUTE
    ../clib/scanf.c                          0x00000000   Number         0  _chval.o ABSOLUTE
    ../clib/scanf.c                          0x00000000   Number         0  scanf_char.o ABSOLUTE
    ../clib/scanf.c                          0x00000000   Number         0  _sgetc.o ABSOLUTE
    ../clib/scanf.c                          0x00000000   Number         0  _scanf.o ABSOLUTE
    ../fplib/microlib/fpadd.c                0x00000000   Number         0  dadd.o ABSOLUTE
    ../fplib/microlib/fpdiv.c                0x00000000   Number         0  ddiv.o ABSOLUTE
    ../fplib/microlib/fpepilogue.c           0x00000000   Number         0  depilogue.o ABSOLUTE
    ../fplib/microlib/fpfix.c                0x00000000   Number         0  dfixul.o ABSOLUTE
    ../fplib/microlib/fpmul.c                0x00000000   Number         0  dmul.o ABSOLUTE
    bsp_dma.c                                0x00000000   Number         0  bsp_dma.o ABSOLUTE
    bsp_exti.c                               0x00000000   Number         0  bsp_exti.o ABSOLUTE
    bsp_key.c                                0x00000000   Number         0  bsp_key.o ABSOLUTE
    bsp_led.c                                0x00000000   Number         0  bsp_led.o ABSOLUTE
    bsp_rcc_mco.c                            0x00000000   Number         0  bsp_rcc_mco.o ABSOLUTE
    bsp_systick.c                            0x00000000   Number         0  bsp_systick.o ABSOLUTE
    bsp_usart.c                              0x00000000   Number         0  bsp_usart.o ABSOLUTE
    cdrcmple.s                               0x00000000   Number         0  cdrcmple.o ABSOLUTE
    dc.s                                     0x00000000   Number         0  dc.o ABSOLUTE
    handlers.s                               0x00000000   Number         0  handlers.o ABSOLUTE
    init.s                                   0x00000000   Number         0  init.o ABSOLUTE
    main.c                                   0x00000000   Number         0  main.o ABSOLUTE
    misc.c                                   0x00000000   Number         0  misc.o ABSOLUTE
    stm32f10x_adc.c                          0x00000000   Number         0  stm32f10x_adc.o ABSOLUTE
    stm32f10x_bkp.c                          0x00000000   Number         0  stm32f10x_bkp.o ABSOLUTE
    stm32f10x_can.c                          0x00000000   Number         0  stm32f10x_can.o ABSOLUTE
    stm32f10x_cec.c                          0x00000000   Number         0  stm32f10x_cec.o ABSOLUTE
    stm32f10x_crc.c                          0x00000000   Number         0  stm32f10x_crc.o ABSOLUTE
    stm32f10x_dac.c                          0x00000000   Number         0  stm32f10x_dac.o ABSOLUTE
    stm32f10x_dbgmcu.c                       0x00000000   Number         0  stm32f10x_dbgmcu.o ABSOLUTE
    stm32f10x_dma.c                          0x00000000   Number         0  stm32f10x_dma.o ABSOLUTE
    stm32f10x_exti.c                         0x00000000   Number         0  stm32f10x_exti.o ABSOLUTE
    stm32f10x_flash.c                        0x00000000   Number         0  stm32f10x_flash.o ABSOLUTE
    stm32f10x_fsmc.c                         0x00000000   Number         0  stm32f10x_fsmc.o ABSOLUTE
    stm32f10x_gpio.c                         0x00000000   Number         0  stm32f10x_gpio.o ABSOLUTE
    stm32f10x_i2c.c                          0x00000000   Number         0  stm32f10x_i2c.o ABSOLUTE
    stm32f10x_it.c                           0x00000000   Number         0  stm32f10x_it.o ABSOLUTE
    stm32f10x_iwdg.c                         0x00000000   Number         0  stm32f10x_iwdg.o ABSOLUTE
    stm32f10x_pwr.c                          0x00000000   Number         0  stm32f10x_pwr.o ABSOLUTE
    stm32f10x_rcc.c                          0x00000000   Number         0  stm32f10x_rcc.o ABSOLUTE
    stm32f10x_rtc.c                          0x00000000   Number         0  stm32f10x_rtc.o ABSOLUTE
    stm32f10x_sdio.c                         0x00000000   Number         0  stm32f10x_sdio.o ABSOLUTE
    stm32f10x_spi.c                          0x00000000   Number         0  stm32f10x_spi.o ABSOLUTE
    stm32f10x_tim.c                          0x00000000   Number         0  stm32f10x_tim.o ABSOLUTE
    stm32f10x_usart.c                        0x00000000   Number         0  stm32f10x_usart.o ABSOLUTE
    stm32f10x_wwdg.c                         0x00000000   Number         0  stm32f10x_wwdg.o ABSOLUTE
    system_stm32f10x.c                       0x00000000   Number         0  system_stm32f10x.o ABSOLUTE
    RESET                                    0x08000000   Section      236  startup_stm32f10x_md.o(RESET)
    .ARM.Collect$$$$00000000                 0x080000ec   Section        0  entry.o(.ARM.Collect$$$$00000000)
    .ARM.Collect$$$$00000001                 0x080000ec   Section        4  entry2.o(.ARM.Collect$$$$00000001)
    .ARM.Collect$$$$00000004                 0x080000f0   Section        4  entry5.o(.ARM.Collect$$$$00000004)
    .ARM.Collect$$$$00000008                 0x080000f4   Section        0  entry7b.o(.ARM.Collect$$$$00000008)
    .ARM.Collect$$$$0000000A                 0x080000f4   Section        0  entry8b.o(.ARM.Collect$$$$0000000A)
    .ARM.Collect$$$$0000000B                 0x080000f4   Section        8  entry9a.o(.ARM.Collect$$$$0000000B)
    __lit__00000000                          0x080000fc   Data           4  entry2.o(.ARM.Collect$$$$00002712)
    .ARM.Collect$$$$0000000D                 0x080000fc   Section        0  entry10a.o(.ARM.Collect$$$$0000000D)
    .ARM.Collect$$$$0000000F                 0x080000fc   Section        0  entry11a.o(.ARM.Collect$$$$0000000F)
    .ARM.Collect$$$$00002712                 0x080000fc   Section        4  entry2.o(.ARM.Collect$$$$00002712)
    .text                                    0x08000100   Section       36  startup_stm32f10x_md.o(.text)
    .text                                    0x08000124   Section        0  memseta.o(.text)
    .text                                    0x08000148   Section        0  memcmp.o(.text)
    .text                                    0x08000164   Section        0  __0sscanf.o(.text)
    .text                                    0x0800019c   Section        0  _scanf_int.o(.text)
    .text                                    0x080002e8   Section        0  uidiv.o(.text)
    .text                                    0x08000314   Section        0  _chval.o(.text)
    _scanf_char_input                        0x08000331   Thumb Code    12  scanf_char.o(.text)
    .text                                    0x08000330   Section        0  scanf_char.o(.text)
    .text                                    0x08000358   Section        0  _sgetc.o(.text)
    .text                                    0x08000398   Section       48  init.o(.text)
    .text                                    0x080003c8   Section        0  isspace_c.o(.text)
    .text                                    0x080003d4   Section        0  _scanf.o(.text)
    .text                                    0x08000700   Section        0  ctype_c.o(.text)
    [Anonymous Symbol]                       0x08000728   Section        0  bsp_led.o(.text.Block_Delay_ms)
    [Anonymous Symbol]                       0x0800074c   Section        0  stm32f10x_it.o(.text.BusFault_Handler)
    [Anonymous Symbol]                       0x08000750   Section        0  stm32f10x_it.o(.text.DMA1_Channel5_IRQHandler)
    [Anonymous Symbol]                       0x080007b8   Section        0  stm32f10x_dma.o(.text.DMA_ClearFlag)
    [Anonymous Symbol]                       0x080007c8   Section        0  stm32f10x_dma.o(.text.DMA_ClearITPendingBit)
    [Anonymous Symbol]                       0x080007d8   Section        0  stm32f10x_dma.o(.text.DMA_Cmd)
    [Anonymous Symbol]                       0x080007f0   Section        0  bsp_dma.o(.text.DMA_Demo)
    [Anonymous Symbol]                       0x0800087c   Section        0  bsp_dma.o(.text.DMA_Demo_FLASH_2_SRAM)
    [Anonymous Symbol]                       0x080009b0   Section        0  bsp_dma.o(.text.DMA_Demo_USART_2_SRAM)
    [Anonymous Symbol]                       0x08000a44   Section        0  stm32f10x_dma.o(.text.DMA_GetCurrDataCounter)
    [Anonymous Symbol]                       0x08000a4c   Section        0  stm32f10x_dma.o(.text.DMA_GetFlagStatus)
    [Anonymous Symbol]                       0x08000a64   Section        0  stm32f10x_dma.o(.text.DMA_GetITStatus)
    [Anonymous Symbol]                       0x08000a7c   Section        0  stm32f10x_dma.o(.text.DMA_ITConfig)
    [Anonymous Symbol]                       0x08000a8c   Section        0  stm32f10x_dma.o(.text.DMA_Init)
    [Anonymous Symbol]                       0x08000ad4   Section        0  bsp_dma.o(.text.DMA_Process_loop)
    [Anonymous Symbol]                       0x08000b6c   Section        0  stm32f10x_dma.o(.text.DMA_SetCurrDataCounter)
    [Anonymous Symbol]                       0x08000b70   Section        0  stm32f10x_it.o(.text.DebugMon_Handler)
    [Anonymous Symbol]                       0x08000b74   Section        0  stm32f10x_it.o(.text.EXTI0_IRQHandler)
    [Anonymous Symbol]                       0x08000bbc   Section        0  stm32f10x_it.o(.text.EXTI1_IRQHandler)
    [Anonymous Symbol]                       0x08000c04   Section        0  stm32f10x_exti.o(.text.EXTI_ClearITPendingBit)
    [Anonymous Symbol]                       0x08000c10   Section        0  stm32f10x_exti.o(.text.EXTI_GetITStatus)
    [Anonymous Symbol]                       0x08000c30   Section        0  stm32f10x_exti.o(.text.EXTI_Init)
    [Anonymous Symbol]                       0x08000c98   Section        0  bsp_exti.o(.text.EXTI_Key_Config)
    [Anonymous Symbol]                       0x08000d40   Section        0  stm32f10x_gpio.o(.text.GPIO_EXTILineConfig)
    [Anonymous Symbol]                       0x08000d70   Section        0  stm32f10x_gpio.o(.text.GPIO_Init)
    [Anonymous Symbol]                       0x08000e30   Section        0  stm32f10x_gpio.o(.text.GPIO_ReadInputDataBit)
    [Anonymous Symbol]                       0x08000e3c   Section        0  stm32f10x_gpio.o(.text.GPIO_SetBits)
    [Anonymous Symbol]                       0x08000e40   Section        0  stm32f10x_it.o(.text.HardFault_Handler)
    [Anonymous Symbol]                       0x08000e44   Section        0  bsp_key.o(.text.Key_GPIO_Config)
    [Anonymous Symbol]                       0x08000e70   Section        0  bsp_key.o(.text.Key_Process_Loop)
    [Anonymous Symbol]                       0x08000e90   Section        0  bsp_key.o(.text.Key_Scan_Hold)
    [Anonymous Symbol]                       0x08000f04   Section        0  bsp_led.o(.text.LED_GPIO_Config)
    [Anonymous Symbol]                       0x08000f38   Section        0  stm32f10x_it.o(.text.MemManage_Handler)
    [Anonymous Symbol]                       0x08000f3c   Section        0  stm32f10x_it.o(.text.NMI_Handler)
    [Anonymous Symbol]                       0x08000f40   Section        0  misc.o(.text.NVIC_Init)
    [Anonymous Symbol]                       0x08000fa0   Section        0  misc.o(.text.NVIC_PriorityGroupConfig)
    [Anonymous Symbol]                       0x08000fb4   Section        0  stm32f10x_it.o(.text.PendSV_Handler)
    [Anonymous Symbol]                       0x08000fb8   Section        0  stm32f10x_rcc.o(.text.RCC_AHBPeriphClockCmd)
    [Anonymous Symbol]                       0x08000fd0   Section        0  stm32f10x_rcc.o(.text.RCC_APB2PeriphClockCmd)
    [Anonymous Symbol]                       0x08000fe8   Section        0  stm32f10x_rcc.o(.text.RCC_GetClocksFreq)
    [Anonymous Symbol]                       0x08001074   Section        0  stm32f10x_it.o(.text.SVC_Handler)
    [Anonymous Symbol]                       0x08001078   Section        0  stm32f10x_it.o(.text.SysTick_Handler)
    [Anonymous Symbol]                       0x0800107c   Section        0  bsp_systick.o(.text.SysTick_Timer_Demo)
    [Anonymous Symbol]                       0x0800110c   Section        0  bsp_systick.o(.text.SysTick_Timer_IRQHandler)
    [Anonymous Symbol]                       0x08001168   Section        0  bsp_systick.o(.text.SysTick_Timer_Main_Loop)
    [Anonymous Symbol]                       0x08001254   Section        0  bsp_systick.o(.text.SysTick_Timer_Start)
    [Anonymous Symbol]                       0x08001274   Section        0  bsp_systick.o(.text.SysTick_Timer_Stop)
    [Anonymous Symbol]                       0x0800128c   Section        0  system_stm32f10x.o(.text.SystemInit)
    [Anonymous Symbol]                       0x0800139c   Section        0  stm32f10x_it.o(.text.USART1_IRQHandler)
    [Anonymous Symbol]                       0x08001510   Section        0  stm32f10x_usart.o(.text.USART_ClearFlag)
    [Anonymous Symbol]                       0x08001518   Section        0  stm32f10x_usart.o(.text.USART_Cmd)
    [Anonymous Symbol]                       0x0800152c   Section        0  bsp_usart.o(.text.USART_Config)
    [Anonymous Symbol]                       0x080015d0   Section        0  stm32f10x_usart.o(.text.USART_DMACmd)
    [Anonymous Symbol]                       0x080015e0   Section        0  stm32f10x_usart.o(.text.USART_GetFlagStatus)
    [Anonymous Symbol]                       0x080015ec   Section        0  stm32f10x_usart.o(.text.USART_GetITStatus)
    [Anonymous Symbol]                       0x0800161c   Section        0  stm32f10x_usart.o(.text.USART_ITConfig)
    [Anonymous Symbol]                       0x0800164c   Section        0  stm32f10x_usart.o(.text.USART_Init)
    [Anonymous Symbol]                       0x08001704   Section        0  bsp_usart.o(.text.USART_Process_Loop)
    [Anonymous Symbol]                       0x080018bc   Section        0  stm32f10x_usart.o(.text.USART_ReceiveData)
    [Anonymous Symbol]                       0x080018c4   Section        0  stm32f10x_usart.o(.text.USART_SendData)
    [Anonymous Symbol]                       0x080018cc   Section        0  stm32f10x_it.o(.text.UsageFault_Handler)
    [Anonymous Symbol]                       0x080018d0   Section        0  bsp_usart.o(.text.Usart_SendString)
    [Anonymous Symbol]                       0x08001904   Section        0  bsp_usart.o(.text.fputc)
    [Anonymous Symbol]                       0x08001928   Section        0  main.o(.text.main)
    i.__0printf$3                            0x080019bc   Section        0  printf3.o(i.__0printf$3)
    i.__0sprintf$3                           0x080019dc   Section        0  printf3.o(i.__0sprintf$3)
    i.__scatterload_copy                     0x08001a04   Section       14  handlers.o(i.__scatterload_copy)
    i.__scatterload_null                     0x08001a12   Section        2  handlers.o(i.__scatterload_null)
    i.__scatterload_zeroinit                 0x08001a14   Section       14  handlers.o(i.__scatterload_zeroinit)
    _printf_core                             0x08001a25   Thumb Code   436  printf3.o(i._printf_core)
    i._printf_core                           0x08001a24   Section        0  printf3.o(i._printf_core)
    _sputc                                   0x08001bdd   Thumb Code    10  printf3.o(i._sputc)
    i._sputc                                 0x08001bdc   Section        0  printf3.o(i._sputc)
    i.putchar                                0x08001be8   Section        0  putchar.o(i.putchar)
    i.puts                                   0x08001bf4   Section        0  puts.o(i.puts)
    .constdata                               0x08001c18   Section       64  ctype_c.o(.constdata)
    ADCPrescTable                            0x08001c58   Data           4  stm32f10x_rcc.o(.rodata.ADCPrescTable)
    [Anonymous Symbol]                       0x08001c58   Section        0  stm32f10x_rcc.o(.rodata.ADCPrescTable)
    APBAHBPrescTable                         0x08001c5c   Data          16  stm32f10x_rcc.o(.rodata.APBAHBPrescTable)
    [Anonymous Symbol]                       0x08001c5c   Section        0  stm32f10x_rcc.o(.rodata.APBAHBPrescTable)
    .Lstr.4                                  0x08001cec   Data          75  main.o(.rodata.str1.1)
    [Anonymous Symbol]                       0x08001cec   Section        0  main.o(.rodata.str1.1)
    .Lstr.5                                  0x08001d37   Data          78  main.o(.rodata.str1.1)
    .Lstr.6                                  0x08001d85   Data          68  main.o(.rodata.str1.1)
    .L.str.3                                 0x08001dc9   Data          72  stm32f10x_it.o(.rodata.str1.1)
    [Anonymous Symbol]                       0x08001dc9   Section        0  stm32f10x_it.o(.rodata.str1.1)
    .Lstr.4                                  0x08001e11   Data          18  stm32f10x_it.o(.rodata.str1.1)
    .Lstr.7                                  0x08001e23   Data          37  stm32f10x_it.o(.rodata.str1.1)
    .L.str                                   0x08001e48   Data          27  bsp_systick.o(.rodata.str1.1)
    [Anonymous Symbol]                       0x08001e48   Section        0  bsp_systick.o(.rodata.str1.1)
    .L.str.13                                0x08001e63   Data          47  bsp_usart.o(.rodata.str1.1)
    [Anonymous Symbol]                       0x08001e63   Section        0  bsp_usart.o(.rodata.str1.1)
    .Lstr.18                                 0x08001e92   Data          15  bsp_usart.o(.rodata.str1.1)
    .Lstr.20                                 0x08001ea1   Data          14  bsp_usart.o(.rodata.str1.1)
    .Lstr.15                                 0x08001eaf   Data          39  bsp_usart.o(.rodata.str1.1)
    .Lstr.17                                 0x08001ed6   Data          33  bsp_usart.o(.rodata.str1.1)
    .Lstr.19                                 0x08001ef7   Data          31  bsp_usart.o(.rodata.str1.1)
    .L.str.5                                 0x08001f19   Data         103  bsp_dma.o(.rodata.str1.1)
    [Anonymous Symbol]                       0x08001f19   Section        0  bsp_dma.o(.rodata.str1.1)
    .Lstr.11                                 0x08001f80   Data          52  bsp_dma.o(.rodata.str1.1)
    .data                                    0x20000000   Section        4  stdout.o(.data)
    STACK                                    0x20000500   Section     1024  startup_stm32f10x_md.o(STACK)

    Global Symbols

    Symbol Name                              Value     Ov Type        Size  Object(Section)

    BuildAttributes$$THM_ISAv4$P$D$K$B$S$PE$A:L22UL41UL21$X:L11$S22US41US21$IEEE1$IW$~IW$USESV6$~STKCKD$USESV7$~SHL$OTIME$ROPI$EBA8$MICROLIB$REQ8$PRES8$EABIv2 0x00000000   Number         0  anon$$obj.o ABSOLUTE
    _printf_a                                0x00000000   Number         0  printfstubs.o ABSOLUTE
    _printf_c                                0x00000000   Number         0  printfstubs.o ABSOLUTE
    _printf_charcount                        0x00000000   Number         0  printfstubs.o ABSOLUTE
    _printf_d                                0x00000000   Number         0  printfstubs.o ABSOLUTE
    _printf_e                                0x00000000   Number         0  printfstubs.o ABSOLUTE
    _printf_f                                0x00000000   Number         0  printfstubs.o ABSOLUTE
    _printf_flags                            0x00000000   Number         0  printfstubs.o ABSOLUTE
    _printf_fp_dec                           0x00000000   Number         0  printfstubs.o ABSOLUTE
    _printf_fp_hex                           0x00000000   Number         0  printfstubs.o ABSOLUTE
    _printf_g                                0x00000000   Number         0  printfstubs.o ABSOLUTE
    _printf_i                                0x00000000   Number         0  printfstubs.o ABSOLUTE
    _printf_int_dec                          0x00000000   Number         0  printfstubs.o ABSOLUTE
    _printf_l                                0x00000000   Number         0  printfstubs.o ABSOLUTE
    _printf_lc                               0x00000000   Number         0  printfstubs.o ABSOLUTE
    _printf_ll                               0x00000000   Number         0  printfstubs.o ABSOLUTE
    _printf_lld                              0x00000000   Number         0  printfstubs.o ABSOLUTE
    _printf_lli                              0x00000000   Number         0  printfstubs.o ABSOLUTE
    _printf_llo                              0x00000000   Number         0  printfstubs.o ABSOLUTE
    _printf_llu                              0x00000000   Number         0  printfstubs.o ABSOLUTE
    _printf_llx                              0x00000000   Number         0  printfstubs.o ABSOLUTE
    _printf_longlong_dec                     0x00000000   Number         0  printfstubs.o ABSOLUTE
    _printf_longlong_hex                     0x00000000   Number         0  printfstubs.o ABSOLUTE
    _printf_longlong_oct                     0x00000000   Number         0  printfstubs.o ABSOLUTE
    _printf_ls                               0x00000000   Number         0  printfstubs.o ABSOLUTE
    _printf_mbtowc                           0x00000000   Number         0  printfstubs.o ABSOLUTE
    _printf_n                                0x00000000   Number         0  printfstubs.o ABSOLUTE
    _printf_o                                0x00000000   Number         0  printfstubs.o ABSOLUTE
    _printf_p                                0x00000000   Number         0  printfstubs.o ABSOLUTE
    _printf_percent                          0x00000000   Number         0  printfstubs.o ABSOLUTE
    _printf_pre_padding                      0x00000000   Number         0  printfstubs.o ABSOLUTE
    _printf_return_value                     0x00000000   Number         0  printfstubs.o ABSOLUTE
    _printf_s                                0x00000000   Number         0  printfstubs.o ABSOLUTE
    _printf_sizespec                         0x00000000   Number         0  printfstubs.o ABSOLUTE
    _printf_str                              0x00000000   Number         0  printfstubs.o ABSOLUTE
    _printf_truncate_signed                  0x00000000   Number         0  printfstubs.o ABSOLUTE
    _printf_truncate_unsigned                0x00000000   Number         0  printfstubs.o ABSOLUTE
    _printf_u                                0x00000000   Number         0  printfstubs.o ABSOLUTE
    _printf_wc                               0x00000000   Number         0  printfstubs.o ABSOLUTE
    _printf_wctomb                           0x00000000   Number         0  printfstubs.o ABSOLUTE
    _printf_widthprec                        0x00000000   Number         0  printfstubs.o ABSOLUTE
    _printf_x                                0x00000000   Number         0  printfstubs.o ABSOLUTE
    __cpp_initialize__aeabi_                  - Undefined Weak Reference
    __cxa_finalize                            - Undefined Weak Reference
    __decompress                              - Undefined Weak Reference
    _clock_init                               - Undefined Weak Reference
    _microlib_exit                            - Undefined Weak Reference
    _scanf_longlong                           - Undefined Weak Reference
    _scanf_real                               - Undefined Weak Reference
    _scanf_string                             - Undefined Weak Reference
    __Vectors_Size                           0x000000ec   Number         0  startup_stm32f10x_md.o ABSOLUTE
    __Vectors                                0x08000000   Data           4  startup_stm32f10x_md.o(RESET)
    __Vectors_End                            0x080000ec   Data           0  startup_stm32f10x_md.o(RESET)
    __main                                   0x080000ed   Thumb Code     0  entry.o(.ARM.Collect$$$$00000000)
    _main_stk                                0x080000ed   Thumb Code     0  entry2.o(.ARM.Collect$$$$00000001)
    _main_scatterload                        0x080000f1   Thumb Code     0  entry5.o(.ARM.Collect$$$$00000004)
    __main_after_scatterload                 0x080000f5   Thumb Code     0  entry5.o(.ARM.Collect$$$$00000004)
    _main_clock                              0x080000f5   Thumb Code     0  entry7b.o(.ARM.Collect$$$$00000008)
    _main_cpp_init                           0x080000f5   Thumb Code     0  entry8b.o(.ARM.Collect$$$$0000000A)
    _main_init                               0x080000f5   Thumb Code     0  entry9a.o(.ARM.Collect$$$$0000000B)
    __rt_final_cpp                           0x080000fd   Thumb Code     0  entry10a.o(.ARM.Collect$$$$0000000D)
    __rt_final_exit                          0x080000fd   Thumb Code     0  entry11a.o(.ARM.Collect$$$$0000000F)
    Reset_Handler                            0x08000101   Thumb Code     8  startup_stm32f10x_md.o(.text)
    ADC1_2_IRQHandler                        0x0800011b   Thumb Code     0  startup_stm32f10x_md.o(.text)
    CAN1_RX1_IRQHandler                      0x0800011b   Thumb Code     0  startup_stm32f10x_md.o(.text)
    CAN1_SCE_IRQHandler                      0x0800011b   Thumb Code     0  startup_stm32f10x_md.o(.text)
    DMA1_Channel1_IRQHandler                 0x0800011b   Thumb Code     0  startup_stm32f10x_md.o(.text)
    DMA1_Channel2_IRQHandler                 0x0800011b   Thumb Code     0  startup_stm32f10x_md.o(.text)
    DMA1_Channel3_IRQHandler                 0x0800011b   Thumb Code     0  startup_stm32f10x_md.o(.text)
    DMA1_Channel4_IRQHandler                 0x0800011b   Thumb Code     0  startup_stm32f10x_md.o(.text)
    DMA1_Channel6_IRQHandler                 0x0800011b   Thumb Code     0  startup_stm32f10x_md.o(.text)
    DMA1_Channel7_IRQHandler                 0x0800011b   Thumb Code     0  startup_stm32f10x_md.o(.text)
    EXTI15_10_IRQHandler                     0x0800011b   Thumb Code     0  startup_stm32f10x_md.o(.text)
    EXTI2_IRQHandler                         0x0800011b   Thumb Code     0  startup_stm32f10x_md.o(.text)
    EXTI3_IRQHandler                         0x0800011b   Thumb Code     0  startup_stm32f10x_md.o(.text)
    EXTI4_IRQHandler                         0x0800011b   Thumb Code     0  startup_stm32f10x_md.o(.text)
    EXTI9_5_IRQHandler                       0x0800011b   Thumb Code     0  startup_stm32f10x_md.o(.text)
    FLASH_IRQHandler                         0x0800011b   Thumb Code     0  startup_stm32f10x_md.o(.text)
    I2C1_ER_IRQHandler                       0x0800011b   Thumb Code     0  startup_stm32f10x_md.o(.text)
    I2C1_EV_IRQHandler                       0x0800011b   Thumb Code     0  startup_stm32f10x_md.o(.text)
    I2C2_ER_IRQHandler                       0x0800011b   Thumb Code     0  startup_stm32f10x_md.o(.text)
    I2C2_EV_IRQHandler                       0x0800011b   Thumb Code     0  startup_stm32f10x_md.o(.text)
    PVD_IRQHandler                           0x0800011b   Thumb Code     0  startup_stm32f10x_md.o(.text)
    RCC_IRQHandler                           0x0800011b   Thumb Code     0  startup_stm32f10x_md.o(.text)
    RTCAlarm_IRQHandler                      0x0800011b   Thumb Code     0  startup_stm32f10x_md.o(.text)
    RTC_IRQHandler                           0x0800011b   Thumb Code     0  startup_stm32f10x_md.o(.text)
    SPI1_IRQHandler                          0x0800011b   Thumb Code     0  startup_stm32f10x_md.o(.text)
    SPI2_IRQHandler                          0x0800011b   Thumb Code     0  startup_stm32f10x_md.o(.text)
    TAMPER_IRQHandler                        0x0800011b   Thumb Code     0  startup_stm32f10x_md.o(.text)
    TIM1_BRK_IRQHandler                      0x0800011b   Thumb Code     0  startup_stm32f10x_md.o(.text)
    TIM1_CC_IRQHandler                       0x0800011b   Thumb Code     0  startup_stm32f10x_md.o(.text)
    TIM1_TRG_COM_IRQHandler                  0x0800011b   Thumb Code     0  startup_stm32f10x_md.o(.text)
    TIM1_UP_IRQHandler                       0x0800011b   Thumb Code     0  startup_stm32f10x_md.o(.text)
    TIM2_IRQHandler                          0x0800011b   Thumb Code     0  startup_stm32f10x_md.o(.text)
    TIM3_IRQHandler                          0x0800011b   Thumb Code     0  startup_stm32f10x_md.o(.text)
    TIM4_IRQHandler                          0x0800011b   Thumb Code     0  startup_stm32f10x_md.o(.text)
    USART2_IRQHandler                        0x0800011b   Thumb Code     0  startup_stm32f10x_md.o(.text)
    USART3_IRQHandler                        0x0800011b   Thumb Code     0  startup_stm32f10x_md.o(.text)
    USBWakeUp_IRQHandler                     0x0800011b   Thumb Code     0  startup_stm32f10x_md.o(.text)
    USB_HP_CAN1_TX_IRQHandler                0x0800011b   Thumb Code     0  startup_stm32f10x_md.o(.text)
    USB_LP_CAN1_RX0_IRQHandler               0x0800011b   Thumb Code     0  startup_stm32f10x_md.o(.text)
    WWDG_IRQHandler                          0x0800011b   Thumb Code     0  startup_stm32f10x_md.o(.text)
    __aeabi_memset                           0x08000125   Thumb Code    14  memseta.o(.text)
    __aeabi_memset4                          0x08000125   Thumb Code     0  memseta.o(.text)
    __aeabi_memset8                          0x08000125   Thumb Code     0  memseta.o(.text)
    __aeabi_memclr                           0x08000133   Thumb Code     4  memseta.o(.text)
    __aeabi_memclr4                          0x08000133   Thumb Code     0  memseta.o(.text)
    __aeabi_memclr8                          0x08000133   Thumb Code     0  memseta.o(.text)
    _memset$wrapper                          0x08000137   Thumb Code    18  memseta.o(.text)
    memcmp                                   0x08000149   Thumb Code    26  memcmp.o(.text)
    __0sscanf                                0x08000165   Thumb Code    48  __0sscanf.o(.text)
    _scanf_int                               0x0800019d   Thumb Code   332  _scanf_int.o(.text)
    __aeabi_uidiv                            0x080002e9   Thumb Code     0  uidiv.o(.text)
    __aeabi_uidivmod                         0x080002e9   Thumb Code    44  uidiv.o(.text)
    _chval                                   0x08000315   Thumb Code    28  _chval.o(.text)
    __vfscanf_char                           0x0800033d   Thumb Code    20  scanf_char.o(.text)
    _sgetc                                   0x08000359   Thumb Code    30  _sgetc.o(.text)
    _sbackspace                              0x08000377   Thumb Code    34  _sgetc.o(.text)
    __scatterload                            0x08000399   Thumb Code    38  init.o(.text)
    __scatterload_rt2                        0x08000399   Thumb Code     0  init.o(.text)
    isspace                                  0x080003c9   Thumb Code    10  isspace_c.o(.text)
    __vfscanf                                0x080003d5   Thumb Code   808  _scanf.o(.text)
    __ctype_lookup                           0x08000701   Thumb Code    34  ctype_c.o(.text)
    Block_Delay_ms                           0x08000729   Thumb Code    34  bsp_led.o(.text.Block_Delay_ms)
    BusFault_Handler                         0x0800074d   Thumb Code     2  stm32f10x_it.o(.text.BusFault_Handler)
    DMA1_Channel5_IRQHandler                 0x08000751   Thumb Code   104  stm32f10x_it.o(.text.DMA1_Channel5_IRQHandler)
    DMA_ClearFlag                            0x080007b9   Thumb Code    16  stm32f10x_dma.o(.text.DMA_ClearFlag)
    DMA_ClearITPendingBit                    0x080007c9   Thumb Code    16  stm32f10x_dma.o(.text.DMA_ClearITPendingBit)
    DMA_Cmd                                  0x080007d9   Thumb Code    22  stm32f10x_dma.o(.text.DMA_Cmd)
    DMA_Demo                                 0x080007f1   Thumb Code   140  bsp_dma.o(.text.DMA_Demo)
    DMA_Demo_FLASH_2_SRAM                    0x0800087d   Thumb Code   212  bsp_dma.o(.text.DMA_Demo_FLASH_2_SRAM)
    DMA_Demo_USART_2_SRAM                    0x080009b1   Thumb Code   146  bsp_dma.o(.text.DMA_Demo_USART_2_SRAM)
    DMA_GetCurrDataCounter                   0x08000a45   Thumb Code     6  stm32f10x_dma.o(.text.DMA_GetCurrDataCounter)
    DMA_GetFlagStatus                        0x08000a4d   Thumb Code    22  stm32f10x_dma.o(.text.DMA_GetFlagStatus)
    DMA_GetITStatus                          0x08000a65   Thumb Code    22  stm32f10x_dma.o(.text.DMA_GetITStatus)
    DMA_ITConfig                             0x08000a7d   Thumb Code    16  stm32f10x_dma.o(.text.DMA_ITConfig)
    DMA_Init                                 0x08000a8d   Thumb Code    72  stm32f10x_dma.o(.text.DMA_Init)
    DMA_Process_loop                         0x08000ad5   Thumb Code    52  bsp_dma.o(.text.DMA_Process_loop)
    DMA_SetCurrDataCounter                   0x08000b6d   Thumb Code     4  stm32f10x_dma.o(.text.DMA_SetCurrDataCounter)
    DebugMon_Handler                         0x08000b71   Thumb Code     2  stm32f10x_it.o(.text.DebugMon_Handler)
    EXTI0_IRQHandler                         0x08000b75   Thumb Code    72  stm32f10x_it.o(.text.EXTI0_IRQHandler)
    EXTI1_IRQHandler                         0x08000bbd   Thumb Code    70  stm32f10x_it.o(.text.EXTI1_IRQHandler)
    EXTI_ClearITPendingBit                   0x08000c05   Thumb Code    12  stm32f10x_exti.o(.text.EXTI_ClearITPendingBit)
    EXTI_GetITStatus                         0x08000c11   Thumb Code    30  stm32f10x_exti.o(.text.EXTI_GetITStatus)
    EXTI_Init                                0x08000c31   Thumb Code   104  stm32f10x_exti.o(.text.EXTI_Init)
    EXTI_Key_Config                          0x08000c99   Thumb Code   168  bsp_exti.o(.text.EXTI_Key_Config)
    GPIO_EXTILineConfig                      0x08000d41   Thumb Code    46  stm32f10x_gpio.o(.text.GPIO_EXTILineConfig)
    GPIO_Init                                0x08000d71   Thumb Code   192  stm32f10x_gpio.o(.text.GPIO_Init)
    GPIO_ReadInputDataBit                    0x08000e31   Thumb Code    10  stm32f10x_gpio.o(.text.GPIO_ReadInputDataBit)
    GPIO_SetBits                             0x08000e3d   Thumb Code     4  stm32f10x_gpio.o(.text.GPIO_SetBits)
    HardFault_Handler                        0x08000e41   Thumb Code     2  stm32f10x_it.o(.text.HardFault_Handler)
    Key_GPIO_Config                          0x08000e45   Thumb Code    42  bsp_key.o(.text.Key_GPIO_Config)
    Key_Process_Loop                         0x08000e71   Thumb Code    30  bsp_key.o(.text.Key_Process_Loop)
    Key_Scan_Hold                            0x08000e91   Thumb Code    84  bsp_key.o(.text.Key_Scan_Hold)
    LED_GPIO_Config                          0x08000f05   Thumb Code    52  bsp_led.o(.text.LED_GPIO_Config)
    MemManage_Handler                        0x08000f39   Thumb Code     2  stm32f10x_it.o(.text.MemManage_Handler)
    NMI_Handler                              0x08000f3d   Thumb Code     2  stm32f10x_it.o(.text.NMI_Handler)
    NVIC_Init                                0x08000f41   Thumb Code    94  misc.o(.text.NVIC_Init)
    NVIC_PriorityGroupConfig                 0x08000fa1   Thumb Code    20  misc.o(.text.NVIC_PriorityGroupConfig)
    PendSV_Handler                           0x08000fb5   Thumb Code     2  stm32f10x_it.o(.text.PendSV_Handler)
    RCC_AHBPeriphClockCmd                    0x08000fb9   Thumb Code    24  stm32f10x_rcc.o(.text.RCC_AHBPeriphClockCmd)
    RCC_APB2PeriphClockCmd                   0x08000fd1   Thumb Code    24  stm32f10x_rcc.o(.text.RCC_APB2PeriphClockCmd)
    RCC_GetClocksFreq                        0x08000fe9   Thumb Code   140  stm32f10x_rcc.o(.text.RCC_GetClocksFreq)
    SVC_Handler                              0x08001075   Thumb Code     2  stm32f10x_it.o(.text.SVC_Handler)
    SysTick_Handler                          0x08001079   Thumb Code     4  stm32f10x_it.o(.text.SysTick_Handler)
    SysTick_Timer_Demo                       0x0800107d   Thumb Code   142  bsp_systick.o(.text.SysTick_Timer_Demo)
    SysTick_Timer_IRQHandler                 0x0800110d   Thumb Code    92  bsp_systick.o(.text.SysTick_Timer_IRQHandler)
    SysTick_Timer_Main_Loop                  0x08001169   Thumb Code   236  bsp_systick.o(.text.SysTick_Timer_Main_Loop)
    SysTick_Timer_Start                      0x08001255   Thumb Code    32  bsp_systick.o(.text.SysTick_Timer_Start)
    SysTick_Timer_Stop                       0x08001275   Thumb Code    22  bsp_systick.o(.text.SysTick_Timer_Stop)
    SystemInit                               0x0800128d   Thumb Code   272  system_stm32f10x.o(.text.SystemInit)
    USART1_IRQHandler                        0x0800139d   Thumb Code   372  stm32f10x_it.o(.text.USART1_IRQHandler)
    USART_ClearFlag                          0x08001511   Thumb Code     6  stm32f10x_usart.o(.text.USART_ClearFlag)
    USART_Cmd                                0x08001519   Thumb Code    20  stm32f10x_usart.o(.text.USART_Cmd)
    USART_Config                             0x0800152d   Thumb Code   162  bsp_usart.o(.text.USART_Config)
    USART_DMACmd                             0x080015d1   Thumb Code    16  stm32f10x_usart.o(.text.USART_DMACmd)
    USART_GetFlagStatus                      0x080015e1   Thumb Code    10  stm32f10x_usart.o(.text.USART_GetFlagStatus)
    USART_GetITStatus                        0x080015ed   Thumb Code    48  stm32f10x_usart.o(.text.USART_GetITStatus)
    USART_ITConfig                           0x0800161d   Thumb Code    46  stm32f10x_usart.o(.text.USART_ITConfig)
    USART_Init                               0x0800164d   Thumb Code   182  stm32f10x_usart.o(.text.USART_Init)
    USART_Process_Loop                       0x08001705   Thumb Code   292  bsp_usart.o(.text.USART_Process_Loop)
    USART_ReceiveData                        0x080018bd   Thumb Code     8  stm32f10x_usart.o(.text.USART_ReceiveData)
    USART_SendData                           0x080018c5   Thumb Code     8  stm32f10x_usart.o(.text.USART_SendData)
    UsageFault_Handler                       0x080018cd   Thumb Code     2  stm32f10x_it.o(.text.UsageFault_Handler)
    Usart_SendString                         0x080018d1   Thumb Code    50  bsp_usart.o(.text.Usart_SendString)
    fputc                                    0x08001905   Thumb Code    36  bsp_usart.o(.text.fputc)
    main                                     0x08001929   Thumb Code    88  main.o(.text.main)
    __0printf$3                              0x080019bd   Thumb Code    22  printf3.o(i.__0printf$3)
    __1printf$3                              0x080019bd   Thumb Code     0  printf3.o(i.__0printf$3)
    __2printf                                0x080019bd   Thumb Code     0  printf3.o(i.__0printf$3)
    __0sprintf$3                             0x080019dd   Thumb Code    34  printf3.o(i.__0sprintf$3)
    __1sprintf$3                             0x080019dd   Thumb Code     0  printf3.o(i.__0sprintf$3)
    __2sprintf                               0x080019dd   Thumb Code     0  printf3.o(i.__0sprintf$3)
    __scatterload_copy                       0x08001a05   Thumb Code    14  handlers.o(i.__scatterload_copy)
    __scatterload_null                       0x08001a13   Thumb Code     2  handlers.o(i.__scatterload_null)
    __scatterload_zeroinit                   0x08001a15   Thumb Code    14  handlers.o(i.__scatterload_zeroinit)
    putchar                                  0x08001be9   Thumb Code     6  putchar.o(i.putchar)
    puts                                     0x08001bf5   Thumb Code    30  puts.o(i.puts)
    __ctype_categories                       0x08001c18   Data          64  ctype_c.o(.constdata)
    Src_FLASH_Buffer                         0x08001c6c   Data         128  bsp_dma.o(.rodata.Src_FLASH_Buffer)
    Region$$Table$$Base                      0x08001fb4   Number         0  anon$$obj.o(Region$$Table)
    Region$$Table$$Limit                     0x08001fd4   Number         0  anon$$obj.o(Region$$Table)
    __stdout                                 0x20000000   Data           4  stdout.o(.data)
    SystemCoreClock                          0x20000004   Data           4  system_stm32f10x.o(.data.SystemCoreClock)
    CmdReceived                              0x20000008   Data           1  bsp_usart.o(.bss.CmdReceived)
    CmdReset                                 0x20000009   Data           1  bsp_usart.o(.bss.CmdReset)
    Dst_SRAM_Buffer                          0x2000000c   Data         128  bsp_dma.o(.bss.Dst_SRAM_Buffer)
    Dst_SRAM_Rx_Buffer                       0x2000008c   Data         500  bsp_dma.o(.bss.Dst_SRAM_Rx_Buffer)
    RxBuffer                                 0x20000280   Data          50  bsp_usart.o(.bss.RxBuffer)
    RxIndex                                  0x200002b2   Data           1  bsp_usart.o(.bss.RxIndex)
    Src_SRAM_Tx_Buffer                       0x200002b3   Data         500  bsp_dma.o(.bss.Src_SRAM_Tx_Buffer)
    SysTick_Timer_List                       0x200004a8   Data          80  bsp_systick.o(.bss.SysTick_Timer_List)
    main_loop_counter                        0x200004f8   Data           1  bsp_systick.o(.bss.main_loop_counter)
    main_loop_memory                         0x200004f9   Data           1  bsp_systick.o(.bss.main_loop_memory)
    __initial_sp                             0x20000900   Data           0  startup_stm32f10x_md.o(STACK)



==============================================================================

Memory Map of the image

  Image Entry point : 0x080000ed

  Load Region LR_IROM1 (Base: 0x08000000, Size: 0x00001fe0, Max: 0x00010000, ABSOLUTE)

    Execution Region ER_IROM1 (Exec base: 0x08000000, Load base: 0x08000000, Size: 0x00001fd4, Max: 0x00010000, ABSOLUTE)

    Exec Addr    Load Addr    Size         Type   Attr      Idx    E Section Name        Object

    0x08000000   0x08000000   0x000000ec   Data   RO            3    RESET               startup_stm32f10x_md.o
    0x080000ec   0x080000ec   0x00000000   Code   RO         1335  * .ARM.Collect$$$$00000000  mc_w.l(entry.o)
    0x080000ec   0x080000ec   0x00000004   Code   RO         1613    .ARM.Collect$$$$00000001  mc_w.l(entry2.o)
    0x080000f0   0x080000f0   0x00000004   Code   RO         1616    .ARM.Collect$$$$00000004  mc_w.l(entry5.o)
    0x080000f4   0x080000f4   0x00000000   Code   RO         1618    .ARM.Collect$$$$00000008  mc_w.l(entry7b.o)
    0x080000f4   0x080000f4   0x00000000   Code   RO         1620    .ARM.Collect$$$$0000000A  mc_w.l(entry8b.o)
    0x080000f4   0x080000f4   0x00000008   Code   RO         1621    .ARM.Collect$$$$0000000B  mc_w.l(entry9a.o)
    0x080000fc   0x080000fc   0x00000000   Code   RO         1623    .ARM.Collect$$$$0000000D  mc_w.l(entry10a.o)
    0x080000fc   0x080000fc   0x00000000   Code   RO         1625    .ARM.Collect$$$$0000000F  mc_w.l(entry11a.o)
    0x080000fc   0x080000fc   0x00000004   Code   RO         1614    .ARM.Collect$$$$00002712  mc_w.l(entry2.o)
    0x08000100   0x08000100   0x00000024   Code   RO            4    .text               startup_stm32f10x_md.o
    0x08000124   0x08000124   0x00000024   Code   RO         1344    .text               mc_w.l(memseta.o)
    0x08000148   0x08000148   0x0000001a   Code   RO         1346    .text               mc_w.l(memcmp.o)
    0x08000162   0x08000162   0x00000002   PAD
    0x08000164   0x08000164   0x00000038   Code   RO         1609    .text               mc_w.l(__0sscanf.o)
    0x0800019c   0x0800019c   0x0000014c   Code   RO         1611    .text               mc_w.l(_scanf_int.o)
    0x080002e8   0x080002e8   0x0000002c   Code   RO         1637    .text               mc_w.l(uidiv.o)
    0x08000314   0x08000314   0x0000001c   Code   RO         1641    .text               mc_w.l(_chval.o)
    0x08000330   0x08000330   0x00000028   Code   RO         1643    .text               mc_w.l(scanf_char.o)
    0x08000358   0x08000358   0x00000040   Code   RO         1645    .text               mc_w.l(_sgetc.o)
    0x08000398   0x08000398   0x00000030   Code   RO         1658    .text               mc_w.l(init.o)
    0x080003c8   0x080003c8   0x0000000a   Code   RO         1666    .text               mc_w.l(isspace_c.o)
    0x080003d2   0x080003d2   0x00000002   PAD
    0x080003d4   0x080003d4   0x0000032c   Code   RO         1668    .text               mc_w.l(_scanf.o)
    0x08000700   0x08000700   0x00000028   Code   RO         1672    .text               mc_w.l(ctype_c.o)
    0x08000728   0x08000728   0x00000022   Code   RO         1193    .text.Block_Delay_ms  bsp_led.o
    0x0800074a   0x0800074a   0x00000002   PAD
    0x0800074c   0x0800074c   0x00000002   Code   RO         1162    .text.BusFault_Handler  stm32f10x_it.o
    0x0800074e   0x0800074e   0x00000002   PAD
    0x08000750   0x08000750   0x00000068   Code   RO         1180    .text.DMA1_Channel5_IRQHandler  stm32f10x_it.o
    0x080007b8   0x080007b8   0x00000010   Code   RO          329    .text.DMA_ClearFlag  stm32f10x_dma.o
    0x080007c8   0x080007c8   0x00000010   Code   RO          333    .text.DMA_ClearITPendingBit  stm32f10x_dma.o
    0x080007d8   0x080007d8   0x00000016   Code   RO          319    .text.DMA_Cmd       stm32f10x_dma.o
    0x080007ee   0x080007ee   0x00000002   PAD
    0x080007f0   0x080007f0   0x0000008c   Code   RO         1319    .text.DMA_Demo      bsp_dma.o
    0x0800087c   0x0800087c   0x00000134   Code   RO         1305    .text.DMA_Demo_FLASH_2_SRAM  bsp_dma.o
    0x080009b0   0x080009b0   0x00000092   Code   RO         1317    .text.DMA_Demo_USART_2_SRAM  bsp_dma.o
    0x08000a42   0x08000a42   0x00000002   PAD
    0x08000a44   0x08000a44   0x00000006   Code   RO          325    .text.DMA_GetCurrDataCounter  stm32f10x_dma.o
    0x08000a4a   0x08000a4a   0x00000002   PAD
    0x08000a4c   0x08000a4c   0x00000016   Code   RO          327    .text.DMA_GetFlagStatus  stm32f10x_dma.o
    0x08000a62   0x08000a62   0x00000002   PAD
    0x08000a64   0x08000a64   0x00000016   Code   RO          331    .text.DMA_GetITStatus  stm32f10x_dma.o
    0x08000a7a   0x08000a7a   0x00000002   PAD
    0x08000a7c   0x08000a7c   0x00000010   Code   RO          321    .text.DMA_ITConfig  stm32f10x_dma.o
    0x08000a8c   0x08000a8c   0x00000048   Code   RO          315    .text.DMA_Init      stm32f10x_dma.o
    0x08000ad4   0x08000ad4   0x00000098   Code   RO         1321    .text.DMA_Process_loop  bsp_dma.o
    0x08000b6c   0x08000b6c   0x00000004   Code   RO          323    .text.DMA_SetCurrDataCounter  stm32f10x_dma.o
    0x08000b70   0x08000b70   0x00000002   Code   RO         1168    .text.DebugMon_Handler  stm32f10x_it.o
    0x08000b72   0x08000b72   0x00000002   PAD
    0x08000b74   0x08000b74   0x00000048   Code   RO         1174    .text.EXTI0_IRQHandler  stm32f10x_it.o
    0x08000bbc   0x08000bbc   0x00000046   Code   RO         1176    .text.EXTI1_IRQHandler  stm32f10x_it.o
    0x08000c02   0x08000c02   0x00000002   PAD
    0x08000c04   0x08000c04   0x0000000c   Code   RO          357    .text.EXTI_ClearITPendingBit  stm32f10x_exti.o
    0x08000c10   0x08000c10   0x0000001e   Code   RO          355    .text.EXTI_GetITStatus  stm32f10x_exti.o
    0x08000c2e   0x08000c2e   0x00000002   PAD
    0x08000c30   0x08000c30   0x00000068   Code   RO          345    .text.EXTI_Init     stm32f10x_exti.o
    0x08000c98   0x08000c98   0x000000a8   Code   RO         1242    .text.EXTI_Key_Config  bsp_exti.o
    0x08000d40   0x08000d40   0x0000002e   Code   RO          509    .text.GPIO_EXTILineConfig  stm32f10x_gpio.o
    0x08000d6e   0x08000d6e   0x00000002   PAD
    0x08000d70   0x08000d70   0x000000c0   Code   RO          481    .text.GPIO_Init     stm32f10x_gpio.o
    0x08000e30   0x08000e30   0x0000000a   Code   RO          485    .text.GPIO_ReadInputDataBit  stm32f10x_gpio.o
    0x08000e3a   0x08000e3a   0x00000002   PAD
    0x08000e3c   0x08000e3c   0x00000004   Code   RO          493    .text.GPIO_SetBits  stm32f10x_gpio.o
    0x08000e40   0x08000e40   0x00000002   Code   RO         1158    .text.HardFault_Handler  stm32f10x_it.o
    0x08000e42   0x08000e42   0x00000002   PAD
    0x08000e44   0x08000e44   0x0000002a   Code   RO         1205    .text.Key_GPIO_Config  bsp_key.o
    0x08000e6e   0x08000e6e   0x00000002   PAD
    0x08000e70   0x08000e70   0x0000001e   Code   RO         1215    .text.Key_Process_Loop  bsp_key.o
    0x08000e8e   0x08000e8e   0x00000002   PAD
    0x08000e90   0x08000e90   0x00000074   Code   RO         1209    .text.Key_Scan_Hold  bsp_key.o
    0x08000f04   0x08000f04   0x00000034   Code   RO         1191    .text.LED_GPIO_Config  bsp_led.o
    0x08000f38   0x08000f38   0x00000002   Code   RO         1160    .text.MemManage_Handler  stm32f10x_it.o
    0x08000f3a   0x08000f3a   0x00000002   PAD
    0x08000f3c   0x08000f3c   0x00000002   Code   RO         1156    .text.NMI_Handler   stm32f10x_it.o
    0x08000f3e   0x08000f3e   0x00000002   PAD
    0x08000f40   0x08000f40   0x0000005e   Code   RO           27    .text.NVIC_Init     misc.o
    0x08000f9e   0x08000f9e   0x00000002   PAD
    0x08000fa0   0x08000fa0   0x00000014   Code   RO           25    .text.NVIC_PriorityGroupConfig  misc.o
    0x08000fb4   0x08000fb4   0x00000002   Code   RO         1170    .text.PendSV_Handler  stm32f10x_it.o
    0x08000fb6   0x08000fb6   0x00000002   PAD
    0x08000fb8   0x08000fb8   0x00000018   Code   RO          684    .text.RCC_AHBPeriphClockCmd  stm32f10x_rcc.o
    0x08000fd0   0x08000fd0   0x00000018   Code   RO          686    .text.RCC_APB2PeriphClockCmd  stm32f10x_rcc.o
    0x08000fe8   0x08000fe8   0x0000008c   Code   RO          682    .text.RCC_GetClocksFreq  stm32f10x_rcc.o
    0x08001074   0x08001074   0x00000002   Code   RO         1166    .text.SVC_Handler   stm32f10x_it.o
    0x08001076   0x08001076   0x00000002   PAD
    0x08001078   0x08001078   0x00000004   Code   RO         1172    .text.SysTick_Handler  stm32f10x_it.o
    0x0800107c   0x0800107c   0x0000008e   Code   RO         1256    .text.SysTick_Timer_Demo  bsp_systick.o
    0x0800110a   0x0800110a   0x00000002   PAD
    0x0800110c   0x0800110c   0x0000005c   Code   RO         1262    .text.SysTick_Timer_IRQHandler  bsp_systick.o
    0x08001168   0x08001168   0x000000ec   Code   RO         1258    .text.SysTick_Timer_Main_Loop  bsp_systick.o
    0x08001254   0x08001254   0x00000020   Code   RO         1250    .text.SysTick_Timer_Start  bsp_systick.o
    0x08001274   0x08001274   0x00000016   Code   RO         1252    .text.SysTick_Timer_Stop  bsp_systick.o
    0x0800128a   0x0800128a   0x00000002   PAD
    0x0800128c   0x0800128c   0x00000110   Code   RO           11    .text.SystemInit    system_stm32f10x.o
    0x0800139c   0x0800139c   0x00000174   Code   RO         1178    .text.USART1_IRQHandler  stm32f10x_it.o
    0x08001510   0x08001510   0x00000006   Code   RO         1108    .text.USART_ClearFlag  stm32f10x_usart.o
    0x08001516   0x08001516   0x00000002   PAD
    0x08001518   0x08001518   0x00000014   Code   RO         1066    .text.USART_Cmd     stm32f10x_usart.o
    0x0800152c   0x0800152c   0x000000a2   Code   RO         1276    .text.USART_Config  bsp_usart.o
    0x080015ce   0x080015ce   0x00000002   PAD
    0x080015d0   0x080015d0   0x00000010   Code   RO         1070    .text.USART_DMACmd  stm32f10x_usart.o
    0x080015e0   0x080015e0   0x0000000a   Code   RO         1106    .text.USART_GetFlagStatus  stm32f10x_usart.o
    0x080015ea   0x080015ea   0x00000002   PAD
    0x080015ec   0x080015ec   0x00000030   Code   RO         1110    .text.USART_GetITStatus  stm32f10x_usart.o
    0x0800161c   0x0800161c   0x0000002e   Code   RO         1068    .text.USART_ITConfig  stm32f10x_usart.o
    0x0800164a   0x0800164a   0x00000002   PAD
    0x0800164c   0x0800164c   0x000000b6   Code   RO         1058    .text.USART_Init    stm32f10x_usart.o
    0x08001702   0x08001702   0x00000002   PAD
    0x08001704   0x08001704   0x000001b8   Code   RO         1290    .text.USART_Process_Loop  bsp_usart.o
    0x080018bc   0x080018bc   0x00000008   Code   RO         1084    .text.USART_ReceiveData  stm32f10x_usart.o
    0x080018c4   0x080018c4   0x00000008   Code   RO         1082    .text.USART_SendData  stm32f10x_usart.o
    0x080018cc   0x080018cc   0x00000002   Code   RO         1164    .text.UsageFault_Handler  stm32f10x_it.o
    0x080018ce   0x080018ce   0x00000002   PAD
    0x080018d0   0x080018d0   0x00000032   Code   RO         1282    .text.Usart_SendString  bsp_usart.o
    0x08001902   0x08001902   0x00000002   PAD
    0x08001904   0x08001904   0x00000024   Code   RO         1286    .text.fputc         bsp_usart.o
    0x08001928   0x08001928   0x00000094   Code   RO         1146    .text.main          main.o
    0x080019bc   0x080019bc   0x00000020   Code   RO         1437    i.__0printf$3       mc_w.l(printf3.o)
    0x080019dc   0x080019dc   0x00000028   Code   RO         1439    i.__0sprintf$3      mc_w.l(printf3.o)
    0x08001a04   0x08001a04   0x0000000e   Code   RO         1677    i.__scatterload_copy  mc_w.l(handlers.o)
    0x08001a12   0x08001a12   0x00000002   Code   RO         1678    i.__scatterload_null  mc_w.l(handlers.o)
    0x08001a14   0x08001a14   0x0000000e   Code   RO         1679    i.__scatterload_zeroinit  mc_w.l(handlers.o)
    0x08001a22   0x08001a22   0x00000002   PAD
    0x08001a24   0x08001a24   0x000001b8   Code   RO         1444    i._printf_core      mc_w.l(printf3.o)
    0x08001bdc   0x08001bdc   0x0000000a   Code   RO         1446    i._sputc            mc_w.l(printf3.o)
    0x08001be6   0x08001be6   0x00000002   PAD
    0x08001be8   0x08001be8   0x0000000c   Code   RO         1340    i.putchar           mc_w.l(putchar.o)
    0x08001bf4   0x08001bf4   0x00000024   Code   RO         1338    i.puts              mc_w.l(puts.o)
    0x08001c18   0x08001c18   0x00000040   Data   RO         1673    .constdata          mc_w.l(ctype_c.o)
    0x08001c58   0x08001c58   0x00000004   Data   RO          707    .rodata.ADCPrescTable  stm32f10x_rcc.o
    0x08001c5c   0x08001c5c   0x00000010   Data   RO          706    .rodata.APBAHBPrescTable  stm32f10x_rcc.o
    0x08001c6c   0x08001c6c   0x00000080   Data   RO         1323    .rodata.Src_FLASH_Buffer  bsp_dma.o
    0x08001cec   0x08001cec   0x000000dd   Data   RO         1148    .rodata.str1.1      main.o
    0x08001dc9   0x08001dc9   0x0000007f   Data   RO         1182    .rodata.str1.1      stm32f10x_it.o
    0x08001e48   0x08001e48   0x0000001b   Data   RO         1267    .rodata.str1.1      bsp_systick.o
    0x08001e63   0x08001e63   0x000000b6   Data   RO         1296    .rodata.str1.1      bsp_usart.o
    0x08001f19   0x08001f19   0x0000009b   Data   RO         1326    .rodata.str1.1      bsp_dma.o
    0x08001fb4   0x08001fb4   0x00000020   Data   RO         1676    Region$$Table       anon$$obj.o


    Execution Region RW_IRAM1 (Exec base: 0x20000000, Load base: 0x08001fd8, Size: 0x00000900, Max: 0x00005000, ABSOLUTE)

    Exec Addr    Load Addr    Size         Type   Attr      Idx    E Section Name        Object

    0x20000000   0x08001fd8   0x00000004   Data   RW         1627    .data               mc_w.l(stdout.o)
    0x20000004   0x08001fdc   0x00000004   Data   RW           15    .data.SystemCoreClock  system_stm32f10x.o
    0x20000008        -       0x00000001   Zero   RW         1293    .bss.CmdReceived    bsp_usart.o
    0x20000009        -       0x00000001   Zero   RW         1294    .bss.CmdReset       bsp_usart.o
    0x2000000a   0x08001fe0   0x00000002   PAD
    0x2000000c        -       0x00000080   Zero   RW         1324    .bss.Dst_SRAM_Buffer  bsp_dma.o
    0x2000008c        -       0x000001f4   Zero   RW         1327    .bss.Dst_SRAM_Rx_Buffer  bsp_dma.o
    0x20000280        -       0x00000032   Zero   RW         1295    .bss.RxBuffer       bsp_usart.o
    0x200002b2        -       0x00000001   Zero   RW         1292    .bss.RxIndex        bsp_usart.o
    0x200002b3        -       0x000001f4   Zero   RW         1325    .bss.Src_SRAM_Tx_Buffer  bsp_dma.o
    0x200004a7   0x08001fe0   0x00000001   PAD
    0x200004a8        -       0x00000050   Zero   RW         1266    .bss.SysTick_Timer_List  bsp_systick.o
    0x200004f8        -       0x00000001   Zero   RW         1264    .bss.main_loop_counter  bsp_systick.o
    0x200004f9        -       0x00000001   Zero   RW         1265    .bss.main_loop_memory  bsp_systick.o
    0x200004fa   0x08001fe0   0x00000006   PAD
    0x20000500        -       0x00000400   Zero   RW            1    STACK               startup_stm32f10x_md.o


==============================================================================

Image component sizes


      Code (inc. data)   RO Data    RW Data    ZI Data      Debug   Object Name

       746        196        283          0       1128       6351   bsp_dma.o
       168          0          0          0          0       3393   bsp_exti.o
       188         32          0          0          0       2913   bsp_key.o
        86          0          0          0          0       2138   bsp_led.o
       524          0         27          0         82       5986   bsp_systick.o
       688        148        182          0         53       6697   bsp_usart.o
       148         60        221          0          0        621   main.o
       114          0          0          0          0       3362   misc.o
        36          8        236          0       1024        908   startup_stm32f10x_md.o
       196          0          0          0          0       4049   stm32f10x_dma.o
       146          0          0          0          0       2942   stm32f10x_exti.o
       252          0          0          0          0       6069   stm32f10x_gpio.o
       638          0        127          0          0       3932   stm32f10x_it.o
       188          0         20          0          0       8423   stm32f10x_rcc.o
       344          0          0          0          0       8797   stm32f10x_usart.o
       272          0          0          4          0       2646   system_stm32f10x.o

    ----------------------------------------------------------------------
      4792        444       1128          4       2296      69227   Object Totals
         0          0         32          0          0          0   (incl. Generated)
        58          0          0          0          9          0   (incl. Padding)

    ----------------------------------------------------------------------

      Code (inc. data)   RO Data    RW Data    ZI Data      Debug   Library Member Name

        56          8          0          0          0         84   __0sscanf.o
        28          0          0          0          0         68   _chval.o
       812          4          0          0          0        112   _scanf.o
       332          0          0          0          0         96   _scanf_int.o
        64          0          0          0          0         84   _sgetc.o
        40          6         64          0          0         68   ctype_c.o
         0          0          0          0          0          0   entry.o
         0          0          0          0          0          0   entry10a.o
         0          0          0          0          0          0   entry11a.o
         8          4          0          0          0          0   entry2.o
         4          0          0          0          0          0   entry5.o
         0          0          0          0          0          0   entry7b.o
         0          0          0          0          0          0   entry8b.o
         8          4          0          0          0          0   entry9a.o
        30          0          0          0          0          0   handlers.o
        48         10          0          0          0         68   init.o
        10          0          0          0          0         68   isspace_c.o
        26          0          0          0          0         80   memcmp.o
        36          0          0          0          0        108   memseta.o
       522         20          0          0          0        336   printf3.o
        12          6          0          0          0         68   putchar.o
        36          6          0          0          0         80   puts.o
        40          8          0          0          0         84   scanf_char.o
         0          0          0          4          0          0   stdout.o
        44          0          0          0          0         80   uidiv.o

    ----------------------------------------------------------------------
      2164         76         64          4          0       1484   Library Totals
         8          0          0          0          0          0   (incl. Padding)

    ----------------------------------------------------------------------

      Code (inc. data)   RO Data    RW Data    ZI Data      Debug   Library Name

      2156         76         64          4          0       1484   mc_w.l

    ----------------------------------------------------------------------
      2164         76         64          4          0       1484   Library Totals

    ----------------------------------------------------------------------

==============================================================================


      Code (inc. data)   RO Data    RW Data    ZI Data      Debug   

      6956        520       1192          8       2296      69855   Grand Totals
      6956        520       1192          8       2296      69855   ELF Image Totals
      6956        520       1192          8          0          0   ROM Totals

==============================================================================

    Total RO  Size (Code + RO Data)                 8148 (   7.96kB)
    Total RW  Size (RW Data + ZI Data)              2304 (   2.25kB)
    Total ROM Size (Code + RO Data + RW Data)       8156 (   7.96kB)

==============================================================================

