<html>
<body>
<pre>
<h1>µVision Build Log</h1>
<h2>Tool Versions:</h2>
IDE-Version: ¦ÌVision V5.39.0.0
Copyright (C) 2023 ARM Ltd and ARM Germany GmbH. All rights reserved.
License Information: 1 1, 1, LIC=PE7DL-0JDX4-SBDEJ-UY999-FV8YI-7715M
 
Tool Versions:
Toolchain:       MDK-ARM Plus  Version: 5.39.0.0
Toolchain Path:  D:\Program_Files\Keil_ARM\ARM\ARMCLANG\Bin
C Compiler:      ArmClang.exe V6.21
Assembler:       Armasm.exe V6.21
Linker/Locator:  ArmLink.exe V6.21
Library Manager: ArmAr.exe V6.21
Hex Converter:   FromElf.exe V6.21
CPU DLL:         SARMCM3.DLL V5.39.0.0
Dialog DLL:      DCM.DLL V1.17.5.0
Target DLL:      STLink\ST-LINKIII-KEIL_SWO.dll V3.2.0.0
Dialog DLL:      TCM.DLL V1.56.4.0
 
<h2>Project:</h2>
D:\Data_Files\Keil_Projects\STM32F103C8T6\yehuo_register_demo\reg_led_demo\reg_led_demo.uvprojx
Project File Date:  01/02/2024

<h2>Output:</h2>
*** Using Compiler 'V6.21', folder: 'D:\Program_Files\Keil_ARM\ARM\ARMCLANG\Bin'
Rebuild target 'Target 1'
main.c(3): warning: In file included from...
./stm32f103c8t6.h(90): warning: no newline at end of file [-Wnewline-eof]
   90 | #endif /* __STM32F10X_H */
      |                           ^
main.c(7): warning: no previous prototype for function 'delay_ms' [-Wmissing-prototypes]
    7 | void delay_ms(uint32_t count)
      |      ^
main.c(7): note: declare 'static' if the function is not intended to be used outside of this translation unit
    7 | void delay_ms(uint32_t count)
      | ^
      | static 
main.c(23): warning: implicit conversion changes signedness: 'int' to 'unsigned int' [-Wsign-conversion]
   23 |         *(unsigned int*)0x40011004 &= ~( 0x0F << (4*(13-8)));   
      |                                    ~~ ^~~~~~~~~~~~~~~~~~~~~~
main.c(28): warning: implicit conversion changes signedness: 'int' to 'unsigned int' [-Wsign-conversion]
   28 |         *(unsigned int*)0x4001100C &= ~(1<<13);
      |                                    ~~ ^~~~~~~~
main.c(36): warning: implicit conversion changes signedness: 'int' to 'unsigned int' [-Wsign-conversion]
   36 |                 *(unsigned int*)0x4001100C &= ~(1<<13);
      |                                            ~~ ^~~~~~~~
main.c(145): warning: no previous prototype for function 'SystemInit' [-Wmissing-prototypes]
  145 | void SystemInit(void)
      |      ^
main.c(145): note: declare 'static' if the function is not intended to be used outside of this translation unit
  145 | void SystemInit(void)
      | ^
      | static 
6 warnings generated.
compiling main.c...
stm32f10x_gpio.c(1): warning: In file included from...
./stm32f10x_gpio.h(4): warning: In file included from...
./stm32f103c8t6.h(90): warning: no newline at end of file [-Wnewline-eof]
   90 | #endif /* __STM32F10X_H */
      |                           ^
1 warning generated.
compiling stm32f10x_gpio.c...
assembling startup_stm32f10x_md.s...
linking...
Program Size: Code=288 RO-data=252 RW-data=0 ZI-data=1024  
FromELF: creating hex file...
".\Objects\reg_led_demo.axf" - 0 Error(s), 7 Warning(s).

<h2>Software Packages used:</h2>

Package Vendor: Keil
                https://www.keil.com/pack/Keil.STM32F1xx_DFP.2.4.1.pack
                Keil::STM32F1xx_DFP@2.4.1
                STMicroelectronics STM32F1 Series Device Support, Drivers and Examples

<h2>Collection of Component include folders:</h2>
  D:/Program_Files/Keil_ARM/Packs/Keil/STM32F1xx_DFP/2.4.1/Device/Include

<h2>Collection of Component Files used:</h2>
Build Time Elapsed:  00:00:01
</pre>
</body>
</html>
